{"op_code":0,"worker_id":"5ebb97d7-fd8b-4b7c-a475-c524c107d87c-8325439104","study_name":"QUEST_Multi_Objective_4x4","directions":[2,1]}
{"op_code":4,"worker_id":"5ebb97d7-fd8b-4b7c-a475-c524c107d87c-6152810496","study_id":0,"datetime_start":"2026-06-27T20:11:23.974228"}
{"op_code":4,"worker_id":"5ebb97d7-fd8b-4b7c-a475-c524c107d87c-6337900544","study_id":0,"datetime_start":"2026-06-27T20:11:23.981121"}
{"op_code":4,"worker_id":"5ebb97d7-fd8b-4b7c-a475-c524c107d87c-6186463232","study_id":0,"datetime_start":"2026-06-27T20:11:23.980851"}
{"op_code":4,"worker_id":"5ebb97d7-fd8b-4b7c-a475-c524c107d87c-6203289600","study_id":0,"datetime_start":"2026-06-27T20:11:23.980897"}
{"op_code":4,"worker_id":"5ebb97d7-fd8b-4b7c-a475-c524c107d87c-6220115968","study_id":0,"datetime_start":"2026-06-27T20:11:23.980926"}
{"op_code":4,"worker_id":"5ebb97d7-fd8b-4b7c-a475-c524c107d87c-6236942336","study_id":0,"datetime_start":"2026-06-27T20:11:23.980950"}
{"op_code":4,"worker_id":"5ebb97d7-fd8b-4b7c-a475-c524c107d87c-6253768704","study_id":0,"datetime_start":"2026-06-27T20:11:23.980978"}
{"op_code":4,"worker_id":"5ebb97d7-fd8b-4b7c-a475-c524c107d87c-6270595072","study_id":0,"datetime_start":"2026-06-27T20:11:23.981005"}
{"op_code":4,"worker_id":"5ebb97d7-fd8b-4b7c-a475-c524c107d87c-6287421440","study_id":0,"datetime_start":"2026-06-27T20:11:23.981029"}
{"op_code":4,"worker_id":"5ebb97d7-fd8b-4b7c-a475-c524c107d87c-6304247808","study_id":0,"datetime_start":"2026-06-27T20:11:23.981055"}
{"op_code":4,"worker_id":"5ebb97d7-fd8b-4b7c-a475-c524c107d87c-6169636864","study_id":0,"datetime_start":"2026-06-27T20:11:23.981078"}
{"op_code":4,"worker_id":"5ebb97d7-fd8b-4b7c-a475-c524c107d87c-6321074176","study_id":0,"datetime_start":"2026-06-27T20:11:23.981101"}
{"op_code":5,"worker_id":"5ebb97d7-fd8b-4b7c-a475-c524c107d87c-6169636864","trial_id":10,"param_name":"exploration_constant_c","param_value_internal":0.9220300799912187,"distribution":"{\"name\": \"FloatDistribution\", \"attributes\": {\"step\": null, \"low\": 0.01, \"high\": 1.0, \"log\": true}}"}
{"op_code":5,"worker_id":"5ebb97d7-fd8b-4b7c-a475-c524c107d87c-6152810496","trial_id":0,"param_name":"exploration_constant_c","param_value_internal":0.06423493179236399,"distribution":"{\"name\": \"FloatDistribution\", \"attributes\": {\"step\": null, \"low\": 0.01, \"high\": 1.0, \"log\": true}}"}
{"op_code":5,"worker_id":"5ebb97d7-fd8b-4b7c-a475-c524c107d87c-6337900544","trial_id":1,"param_name":"exploration_constant_c","param_value_internal":0.6972259236789072,"distribution":"{\"name\": \"FloatDistribution\", \"attributes\": {\"step\": null, \"low\": 0.01, \"high\": 1.0, \"log\": true}}"}
{"op_code":5,"worker_id":"5ebb97d7-fd8b-4b7c-a475-c524c107d87c-6186463232","trial_id":2,"param_name":"exploration_constant_c","param_value_internal":0.6170911779790933,"distribution":"{\"name\": \"FloatDistribution\", \"attributes\": {\"step\": null, \"low\": 0.01, \"high\": 1.0, \"log\": true}}"}
{"op_code":5,"worker_id":"5ebb97d7-fd8b-4b7c-a475-c524c107d87c-6203289600","trial_id":3,"param_name":"exploration_constant_c","param_value_internal":0.3249515409058562,"distribution":"{\"name\": \"FloatDistribution\", \"attributes\": {\"step\": null, \"low\": 0.01, \"high\": 1.0, \"log\": true}}"}
{"op_code":5,"worker_id":"5ebb97d7-fd8b-4b7c-a475-c524c107d87c-6220115968","trial_id":4,"param_name":"exploration_constant_c","param_value_internal":0.01787061550818044,"distribution":"{\"name\": \"FloatDistribution\", \"attributes\": {\"step\": null, \"low\": 0.01, \"high\": 1.0, \"log\": true}}"}
{"op_code":5,"worker_id":"5ebb97d7-fd8b-4b7c-a475-c524c107d87c-6236942336","trial_id":5,"param_name":"exploration_constant_c","param_value_internal":0.6970831170588876,"distribution":"{\"name\": \"FloatDistribution\", \"attributes\": {\"step\": null, \"low\": 0.01, \"high\": 1.0, \"log\": true}}"}
{"op_code":5,"worker_id":"5ebb97d7-fd8b-4b7c-a475-c524c107d87c-6253768704","trial_id":6,"param_name":"exploration_constant_c","param_value_internal":0.20074092340872357,"distribution":"{\"name\": \"FloatDistribution\", \"attributes\": {\"step\": null, \"low\": 0.01, \"high\": 1.0, \"log\": true}}"}
{"op_code":5,"worker_id":"5ebb97d7-fd8b-4b7c-a475-c524c107d87c-6270595072","trial_id":7,"param_name":"exploration_constant_c","param_value_internal":0.011967622751182686,"distribution":"{\"name\": \"FloatDistribution\", \"attributes\": {\"step\": null, \"low\": 0.01, \"high\": 1.0, \"log\": true}}"}
{"op_code":5,"worker_id":"5ebb97d7-fd8b-4b7c-a475-c524c107d87c-6287421440","trial_id":8,"param_name":"exploration_constant_c","param_value_internal":0.024504000407602113,"distribution":"{\"name\": \"FloatDistribution\", \"attributes\": {\"step\": null, \"low\": 0.01, \"high\": 1.0, \"log\": true}}"}
{"op_code":5,"worker_id":"5ebb97d7-fd8b-4b7c-a475-c524c107d87c-6304247808","trial_id":9,"param_name":"exploration_constant_c","param_value_internal":0.2446045675786138,"distribution":"{\"name\": \"FloatDistribution\", \"attributes\": {\"step\": null, \"low\": 0.01, \"high\": 1.0, \"log\": true}}"}
{"op_code":5,"worker_id":"5ebb97d7-fd8b-4b7c-a475-c524c107d87c-6169636864","trial_id":10,"param_name":"discount_rate","param_value_internal":0.9962003863875284,"distribution":"{\"name\": \"FloatDistribution\", \"attributes\": {\"step\": null, \"low\": 0.9, \"high\": 0.999, \"log\": false}}"}
{"op_code":5,"worker_id":"5ebb97d7-fd8b-4b7c-a475-c524c107d87c-6152810496","trial_id":0,"param_name":"discount_rate","param_value_internal":0.9678886343403735,"distribution":"{\"name\": \"FloatDistribution\", \"attributes\": {\"step\": null, \"low\": 0.9, \"high\": 0.999, \"log\": false}}"}
{"op_code":5,"worker_id":"5ebb97d7-fd8b-4b7c-a475-c524c107d87c-6337900544","trial_id":1,"param_name":"discount_rate","param_value_internal":0.900672074210671,"distribution":"{\"name\": \"FloatDistribution\", \"attributes\": {\"step\": null, \"low\": 0.9, \"high\": 0.999, \"log\": false}}"}
{"op_code":5,"worker_id":"5ebb97d7-fd8b-4b7c-a475-c524c107d87c-6186463232","trial_id":2,"param_name":"discount_rate","param_value_internal":0.9379698556566158,"distribution":"{\"name\": \"FloatDistribution\", \"attributes\": {\"step\": null, \"low\": 0.9, \"high\": 0.999, \"log\": false}}"}
{"op_code":5,"worker_id":"5ebb97d7-fd8b-4b7c-a475-c524c107d87c-6203289600","trial_id":3,"param_name":"discount_rate","param_value_internal":0.9712504767431314,"distribution":"{\"name\": \"FloatDistribution\", \"attributes\": {\"step\": null, \"low\": 0.9, \"high\": 0.999, \"log\": false}}"}
{"op_code":5,"worker_id":"5ebb97d7-fd8b-4b7c-a475-c524c107d87c-6220115968","trial_id":4,"param_name":"discount_rate","param_value_internal":0.9217324936462692,"distribution":"{\"name\": \"FloatDistribution\", \"attributes\": {\"step\": null, \"low\": 0.9, \"high\": 0.999, \"log\": false}}"}
{"op_code":5,"worker_id":"5ebb97d7-fd8b-4b7c-a475-c524c107d87c-6236942336","trial_id":5,"param_name":"discount_rate","param_value_internal":0.9121971817149698,"distribution":"{\"name\": \"FloatDistribution\", \"attributes\": {\"step\": null, \"low\": 0.9, \"high\": 0.999, \"log\": false}}"}
{"op_code":5,"worker_id":"5ebb97d7-fd8b-4b7c-a475-c524c107d87c-6253768704","trial_id":6,"param_name":"discount_rate","param_value_internal":0.9438986815031761,"distribution":"{\"name\": \"FloatDistribution\", \"attributes\": {\"step\": null, \"low\": 0.9, \"high\": 0.999, \"log\": false}}"}
{"op_code":5,"worker_id":"5ebb97d7-fd8b-4b7c-a475-c524c107d87c-6270595072","trial_id":7,"param_name":"discount_rate","param_value_internal":0.9063769147623857,"distribution":"{\"name\": \"FloatDistribution\", \"attributes\": {\"step\": null, \"low\": 0.9, \"high\": 0.999, \"log\": false}}"}
{"op_code":5,"worker_id":"5ebb97d7-fd8b-4b7c-a475-c524c107d87c-6287421440","trial_id":8,"param_name":"discount_rate","param_value_internal":0.9967399052020677,"distribution":"{\"name\": \"FloatDistribution\", \"attributes\": {\"step\": null, \"low\": 0.9, \"high\": 0.999, \"log\": false}}"}
{"op_code":5,"worker_id":"5ebb97d7-fd8b-4b7c-a475-c524c107d87c-6304247808","trial_id":9,"param_name":"discount_rate","param_value_internal":0.9186238895090938,"distribution":"{\"name\": \"FloatDistribution\", \"attributes\": {\"step\": null, \"low\": 0.9, \"high\": 0.999, \"log\": false}}"}
{"op_code":5,"worker_id":"5ebb97d7-fd8b-4b7c-a475-c524c107d87c-6321074176","trial_id":11,"param_name":"exploration_constant_c","param_value_internal":0.45489376820594923,"distribution":"{\"name\": \"FloatDistribution\", \"attributes\": {\"step\": null, \"low\": 0.01, \"high\": 1.0, \"log\": true}}"}
{"op_code":5,"worker_id":"5ebb97d7-fd8b-4b7c-a475-c524c107d87c-6321074176","trial_id":11,"param_name":"discount_rate","param_value_internal":0.926901950956257,"distribution":"{\"name\": \"FloatDistribution\", \"attributes\": {\"step\": null, \"low\": 0.9, \"high\": 0.999, \"log\": false}}"}
{"op_code":6,"worker_id":"5ebb97d7-fd8b-4b7c-a475-c524c107d87c-6236942336","trial_id":5,"state":1,"values":[0.0834,2000.0],"datetime_complete":"2026-06-27T20:13:22.517309"}
{"op_code":6,"worker_id":"5ebb97d7-fd8b-4b7c-a475-c524c107d87c-6337900544","trial_id":1,"state":1,"values":[0.0498,2000.0],"datetime_complete":"2026-06-27T20:13:24.460240"}
{"op_code":4,"worker_id":"5ebb97d7-fd8b-4b7c-a475-c524c107d87c-6236942336","study_id":0,"datetime_start":"2026-06-27T20:13:26.325311"}
{"op_code":4,"worker_id":"5ebb97d7-fd8b-4b7c-a475-c524c107d87c-6337900544","study_id":0,"datetime_start":"2026-06-27T20:13:28.819036"}
{"op_code":5,"worker_id":"5ebb97d7-fd8b-4b7c-a475-c524c107d87c-6236942336","trial_id":12,"param_name":"exploration_constant_c","param_value_internal":0.013551367677324231,"distribution":"{\"name\": \"FloatDistribution\", \"attributes\": {\"step\": null, \"low\": 0.01, \"high\": 1.0, \"log\": true}}"}
{"op_code":5,"worker_id":"5ebb97d7-fd8b-4b7c-a475-c524c107d87c-6236942336","trial_id":12,"param_name":"discount_rate","param_value_internal":0.9550777322854929,"distribution":"{\"name\": \"FloatDistribution\", \"attributes\": {\"step\": null, \"low\": 0.9, \"high\": 0.999, \"log\": false}}"}
{"op_code":5,"worker_id":"5ebb97d7-fd8b-4b7c-a475-c524c107d87c-6337900544","trial_id":13,"param_name":"exploration_constant_c","param_value_internal":0.019377693389037446,"distribution":"{\"name\": \"FloatDistribution\", \"attributes\": {\"step\": null, \"low\": 0.01, \"high\": 1.0, \"log\": true}}"}
{"op_code":5,"worker_id":"5ebb97d7-fd8b-4b7c-a475-c524c107d87c-6337900544","trial_id":13,"param_name":"discount_rate","param_value_internal":0.9967174234788884,"distribution":"{\"name\": \"FloatDistribution\", \"attributes\": {\"step\": null, \"low\": 0.9, \"high\": 0.999, \"log\": false}}"}
{"op_code":6,"worker_id":"5ebb97d7-fd8b-4b7c-a475-c524c107d87c-6186463232","trial_id":2,"state":1,"values":[0.1558,2000.0],"datetime_complete":"2026-06-27T20:13:39.461174"}
{"op_code":4,"worker_id":"5ebb97d7-fd8b-4b7c-a475-c524c107d87c-6186463232","study_id":0,"datetime_start":"2026-06-27T20:13:43.475294"}
{"op_code":5,"worker_id":"5ebb97d7-fd8b-4b7c-a475-c524c107d87c-6186463232","trial_id":14,"param_name":"exploration_constant_c","param_value_internal":0.015293753891534834,"distribution":"{\"name\": \"FloatDistribution\", \"attributes\": {\"step\": null, \"low\": 0.01, \"high\": 1.0, \"log\": true}}"}
{"op_code":5,"worker_id":"5ebb97d7-fd8b-4b7c-a475-c524c107d87c-6186463232","trial_id":14,"param_name":"discount_rate","param_value_internal":0.9971396657567053,"distribution":"{\"name\": \"FloatDistribution\", \"attributes\": {\"step\": null, \"low\": 0.9, \"high\": 0.999, \"log\": false}}"}
{"op_code":6,"worker_id":"5ebb97d7-fd8b-4b7c-a475-c524c107d87c-6321074176","trial_id":11,"state":1,"values":[0.2112,2000.0],"datetime_complete":"2026-06-27T20:13:54.839912"}
{"op_code":4,"worker_id":"5ebb97d7-fd8b-4b7c-a475-c524c107d87c-6321074176","study_id":0,"datetime_start":"2026-06-27T20:13:56.485206"}
{"op_code":5,"worker_id":"5ebb97d7-fd8b-4b7c-a475-c524c107d87c-6321074176","trial_id":15,"param_name":"exploration_constant_c","param_value_internal":0.15117761514245162,"distribution":"{\"name\": \"FloatDistribution\", \"attributes\": {\"step\": null, \"low\": 0.01, \"high\": 1.0, \"log\": true}}"}
{"op_code":5,"worker_id":"5ebb97d7-fd8b-4b7c-a475-c524c107d87c-6321074176","trial_id":15,"param_name":"discount_rate","param_value_internal":0.9616235135869664,"distribution":"{\"name\": \"FloatDistribution\", \"attributes\": {\"step\": null, \"low\": 0.9, \"high\": 0.999, \"log\": false}}"}
{"op_code":6,"worker_id":"5ebb97d7-fd8b-4b7c-a475-c524c107d87c-6304247808","trial_id":9,"state":1,"values":[0.3724,2000.0],"datetime_complete":"2026-06-27T20:14:30.163895"}
{"op_code":4,"worker_id":"5ebb97d7-fd8b-4b7c-a475-c524c107d87c-6304247808","study_id":0,"datetime_start":"2026-06-27T20:14:31.718214"}
{"op_code":5,"worker_id":"5ebb97d7-fd8b-4b7c-a475-c524c107d87c-6304247808","trial_id":16,"param_name":"exploration_constant_c","param_value_internal":0.12057685268794169,"distribution":"{\"name\": \"FloatDistribution\", \"attributes\": {\"step\": null, \"low\": 0.01, \"high\": 1.0, \"log\": true}}"}
{"op_code":5,"worker_id":"5ebb97d7-fd8b-4b7c-a475-c524c107d87c-6304247808","trial_id":16,"param_name":"discount_rate","param_value_internal":0.9623728405843526,"distribution":"{\"name\": \"FloatDistribution\", \"attributes\": {\"step\": null, \"low\": 0.9, \"high\": 0.999, \"log\": false}}"}
{"op_code":6,"worker_id":"5ebb97d7-fd8b-4b7c-a475-c524c107d87c-6220115968","trial_id":4,"state":1,"values":[0.4936,1161.0],"datetime_complete":"2026-06-27T20:15:09.227160"}
{"op_code":4,"worker_id":"5ebb97d7-fd8b-4b7c-a475-c524c107d87c-6220115968","study_id":0,"datetime_start":"2026-06-27T20:15:10.715187"}
{"op_code":5,"worker_id":"5ebb97d7-fd8b-4b7c-a475-c524c107d87c-6220115968","trial_id":17,"param_name":"exploration_constant_c","param_value_internal":0.2915082956909453,"distribution":"{\"name\": \"FloatDistribution\", \"attributes\": {\"step\": null, \"low\": 0.01, \"high\": 1.0, \"log\": true}}"}
{"op_code":5,"worker_id":"5ebb97d7-fd8b-4b7c-a475-c524c107d87c-6220115968","trial_id":17,"param_name":"discount_rate","param_value_internal":0.9184523463067295,"distribution":"{\"name\": \"FloatDistribution\", \"attributes\": {\"step\": null, \"low\": 0.9, \"high\": 0.999, \"log\": false}}"}
{"op_code":6,"worker_id":"5ebb97d7-fd8b-4b7c-a475-c524c107d87c-6253768704","trial_id":6,"state":1,"values":[0.5844,1422.0],"datetime_complete":"2026-06-27T20:15:15.542123"}
{"op_code":4,"worker_id":"5ebb97d7-fd8b-4b7c-a475-c524c107d87c-6253768704","study_id":0,"datetime_start":"2026-06-27T20:15:17.283450"}
{"op_code":5,"worker_id":"5ebb97d7-fd8b-4b7c-a475-c524c107d87c-6253768704","trial_id":18,"param_name":"exploration_constant_c","param_value_internal":0.034416874271357055,"distribution":"{\"name\": \"FloatDistribution\", \"attributes\": {\"step\": null, \"low\": 0.01, \"high\": 1.0, \"log\": true}}"}
{"op_code":5,"worker_id":"5ebb97d7-fd8b-4b7c-a475-c524c107d87c-6253768704","trial_id":18,"param_name":"discount_rate","param_value_internal":0.9718926570268862,"distribution":"{\"name\": \"FloatDistribution\", \"attributes\": {\"step\": null, \"low\": 0.9, \"high\": 0.999, \"log\": false}}"}
{"op_code":6,"worker_id":"5ebb97d7-fd8b-4b7c-a475-c524c107d87c-6270595072","trial_id":7,"state":1,"values":[0.4814,1339.3],"datetime_complete":"2026-06-27T20:15:22.427244"}
{"op_code":4,"worker_id":"5ebb97d7-fd8b-4b7c-a475-c524c107d87c-6270595072","study_id":0,"datetime_start":"2026-06-27T20:15:24.203269"}
{"op_code":5,"worker_id":"5ebb97d7-fd8b-4b7c-a475-c524c107d87c-6270595072","trial_id":19,"param_name":"exploration_constant_c","param_value_internal":0.031137450267058144,"distribution":"{\"name\": \"FloatDistribution\", \"attributes\": {\"step\": null, \"low\": 0.01, \"high\": 1.0, \"log\": true}}"}
{"op_code":5,"worker_id":"5ebb97d7-fd8b-4b7c-a475-c524c107d87c-6270595072","trial_id":19,"param_name":"discount_rate","param_value_internal":0.920094087574332,"distribution":"{\"name\": \"FloatDistribution\", \"attributes\": {\"step\": null, \"low\": 0.9, \"high\": 0.999, \"log\": false}}"}
{"op_code":6,"worker_id":"5ebb97d7-fd8b-4b7c-a475-c524c107d87c-6203289600","trial_id":3,"state":1,"values":[0.6172,1224.6],"datetime_complete":"2026-06-27T20:15:32.495209"}
{"op_code":4,"worker_id":"5ebb97d7-fd8b-4b7c-a475-c524c107d87c-6203289600","study_id":0,"datetime_start":"2026-06-27T20:15:34.619289"}
{"op_code":5,"worker_id":"5ebb97d7-fd8b-4b7c-a475-c524c107d87c-6203289600","trial_id":20,"param_name":"exploration_constant_c","param_value_internal":0.04213651495319228,"distribution":"{\"name\": \"FloatDistribution\", \"attributes\": {\"step\": null, \"low\": 0.01, \"high\": 1.0, \"log\": true}}"}
{"op_code":5,"worker_id":"5ebb97d7-fd8b-4b7c-a475-c524c107d87c-6203289600","trial_id":20,"param_name":"discount_rate","param_value_internal":0.972078535753855,"distribution":"{\"name\": \"FloatDistribution\", \"attributes\": {\"step\": null, \"low\": 0.9, \"high\": 0.999, \"log\": false}}"}
{"op_code":6,"worker_id":"5ebb97d7-fd8b-4b7c-a475-c524c107d87c-6152810496","trial_id":0,"state":1,"values":[0.6796,469.2],"datetime_complete":"2026-06-27T20:16:08.957368"}
{"op_code":4,"worker_id":"5ebb97d7-fd8b-4b7c-a475-c524c107d87c-6152810496","study_id":0,"datetime_start":"2026-06-27T20:16:11.619574"}
{"op_code":5,"worker_id":"5ebb97d7-fd8b-4b7c-a475-c524c107d87c-6152810496","trial_id":21,"param_name":"exploration_constant_c","param_value_internal":0.042489164312725876,"distribution":"{\"name\": \"FloatDistribution\", \"attributes\": {\"step\": null, \"low\": 0.01, \"high\": 1.0, \"log\": true}}"}
{"op_code":5,"worker_id":"5ebb97d7-fd8b-4b7c-a475-c524c107d87c-6152810496","trial_id":21,"param_name":"discount_rate","param_value_internal":0.9989019436883508,"distribution":"{\"name\": \"FloatDistribution\", \"attributes\": {\"step\": null, \"low\": 0.9, \"high\": 0.999, \"log\": false}}"}
{"op_code":6,"worker_id":"5ebb97d7-fd8b-4b7c-a475-c524c107d87c-6287421440","trial_id":8,"state":1,"values":[0.6464,692.0],"datetime_complete":"2026-06-27T20:16:57.808379"}
{"op_code":4,"worker_id":"5ebb97d7-fd8b-4b7c-a475-c524c107d87c-6287421440","study_id":0,"datetime_start":"2026-06-27T20:16:58.111996"}
{"op_code":5,"worker_id":"5ebb97d7-fd8b-4b7c-a475-c524c107d87c-6287421440","trial_id":22,"param_name":"exploration_constant_c","param_value_internal":0.050119438678056544,"distribution":"{\"name\": \"FloatDistribution\", \"attributes\": {\"step\": null, \"low\": 0.01, \"high\": 1.0, \"log\": true}}"}
{"op_code":5,"worker_id":"5ebb97d7-fd8b-4b7c-a475-c524c107d87c-6287421440","trial_id":22,"param_name":"discount_rate","param_value_internal":0.9968602572180488,"distribution":"{\"name\": \"FloatDistribution\", \"attributes\": {\"step\": null, \"low\": 0.9, \"high\": 0.999, \"log\": false}}"}
{"op_code":6,"worker_id":"5ebb97d7-fd8b-4b7c-a475-c524c107d87c-6169636864","trial_id":10,"state":1,"values":[0.4348,2000.0],"datetime_complete":"2026-06-27T20:17:13.656581"}
{"op_code":4,"worker_id":"5ebb97d7-fd8b-4b7c-a475-c524c107d87c-6169636864","study_id":0,"datetime_start":"2026-06-27T20:17:15.673653"}
{"op_code":5,"worker_id":"5ebb97d7-fd8b-4b7c-a475-c524c107d87c-6169636864","trial_id":23,"param_name":"exploration_constant_c","param_value_internal":0.04936329586979086,"distribution":"{\"name\": \"FloatDistribution\", \"attributes\": {\"step\": null, \"low\": 0.01, \"high\": 1.0, \"log\": true}}"}
{"op_code":5,"worker_id":"5ebb97d7-fd8b-4b7c-a475-c524c107d87c-6169636864","trial_id":23,"param_name":"discount_rate","param_value_internal":0.9662714513008914,"distribution":"{\"name\": \"FloatDistribution\", \"attributes\": {\"step\": null, \"low\": 0.9, \"high\": 0.999, \"log\": false}}"}
{"op_code":6,"worker_id":"5ebb97d7-fd8b-4b7c-a475-c524c107d87c-6236942336","trial_id":12,"state":1,"values":[0.5178,1174.2],"datetime_complete":"2026-06-27T20:17:24.196802"}
{"op_code":6,"worker_id":"5ebb97d7-fd8b-4b7c-a475-c524c107d87c-6220115968","trial_id":17,"state":1,"values":[0.2942,2000.0],"datetime_complete":"2026-06-27T20:17:25.916278"}
{"op_code":4,"worker_id":"5ebb97d7-fd8b-4b7c-a475-c524c107d87c-6236942336","study_id":0,"datetime_start":"2026-06-27T20:17:27.280579"}
{"op_code":4,"worker_id":"5ebb97d7-fd8b-4b7c-a475-c524c107d87c-6220115968","study_id":0,"datetime_start":"2026-06-27T20:17:28.247529"}
{"op_code":5,"worker_id":"5ebb97d7-fd8b-4b7c-a475-c524c107d87c-6236942336","trial_id":24,"param_name":"exploration_constant_c","param_value_internal":0.06168228879480023,"distribution":"{\"name\": \"FloatDistribution\", \"attributes\": {\"step\": null, \"low\": 0.01, \"high\": 1.0, \"log\": true}}"}
{"op_code":5,"worker_id":"5ebb97d7-fd8b-4b7c-a475-c524c107d87c-6236942336","trial_id":24,"param_name":"discount_rate","param_value_internal":0.9751941068406212,"distribution":"{\"name\": \"FloatDistribution\", \"attributes\": {\"step\": null, \"low\": 0.9, \"high\": 0.999, \"log\": false}}"}
{"op_code":5,"worker_id":"5ebb97d7-fd8b-4b7c-a475-c524c107d87c-6220115968","trial_id":25,"param_name":"exploration_constant_c","param_value_internal":0.05181352361757488,"distribution":"{\"name\": \"FloatDistribution\", \"attributes\": {\"step\": null, \"low\": 0.01, \"high\": 1.0, \"log\": true}}"}
{"op_code":5,"worker_id":"5ebb97d7-fd8b-4b7c-a475-c524c107d87c-6220115968","trial_id":25,"param_name":"discount_rate","param_value_internal":0.9740636874317748,"distribution":"{\"name\": \"FloatDistribution\", \"attributes\": {\"step\": null, \"low\": 0.9, \"high\": 0.999, \"log\": false}}"}
{"op_code":6,"worker_id":"5ebb97d7-fd8b-4b7c-a475-c524c107d87c-6321074176","trial_id":15,"state":1,"values":[0.673,743.6],"datetime_complete":"2026-06-27T20:17:57.225157"}
{"op_code":4,"worker_id":"5ebb97d7-fd8b-4b7c-a475-c524c107d87c-6321074176","study_id":0,"datetime_start":"2026-06-27T20:17:58.195398"}
{"op_code":5,"worker_id":"5ebb97d7-fd8b-4b7c-a475-c524c107d87c-6321074176","trial_id":26,"param_name":"exploration_constant_c","param_value_internal":0.049872958949426234,"distribution":"{\"name\": \"FloatDistribution\", \"attributes\": {\"step\": null, \"low\": 0.01, \"high\": 1.0, \"log\": true}}"}
{"op_code":5,"worker_id":"5ebb97d7-fd8b-4b7c-a475-c524c107d87c-6321074176","trial_id":26,"param_name":"discount_rate","param_value_internal":0.9825477839861262,"distribution":"{\"name\": \"FloatDistribution\", \"attributes\": {\"step\": null, \"low\": 0.9, \"high\": 0.999, \"log\": false}}"}
{"op_code":6,"worker_id":"5ebb97d7-fd8b-4b7c-a475-c524c107d87c-6304247808","trial_id":16,"state":1,"values":[0.6974,559.4],"datetime_complete":"2026-06-27T20:18:38.611735"}
{"op_code":4,"worker_id":"5ebb97d7-fd8b-4b7c-a475-c524c107d87c-6304247808","study_id":0,"datetime_start":"2026-06-27T20:18:39.342161"}
{"op_code":5,"worker_id":"5ebb97d7-fd8b-4b7c-a475-c524c107d87c-6304247808","trial_id":27,"param_name":"exploration_constant_c","param_value_internal":0.06126164089366063,"distribution":"{\"name\": \"FloatDistribution\", \"attributes\": {\"step\": null, \"low\": 0.01, \"high\": 1.0, \"log\": true}}"}
{"op_code":5,"worker_id":"5ebb97d7-fd8b-4b7c-a475-c524c107d87c-6304247808","trial_id":27,"param_name":"discount_rate","param_value_internal":0.9795855734701747,"distribution":"{\"name\": \"FloatDistribution\", \"attributes\": {\"step\": null, \"low\": 0.9, \"high\": 0.999, \"log\": false}}"}
{"op_code":6,"worker_id":"5ebb97d7-fd8b-4b7c-a475-c524c107d87c-6337900544","trial_id":13,"state":1,"values":[0.6792,562.0],"datetime_complete":"2026-06-27T20:18:47.599544"}
{"op_code":4,"worker_id":"5ebb97d7-fd8b-4b7c-a475-c524c107d87c-6337900544","study_id":0,"datetime_start":"2026-06-27T20:18:50.754284"}
{"op_code":5,"worker_id":"5ebb97d7-fd8b-4b7c-a475-c524c107d87c-6337900544","trial_id":28,"param_name":"exploration_constant_c","param_value_internal":0.061841398626393256,"distribution":"{\"name\": \"FloatDistribution\", \"attributes\": {\"step\": null, \"low\": 0.01, \"high\": 1.0, \"log\": true}}"}
{"op_code":5,"worker_id":"5ebb97d7-fd8b-4b7c-a475-c524c107d87c-6337900544","trial_id":28,"param_name":"discount_rate","param_value_internal":0.978110751617824,"distribution":"{\"name\": \"FloatDistribution\", \"attributes\": {\"step\": null, \"low\": 0.9, \"high\": 0.999, \"log\": false}}"}
{"op_code":6,"worker_id":"5ebb97d7-fd8b-4b7c-a475-c524c107d87c-6186463232","trial_id":14,"state":1,"values":[0.7174,274.3],"datetime_complete":"2026-06-27T20:19:02.680370"}
{"op_code":4,"worker_id":"5ebb97d7-fd8b-4b7c-a475-c524c107d87c-6186463232","study_id":0,"datetime_start":"2026-06-27T20:19:03.514695"}
{"op_code":5,"worker_id":"5ebb97d7-fd8b-4b7c-a475-c524c107d87c-6186463232","trial_id":29,"param_name":"exploration_constant_c","param_value_internal":0.04518067354663192,"distribution":"{\"name\": \"FloatDistribution\", \"attributes\": {\"step\": null, \"low\": 0.01, \"high\": 1.0, \"log\": true}}"}
{"op_code":5,"worker_id":"5ebb97d7-fd8b-4b7c-a475-c524c107d87c-6186463232","trial_id":29,"param_name":"discount_rate","param_value_internal":0.9806704474249127,"distribution":"{\"name\": \"FloatDistribution\", \"attributes\": {\"step\": null, \"low\": 0.9, \"high\": 0.999, \"log\": false}}"}
{"op_code":6,"worker_id":"5ebb97d7-fd8b-4b7c-a475-c524c107d87c-6270595072","trial_id":19,"state":1,"values":[0.5542,1386.1],"datetime_complete":"2026-06-27T20:19:09.492978"}
{"op_code":4,"worker_id":"5ebb97d7-fd8b-4b7c-a475-c524c107d87c-6270595072","study_id":0,"datetime_start":"2026-06-27T20:19:12.419162"}
{"op_code":5,"worker_id":"5ebb97d7-fd8b-4b7c-a475-c524c107d87c-6270595072","trial_id":30,"param_name":"exploration_constant_c","param_value_internal":0.05227552577702366,"distribution":"{\"name\": \"FloatDistribution\", \"attributes\": {\"step\": null, \"low\": 0.01, \"high\": 1.0, \"log\": true}}"}
{"op_code":5,"worker_id":"5ebb97d7-fd8b-4b7c-a475-c524c107d87c-6270595072","trial_id":30,"param_name":"discount_rate","param_value_internal":0.9766662322396,"distribution":"{\"name\": \"FloatDistribution\", \"attributes\": {\"step\": null, \"low\": 0.9, \"high\": 0.999, \"log\": false}}"}
{"op_code":6,"worker_id":"5ebb97d7-fd8b-4b7c-a475-c524c107d87c-6253768704","trial_id":18,"state":1,"values":[0.6152,1269.2],"datetime_complete":"2026-06-27T20:19:27.794046"}
{"op_code":4,"worker_id":"5ebb97d7-fd8b-4b7c-a475-c524c107d87c-6253768704","study_id":0,"datetime_start":"2026-06-27T20:19:28.680236"}
{"op_code":5,"worker_id":"5ebb97d7-fd8b-4b7c-a475-c524c107d87c-6253768704","trial_id":31,"param_name":"exploration_constant_c","param_value_internal":0.05693514814000489,"distribution":"{\"name\": \"FloatDistribution\", \"attributes\": {\"step\": null, \"low\": 0.01, \"high\": 1.0, \"log\": true}}"}
{"op_code":5,"worker_id":"5ebb97d7-fd8b-4b7c-a475-c524c107d87c-6253768704","trial_id":31,"param_name":"discount_rate","param_value_internal":0.9839649226324776,"distribution":"{\"name\": \"FloatDistribution\", \"attributes\": {\"step\": null, \"low\": 0.9, \"high\": 0.999, \"log\": false}}"}
{"op_code":6,"worker_id":"5ebb97d7-fd8b-4b7c-a475-c524c107d87c-6203289600","trial_id":20,"state":1,"values":[0.604,1136.3],"datetime_complete":"2026-06-27T20:19:58.924528"}
{"op_code":4,"worker_id":"5ebb97d7-fd8b-4b7c-a475-c524c107d87c-6203289600","study_id":0,"datetime_start":"2026-06-27T20:20:01.034451"}
{"op_code":5,"worker_id":"5ebb97d7-fd8b-4b7c-a475-c524c107d87c-6203289600","trial_id":32,"param_name":"exploration_constant_c","param_value_internal":0.06369678052714303,"distribution":"{\"name\": \"FloatDistribution\", \"attributes\": {\"step\": null, \"low\": 0.01, \"high\": 1.0, \"log\": true}}"}
{"op_code":5,"worker_id":"5ebb97d7-fd8b-4b7c-a475-c524c107d87c-6203289600","trial_id":32,"param_name":"discount_rate","param_value_internal":0.9874098164575951,"distribution":"{\"name\": \"FloatDistribution\", \"attributes\": {\"step\": null, \"low\": 0.9, \"high\": 0.999, \"log\": false}}"}
{"op_code":6,"worker_id":"5ebb97d7-fd8b-4b7c-a475-c524c107d87c-6152810496","trial_id":21,"state":1,"values":[0.7184,309.7],"datetime_complete":"2026-06-27T20:21:24.275898"}
{"op_code":4,"worker_id":"5ebb97d7-fd8b-4b7c-a475-c524c107d87c-6152810496","study_id":0,"datetime_start":"2026-06-27T20:21:25.288319"}
{"op_code":5,"worker_id":"5ebb97d7-fd8b-4b7c-a475-c524c107d87c-6152810496","trial_id":33,"param_name":"exploration_constant_c","param_value_internal":0.07107517570177048,"distribution":"{\"name\": \"FloatDistribution\", \"attributes\": {\"step\": null, \"low\": 0.01, \"high\": 1.0, \"log\": true}}"}
{"op_code":5,"worker_id":"5ebb97d7-fd8b-4b7c-a475-c524c107d87c-6152810496","trial_id":33,"param_name":"discount_rate","param_value_internal":0.9825347067398297,"distribution":"{\"name\": \"FloatDistribution\", \"attributes\": {\"step\": null, \"low\": 0.9, \"high\": 0.999, \"log\": false}}"}
{"op_code":6,"worker_id":"5ebb97d7-fd8b-4b7c-a475-c524c107d87c-6220115968","trial_id":25,"state":1,"values":[0.6952,602.4],"datetime_complete":"2026-06-27T20:21:32.666304"}
{"op_code":6,"worker_id":"5ebb97d7-fd8b-4b7c-a475-c524c107d87c-6236942336","trial_id":24,"state":1,"values":[0.6994,405.2],"datetime_complete":"2026-06-27T20:21:34.644385"}
{"op_code":4,"worker_id":"5ebb97d7-fd8b-4b7c-a475-c524c107d87c-6220115968","study_id":0,"datetime_start":"2026-06-27T20:21:35.493806"}
{"op_code":6,"worker_id":"5ebb97d7-fd8b-4b7c-a475-c524c107d87c-6169636864","trial_id":23,"state":1,"values":[0.6786,587.3],"datetime_complete":"2026-06-27T20:21:38.818342"}
{"op_code":4,"worker_id":"5ebb97d7-fd8b-4b7c-a475-c524c107d87c-6236942336","study_id":0,"datetime_start":"2026-06-27T20:21:40.223137"}
{"op_code":5,"worker_id":"5ebb97d7-fd8b-4b7c-a475-c524c107d87c-6220115968","trial_id":34,"param_name":"exploration_constant_c","param_value_internal":0.011098938701727224,"distribution":"{\"name\": \"FloatDistribution\", \"attributes\": {\"step\": null, \"low\": 0.01, \"high\": 1.0, \"log\": true}}"}
{"op_code":5,"worker_id":"5ebb97d7-fd8b-4b7c-a475-c524c107d87c-6220115968","trial_id":34,"param_name":"discount_rate","param_value_internal":0.9842242062071843,"distribution":"{\"name\": \"FloatDistribution\", \"attributes\": {\"step\": null, \"low\": 0.9, \"high\": 0.999, \"log\": false}}"}
{"op_code":4,"worker_id":"5ebb97d7-fd8b-4b7c-a475-c524c107d87c-6169636864","study_id":0,"datetime_start":"2026-06-27T20:21:46.212534"}
{"op_code":5,"worker_id":"5ebb97d7-fd8b-4b7c-a475-c524c107d87c-6236942336","trial_id":35,"param_name":"exploration_constant_c","param_value_internal":0.01055975721543868,"distribution":"{\"name\": \"FloatDistribution\", \"attributes\": {\"step\": null, \"low\": 0.01, \"high\": 1.0, \"log\": true}}"}
{"op_code":5,"worker_id":"5ebb97d7-fd8b-4b7c-a475-c524c107d87c-6236942336","trial_id":35,"param_name":"discount_rate","param_value_internal":0.9838581160810904,"distribution":"{\"name\": \"FloatDistribution\", \"attributes\": {\"step\": null, \"low\": 0.9, \"high\": 0.999, \"log\": false}}"}
{"op_code":5,"worker_id":"5ebb97d7-fd8b-4b7c-a475-c524c107d87c-6169636864","trial_id":36,"param_name":"exploration_constant_c","param_value_internal":0.010284783331537128,"distribution":"{\"name\": \"FloatDistribution\", \"attributes\": {\"step\": null, \"low\": 0.01, \"high\": 1.0, \"log\": true}}"}
{"op_code":5,"worker_id":"5ebb97d7-fd8b-4b7c-a475-c524c107d87c-6169636864","trial_id":36,"param_name":"discount_rate","param_value_internal":0.9855991461822209,"distribution":"{\"name\": \"FloatDistribution\", \"attributes\": {\"step\": null, \"low\": 0.9, \"high\": 0.999, \"log\": false}}"}
{"op_code":6,"worker_id":"5ebb97d7-fd8b-4b7c-a475-c524c107d87c-6287421440","trial_id":22,"state":1,"values":[0.7336,371.0],"datetime_complete":"2026-06-27T20:21:59.828513"}
{"op_code":4,"worker_id":"5ebb97d7-fd8b-4b7c-a475-c524c107d87c-6287421440","study_id":0,"datetime_start":"2026-06-27T20:22:03.713349"}
{"op_code":5,"worker_id":"5ebb97d7-fd8b-4b7c-a475-c524c107d87c-6287421440","trial_id":37,"param_name":"exploration_constant_c","param_value_internal":0.08780535867165604,"distribution":"{\"name\": \"FloatDistribution\", \"attributes\": {\"step\": null, \"low\": 0.01, \"high\": 1.0, \"log\": true}}"}
{"op_code":5,"worker_id":"5ebb97d7-fd8b-4b7c-a475-c524c107d87c-6287421440","trial_id":37,"param_name":"discount_rate","param_value_internal":0.9846167010570762,"distribution":"{\"name\": \"FloatDistribution\", \"attributes\": {\"step\": null, \"low\": 0.9, \"high\": 0.999, \"log\": false}}"}
{"op_code":6,"worker_id":"5ebb97d7-fd8b-4b7c-a475-c524c107d87c-6321074176","trial_id":26,"state":1,"values":[0.6642,632.9],"datetime_complete":"2026-06-27T20:22:10.171525"}
{"op_code":4,"worker_id":"5ebb97d7-fd8b-4b7c-a475-c524c107d87c-6321074176","study_id":0,"datetime_start":"2026-06-27T20:22:12.767510"}
{"op_code":5,"worker_id":"5ebb97d7-fd8b-4b7c-a475-c524c107d87c-6321074176","trial_id":38,"param_name":"exploration_constant_c","param_value_internal":0.09888602910719162,"distribution":"{\"name\": \"FloatDistribution\", \"attributes\": {\"step\": null, \"low\": 0.01, \"high\": 1.0, \"log\": true}}"}
{"op_code":5,"worker_id":"5ebb97d7-fd8b-4b7c-a475-c524c107d87c-6321074176","trial_id":38,"param_name":"discount_rate","param_value_internal":0.9867712342076208,"distribution":"{\"name\": \"FloatDistribution\", \"attributes\": {\"step\": null, \"low\": 0.9, \"high\": 0.999, \"log\": false}}"}
{"op_code":6,"worker_id":"5ebb97d7-fd8b-4b7c-a475-c524c107d87c-6304247808","trial_id":27,"state":1,"values":[0.6932,533.2],"datetime_complete":"2026-06-27T20:22:38.532249"}
{"op_code":4,"worker_id":"5ebb97d7-fd8b-4b7c-a475-c524c107d87c-6304247808","study_id":0,"datetime_start":"2026-06-27T20:22:40.287691"}
{"op_code":5,"worker_id":"5ebb97d7-fd8b-4b7c-a475-c524c107d87c-6304247808","trial_id":39,"param_name":"exploration_constant_c","param_value_internal":0.010230627479018302,"distribution":"{\"name\": \"FloatDistribution\", \"attributes\": {\"step\": null, \"low\": 0.01, \"high\": 1.0, \"log\": true}}"}
{"op_code":5,"worker_id":"5ebb97d7-fd8b-4b7c-a475-c524c107d87c-6304247808","trial_id":39,"param_name":"discount_rate","param_value_internal":0.9881062833217894,"distribution":"{\"name\": \"FloatDistribution\", \"attributes\": {\"step\": null, \"low\": 0.9, \"high\": 0.999, \"log\": false}}"}
{"op_code":6,"worker_id":"5ebb97d7-fd8b-4b7c-a475-c524c107d87c-6337900544","trial_id":28,"state":1,"values":[0.7148,394.5],"datetime_complete":"2026-06-27T20:22:59.486521"}
{"op_code":4,"worker_id":"5ebb97d7-fd8b-4b7c-a475-c524c107d87c-6337900544","study_id":0,"datetime_start":"2026-06-27T20:23:02.322189"}
{"op_code":5,"worker_id":"5ebb97d7-fd8b-4b7c-a475-c524c107d87c-6337900544","trial_id":40,"param_name":"exploration_constant_c","param_value_internal":0.08240426095596366,"distribution":"{\"name\": \"FloatDistribution\", \"attributes\": {\"step\": null, \"low\": 0.01, \"high\": 1.0, \"log\": true}}"}
{"op_code":5,"worker_id":"5ebb97d7-fd8b-4b7c-a475-c524c107d87c-6337900544","trial_id":40,"param_name":"discount_rate","param_value_internal":0.9889047072670322,"distribution":"{\"name\": \"FloatDistribution\", \"attributes\": {\"step\": null, \"low\": 0.9, \"high\": 0.999, \"log\": false}}"}
{"op_code":6,"worker_id":"5ebb97d7-fd8b-4b7c-a475-c524c107d87c-6270595072","trial_id":30,"state":1,"values":[0.6756,487.3],"datetime_complete":"2026-06-27T20:23:16.114078"}
{"op_code":4,"worker_id":"5ebb97d7-fd8b-4b7c-a475-c524c107d87c-6270595072","study_id":0,"datetime_start":"2026-06-27T20:23:18.776831"}
{"op_code":5,"worker_id":"5ebb97d7-fd8b-4b7c-a475-c524c107d87c-6270595072","trial_id":41,"param_name":"exploration_constant_c","param_value_internal":0.010003236920605172,"distribution":"{\"name\": \"FloatDistribution\", \"attributes\": {\"step\": null, \"low\": 0.01, \"high\": 1.0, \"log\": true}}"}
{"op_code":5,"worker_id":"5ebb97d7-fd8b-4b7c-a475-c524c107d87c-6270595072","trial_id":41,"param_name":"discount_rate","param_value_internal":0.9876351427178789,"distribution":"{\"name\": \"FloatDistribution\", \"attributes\": {\"step\": null, \"low\": 0.9, \"high\": 0.999, \"log\": false}}"}
{"op_code":6,"worker_id":"5ebb97d7-fd8b-4b7c-a475-c524c107d87c-6186463232","trial_id":29,"state":1,"values":[0.706,357.3],"datetime_complete":"2026-06-27T20:23:31.872795"}
{"op_code":4,"worker_id":"5ebb97d7-fd8b-4b7c-a475-c524c107d87c-6186463232","study_id":0,"datetime_start":"2026-06-27T20:23:32.829532"}
{"op_code":5,"worker_id":"5ebb97d7-fd8b-4b7c-a475-c524c107d87c-6186463232","trial_id":42,"param_name":"exploration_constant_c","param_value_internal":0.011307581118486813,"distribution":"{\"name\": \"FloatDistribution\", \"attributes\": {\"step\": null, \"low\": 0.01, \"high\": 1.0, \"log\": true}}"}
{"op_code":5,"worker_id":"5ebb97d7-fd8b-4b7c-a475-c524c107d87c-6186463232","trial_id":42,"param_name":"discount_rate","param_value_internal":0.9892367013783344,"distribution":"{\"name\": \"FloatDistribution\", \"attributes\": {\"step\": null, \"low\": 0.9, \"high\": 0.999, \"log\": false}}"}
{"op_code":6,"worker_id":"5ebb97d7-fd8b-4b7c-a475-c524c107d87c-6253768704","trial_id":31,"state":1,"values":[0.6932,564.8],"datetime_complete":"2026-06-27T20:24:08.121484"}
{"op_code":4,"worker_id":"5ebb97d7-fd8b-4b7c-a475-c524c107d87c-6253768704","study_id":0,"datetime_start":"2026-06-27T20:24:11.449831"}
{"op_code":5,"worker_id":"5ebb97d7-fd8b-4b7c-a475-c524c107d87c-6253768704","trial_id":43,"param_name":"exploration_constant_c","param_value_internal":0.08597295563655957,"distribution":"{\"name\": \"FloatDistribution\", \"attributes\": {\"step\": null, \"low\": 0.01, \"high\": 1.0, \"log\": true}}"}
{"op_code":5,"worker_id":"5ebb97d7-fd8b-4b7c-a475-c524c107d87c-6253768704","trial_id":43,"param_name":"discount_rate","param_value_internal":0.9888012480907373,"distribution":"{\"name\": \"FloatDistribution\", \"attributes\": {\"step\": null, \"low\": 0.9, \"high\": 0.999, \"log\": false}}"}
{"op_code":6,"worker_id":"5ebb97d7-fd8b-4b7c-a475-c524c107d87c-6203289600","trial_id":32,"state":1,"values":[0.742,240.8],"datetime_complete":"2026-06-27T20:24:50.166251"}
{"op_code":4,"worker_id":"5ebb97d7-fd8b-4b7c-a475-c524c107d87c-6203289600","study_id":0,"datetime_start":"2026-06-27T20:24:51.393705"}
{"op_code":5,"worker_id":"5ebb97d7-fd8b-4b7c-a475-c524c107d87c-6203289600","trial_id":44,"param_name":"exploration_constant_c","param_value_internal":0.09268450121366602,"distribution":"{\"name\": \"FloatDistribution\", \"attributes\": {\"step\": null, \"low\": 0.01, \"high\": 1.0, \"log\": true}}"}
{"op_code":5,"worker_id":"5ebb97d7-fd8b-4b7c-a475-c524c107d87c-6203289600","trial_id":44,"param_name":"discount_rate","param_value_internal":0.988868305447697,"distribution":"{\"name\": \"FloatDistribution\", \"attributes\": {\"step\": null, \"low\": 0.9, \"high\": 0.999, \"log\": false}}"}
{"op_code":6,"worker_id":"5ebb97d7-fd8b-4b7c-a475-c524c107d87c-6152810496","trial_id":33,"state":1,"values":[0.6976,516.2],"datetime_complete":"2026-06-27T20:25:51.639821"}
{"op_code":4,"worker_id":"5ebb97d7-fd8b-4b7c-a475-c524c107d87c-6152810496","study_id":0,"datetime_start":"2026-06-27T20:25:53.067807"}
{"op_code":5,"worker_id":"5ebb97d7-fd8b-4b7c-a475-c524c107d87c-6152810496","trial_id":45,"param_name":"exploration_constant_c","param_value_internal":0.08478086618774966,"distribution":"{\"name\": \"FloatDistribution\", \"attributes\": {\"step\": null, \"low\": 0.01, \"high\": 1.0, \"log\": true}}"}
{"op_code":6,"worker_id":"5ebb97d7-fd8b-4b7c-a475-c524c107d87c-6236942336","trial_id":35,"state":1,"values":[0.5772,1289.7],"datetime_complete":"2026-06-27T20:25:55.149680"}
{"op_code":5,"worker_id":"5ebb97d7-fd8b-4b7c-a475-c524c107d87c-6152810496","trial_id":45,"param_name":"discount_rate","param_value_internal":0.9899060392592881,"distribution":"{\"name\": \"FloatDistribution\", \"attributes\": {\"step\": null, \"low\": 0.9, \"high\": 0.999, \"log\": false}}"}
{"op_code":4,"worker_id":"5ebb97d7-fd8b-4b7c-a475-c524c107d87c-6236942336","study_id":0,"datetime_start":"2026-06-27T20:25:59.124873"}
{"op_code":5,"worker_id":"5ebb97d7-fd8b-4b7c-a475-c524c107d87c-6236942336","trial_id":46,"param_name":"exploration_constant_c","param_value_internal":0.08486555939263553,"distribution":"{\"name\": \"FloatDistribution\", \"attributes\": {\"step\": null, \"low\": 0.01, \"high\": 1.0, \"log\": true}}"}
{"op_code":5,"worker_id":"5ebb97d7-fd8b-4b7c-a475-c524c107d87c-6236942336","trial_id":46,"param_name":"discount_rate","param_value_internal":0.9359634344408724,"distribution":"{\"name\": \"FloatDistribution\", \"attributes\": {\"step\": null, \"low\": 0.9, \"high\": 0.999, \"log\": false}}"}
{"op_code":6,"worker_id":"5ebb97d7-fd8b-4b7c-a475-c524c107d87c-6220115968","trial_id":34,"state":1,"values":[0.6104,970.8],"datetime_complete":"2026-06-27T20:26:10.517746"}
{"op_code":4,"worker_id":"5ebb97d7-fd8b-4b7c-a475-c524c107d87c-6220115968","study_id":0,"datetime_start":"2026-06-27T20:26:12.076570"}
{"op_code":5,"worker_id":"5ebb97d7-fd8b-4b7c-a475-c524c107d87c-6220115968","trial_id":47,"param_name":"exploration_constant_c","param_value_internal":0.09353560484908688,"distribution":"{\"name\": \"FloatDistribution\", \"attributes\": {\"step\": null, \"low\": 0.01, \"high\": 1.0, \"log\": true}}"}
{"op_code":5,"worker_id":"5ebb97d7-fd8b-4b7c-a475-c524c107d87c-6220115968","trial_id":47,"param_name":"discount_rate","param_value_internal":0.9316759982125364,"distribution":"{\"name\": \"FloatDistribution\", \"attributes\": {\"step\": null, \"low\": 0.9, \"high\": 0.999, \"log\": false}}"}
{"op_code":6,"worker_id":"5ebb97d7-fd8b-4b7c-a475-c524c107d87c-6169636864","trial_id":36,"state":1,"values":[0.6696,413.7],"datetime_complete":"2026-06-27T20:26:34.689119"}
{"op_code":4,"worker_id":"5ebb97d7-fd8b-4b7c-a475-c524c107d87c-6169636864","study_id":0,"datetime_start":"2026-06-27T20:26:36.986875"}
{"op_code":5,"worker_id":"5ebb97d7-fd8b-4b7c-a475-c524c107d87c-6169636864","trial_id":48,"param_name":"exploration_constant_c","param_value_internal":0.0932329685403988,"distribution":"{\"name\": \"FloatDistribution\", \"attributes\": {\"step\": null, \"low\": 0.01, \"high\": 1.0, \"log\": true}}"}
{"op_code":5,"worker_id":"5ebb97d7-fd8b-4b7c-a475-c524c107d87c-6169636864","trial_id":48,"param_name":"discount_rate","param_value_internal":0.9376085576737467,"distribution":"{\"name\": \"FloatDistribution\", \"attributes\": {\"step\": null, \"low\": 0.9, \"high\": 0.999, \"log\": false}}"}
{"op_code":6,"worker_id":"5ebb97d7-fd8b-4b7c-a475-c524c107d87c-6287421440","trial_id":37,"state":1,"values":[0.7046,596.6],"datetime_complete":"2026-06-27T20:27:00.006998"}
{"op_code":6,"worker_id":"5ebb97d7-fd8b-4b7c-a475-c524c107d87c-6321074176","trial_id":38,"state":1,"values":[0.7384,253.0],"datetime_complete":"2026-06-27T20:27:00.519817"}
{"op_code":4,"worker_id":"5ebb97d7-fd8b-4b7c-a475-c524c107d87c-6287421440","study_id":0,"datetime_start":"2026-06-27T20:27:01.360888"}
{"op_code":6,"worker_id":"5ebb97d7-fd8b-4b7c-a475-c524c107d87c-6304247808","trial_id":39,"state":1,"values":[0.6614,641.3],"datetime_complete":"2026-06-27T20:27:02.626562"}
{"op_code":4,"worker_id":"5ebb97d7-fd8b-4b7c-a475-c524c107d87c-6321074176","study_id":0,"datetime_start":"2026-06-27T20:27:03.211199"}
{"op_code":5,"worker_id":"5ebb97d7-fd8b-4b7c-a475-c524c107d87c-6287421440","trial_id":49,"param_name":"exploration_constant_c","param_value_internal":0.08900697692402004,"distribution":"{\"name\": \"FloatDistribution\", \"attributes\": {\"step\": null, \"low\": 0.01, \"high\": 1.0, \"log\": true}}"}
{"op_code":5,"worker_id":"5ebb97d7-fd8b-4b7c-a475-c524c107d87c-6287421440","trial_id":49,"param_name":"discount_rate","param_value_internal":0.9920301430238382,"distribution":"{\"name\": \"FloatDistribution\", \"attributes\": {\"step\": null, \"low\": 0.9, \"high\": 0.999, \"log\": false}}"}
{"op_code":4,"worker_id":"5ebb97d7-fd8b-4b7c-a475-c524c107d87c-6304247808","study_id":0,"datetime_start":"2026-06-27T20:27:05.324930"}
{"op_code":5,"worker_id":"5ebb97d7-fd8b-4b7c-a475-c524c107d87c-6321074176","trial_id":50,"param_name":"exploration_constant_c","param_value_internal":0.08517985419399288,"distribution":"{\"name\": \"FloatDistribution\", \"attributes\": {\"step\": null, \"low\": 0.01, \"high\": 1.0, \"log\": true}}"}
{"op_code":5,"worker_id":"5ebb97d7-fd8b-4b7c-a475-c524c107d87c-6321074176","trial_id":50,"param_name":"discount_rate","param_value_internal":0.9912047201399513,"distribution":"{\"name\": \"FloatDistribution\", \"attributes\": {\"step\": null, \"low\": 0.9, \"high\": 0.999, \"log\": false}}"}
{"op_code":5,"worker_id":"5ebb97d7-fd8b-4b7c-a475-c524c107d87c-6304247808","trial_id":51,"param_name":"exploration_constant_c","param_value_internal":0.09067820951928114,"distribution":"{\"name\": \"FloatDistribution\", \"attributes\": {\"step\": null, \"low\": 0.01, \"high\": 1.0, \"log\": true}}"}
{"op_code":5,"worker_id":"5ebb97d7-fd8b-4b7c-a475-c524c107d87c-6304247808","trial_id":51,"param_name":"discount_rate","param_value_internal":0.9917358233535934,"distribution":"{\"name\": \"FloatDistribution\", \"attributes\": {\"step\": null, \"low\": 0.9, \"high\": 0.999, \"log\": false}}"}
{"op_code":6,"worker_id":"5ebb97d7-fd8b-4b7c-a475-c524c107d87c-6337900544","trial_id":40,"state":1,"values":[0.7348,202.1],"datetime_complete":"2026-06-27T20:27:28.292913"}
{"op_code":4,"worker_id":"5ebb97d7-fd8b-4b7c-a475-c524c107d87c-6337900544","study_id":0,"datetime_start":"2026-06-27T20:27:29.257640"}
{"op_code":5,"worker_id":"5ebb97d7-fd8b-4b7c-a475-c524c107d87c-6337900544","trial_id":52,"param_name":"exploration_constant_c","param_value_internal":0.10263128995591121,"distribution":"{\"name\": \"FloatDistribution\", \"attributes\": {\"step\": null, \"low\": 0.01, \"high\": 1.0, \"log\": true}}"}
{"op_code":5,"worker_id":"5ebb97d7-fd8b-4b7c-a475-c524c107d87c-6337900544","trial_id":52,"param_name":"discount_rate","param_value_internal":0.9898107893626963,"distribution":"{\"name\": \"FloatDistribution\", \"attributes\": {\"step\": null, \"low\": 0.9, \"high\": 0.999, \"log\": false}}"}
{"op_code":6,"worker_id":"5ebb97d7-fd8b-4b7c-a475-c524c107d87c-6270595072","trial_id":41,"state":1,"values":[0.6422,418.5],"datetime_complete":"2026-06-27T20:27:47.711353"}
{"op_code":4,"worker_id":"5ebb97d7-fd8b-4b7c-a475-c524c107d87c-6270595072","study_id":0,"datetime_start":"2026-06-27T20:27:49.977604"}
{"op_code":5,"worker_id":"5ebb97d7-fd8b-4b7c-a475-c524c107d87c-6270595072","trial_id":53,"param_name":"exploration_constant_c","param_value_internal":0.0983753589401392,"distribution":"{\"name\": \"FloatDistribution\", \"attributes\": {\"step\": null, \"low\": 0.01, \"high\": 1.0, \"log\": true}}"}
{"op_code":5,"worker_id":"5ebb97d7-fd8b-4b7c-a475-c524c107d87c-6270595072","trial_id":53,"param_name":"discount_rate","param_value_internal":0.9389502734749441,"distribution":"{\"name\": \"FloatDistribution\", \"attributes\": {\"step\": null, \"low\": 0.9, \"high\": 0.999, \"log\": false}}"}
{"op_code":6,"worker_id":"5ebb97d7-fd8b-4b7c-a475-c524c107d87c-6186463232","trial_id":42,"state":1,"values":[0.652,672.2],"datetime_complete":"2026-06-27T20:28:18.789103"}
{"op_code":4,"worker_id":"5ebb97d7-fd8b-4b7c-a475-c524c107d87c-6186463232","study_id":0,"datetime_start":"2026-06-27T20:28:20.301979"}
{"op_code":5,"worker_id":"5ebb97d7-fd8b-4b7c-a475-c524c107d87c-6186463232","trial_id":54,"param_name":"exploration_constant_c","param_value_internal":0.09058094548061364,"distribution":"{\"name\": \"FloatDistribution\", \"attributes\": {\"step\": null, \"low\": 0.01, \"high\": 1.0, \"log\": true}}"}
{"op_code":5,"worker_id":"5ebb97d7-fd8b-4b7c-a475-c524c107d87c-6186463232","trial_id":54,"param_name":"discount_rate","param_value_internal":0.9922677904934031,"distribution":"{\"name\": \"FloatDistribution\", \"attributes\": {\"step\": null, \"low\": 0.9, \"high\": 0.999, \"log\": false}}"}
{"op_code":6,"worker_id":"5ebb97d7-fd8b-4b7c-a475-c524c107d87c-6253768704","trial_id":43,"state":1,"values":[0.7234,291.2],"datetime_complete":"2026-06-27T20:28:57.914025"}
{"op_code":4,"worker_id":"5ebb97d7-fd8b-4b7c-a475-c524c107d87c-6253768704","study_id":0,"datetime_start":"2026-06-27T20:29:01.578012"}
{"op_code":5,"worker_id":"5ebb97d7-fd8b-4b7c-a475-c524c107d87c-6253768704","trial_id":55,"param_name":"exploration_constant_c","param_value_internal":0.1035700184790307,"distribution":"{\"name\": \"FloatDistribution\", \"attributes\": {\"step\": null, \"low\": 0.01, \"high\": 1.0, \"log\": true}}"}
{"op_code":5,"worker_id":"5ebb97d7-fd8b-4b7c-a475-c524c107d87c-6253768704","trial_id":55,"param_name":"discount_rate","param_value_internal":0.9907694877691616,"distribution":"{\"name\": \"FloatDistribution\", \"attributes\": {\"step\": null, \"low\": 0.9, \"high\": 0.999, \"log\": false}}"}
{"op_code":6,"worker_id":"5ebb97d7-fd8b-4b7c-a475-c524c107d87c-6203289600","trial_id":44,"state":1,"values":[0.7224,389.4],"datetime_complete":"2026-06-27T20:29:33.777845"}
{"op_code":4,"worker_id":"5ebb97d7-fd8b-4b7c-a475-c524c107d87c-6203289600","study_id":0,"datetime_start":"2026-06-27T20:29:36.761410"}
{"op_code":6,"worker_id":"5ebb97d7-fd8b-4b7c-a475-c524c107d87c-6236942336","trial_id":46,"state":1,"values":[0.635,941.3],"datetime_complete":"2026-06-27T20:29:39.153379"}
{"op_code":5,"worker_id":"5ebb97d7-fd8b-4b7c-a475-c524c107d87c-6203289600","trial_id":56,"param_name":"exploration_constant_c","param_value_internal":0.145581417467495,"distribution":"{\"name\": \"FloatDistribution\", \"attributes\": {\"step\": null, \"low\": 0.01, \"high\": 1.0, \"log\": true}}"}
{"op_code":5,"worker_id":"5ebb97d7-fd8b-4b7c-a475-c524c107d87c-6203289600","trial_id":56,"param_name":"discount_rate","param_value_internal":0.9924421049350627,"distribution":"{\"name\": \"FloatDistribution\", \"attributes\": {\"step\": null, \"low\": 0.9, \"high\": 0.999, \"log\": false}}"}
{"op_code":4,"worker_id":"5ebb97d7-fd8b-4b7c-a475-c524c107d87c-6236942336","study_id":0,"datetime_start":"2026-06-27T20:29:41.878284"}
{"op_code":5,"worker_id":"5ebb97d7-fd8b-4b7c-a475-c524c107d87c-6236942336","trial_id":57,"param_name":"exploration_constant_c","param_value_internal":0.15154911794634385,"distribution":"{\"name\": \"FloatDistribution\", \"attributes\": {\"step\": null, \"low\": 0.01, \"high\": 1.0, \"log\": true}}"}
{"op_code":5,"worker_id":"5ebb97d7-fd8b-4b7c-a475-c524c107d87c-6236942336","trial_id":57,"param_name":"discount_rate","param_value_internal":0.9920386890727878,"distribution":"{\"name\": \"FloatDistribution\", \"attributes\": {\"step\": null, \"low\": 0.9, \"high\": 0.999, \"log\": false}}"}
{"op_code":6,"worker_id":"5ebb97d7-fd8b-4b7c-a475-c524c107d87c-6220115968","trial_id":47,"state":1,"values":[0.645,866.7],"datetime_complete":"2026-06-27T20:29:48.079047"}
{"op_code":4,"worker_id":"5ebb97d7-fd8b-4b7c-a475-c524c107d87c-6220115968","study_id":0,"datetime_start":"2026-06-27T20:29:50.612789"}
{"op_code":5,"worker_id":"5ebb97d7-fd8b-4b7c-a475-c524c107d87c-6220115968","trial_id":58,"param_name":"exploration_constant_c","param_value_internal":0.1307853298951218,"distribution":"{\"name\": \"FloatDistribution\", \"attributes\": {\"step\": null, \"low\": 0.01, \"high\": 1.0, \"log\": true}}"}
{"op_code":5,"worker_id":"5ebb97d7-fd8b-4b7c-a475-c524c107d87c-6220115968","trial_id":58,"param_name":"discount_rate","param_value_internal":0.9476425858548351,"distribution":"{\"name\": \"FloatDistribution\", \"attributes\": {\"step\": null, \"low\": 0.9, \"high\": 0.999, \"log\": false}}"}
{"op_code":6,"worker_id":"5ebb97d7-fd8b-4b7c-a475-c524c107d87c-6152810496","trial_id":45,"state":1,"values":[0.7392,241.0],"datetime_complete":"2026-06-27T20:30:30.022109"}
{"op_code":4,"worker_id":"5ebb97d7-fd8b-4b7c-a475-c524c107d87c-6152810496","study_id":0,"datetime_start":"2026-06-27T20:30:31.366674"}
{"op_code":5,"worker_id":"5ebb97d7-fd8b-4b7c-a475-c524c107d87c-6152810496","trial_id":59,"param_name":"exploration_constant_c","param_value_internal":0.15052549820634026,"distribution":"{\"name\": \"FloatDistribution\", \"attributes\": {\"step\": null, \"low\": 0.01, \"high\": 1.0, \"log\": true}}"}
{"op_code":5,"worker_id":"5ebb97d7-fd8b-4b7c-a475-c524c107d87c-6152810496","trial_id":59,"param_name":"discount_rate","param_value_internal":0.9458356532017413,"distribution":"{\"name\": \"FloatDistribution\", \"attributes\": {\"step\": null, \"low\": 0.9, \"high\": 0.999, \"log\": false}}"}
{"op_code":6,"worker_id":"5ebb97d7-fd8b-4b7c-a475-c524c107d87c-6169636864","trial_id":48,"state":1,"values":[0.633,1069.1],"datetime_complete":"2026-06-27T20:30:34.150543"}
{"op_code":4,"worker_id":"5ebb97d7-fd8b-4b7c-a475-c524c107d87c-6169636864","study_id":0,"datetime_start":"2026-06-27T20:30:37.339925"}
{"op_code":5,"worker_id":"5ebb97d7-fd8b-4b7c-a475-c524c107d87c-6169636864","trial_id":60,"param_name":"exploration_constant_c","param_value_internal":0.11902751592589597,"distribution":"{\"name\": \"FloatDistribution\", \"attributes\": {\"step\": null, \"low\": 0.01, \"high\": 1.0, \"log\": true}}"}
{"op_code":5,"worker_id":"5ebb97d7-fd8b-4b7c-a475-c524c107d87c-6169636864","trial_id":60,"param_name":"discount_rate","param_value_internal":0.9021112407932899,"distribution":"{\"name\": \"FloatDistribution\", \"attributes\": {\"step\": null, \"low\": 0.9, \"high\": 0.999, \"log\": false}}"}
{"op_code":6,"worker_id":"5ebb97d7-fd8b-4b7c-a475-c524c107d87c-6270595072","trial_id":53,"state":1,"values":[0.6316,1019.8],"datetime_complete":"2026-06-27T20:31:19.483648"}
{"op_code":4,"worker_id":"5ebb97d7-fd8b-4b7c-a475-c524c107d87c-6270595072","study_id":0,"datetime_start":"2026-06-27T20:31:20.612413"}
{"op_code":5,"worker_id":"5ebb97d7-fd8b-4b7c-a475-c524c107d87c-6270595072","trial_id":61,"param_name":"exploration_constant_c","param_value_internal":0.16613627223722013,"distribution":"{\"name\": \"FloatDistribution\", \"attributes\": {\"step\": null, \"low\": 0.01, \"high\": 1.0, \"log\": true}}"}
{"op_code":5,"worker_id":"5ebb97d7-fd8b-4b7c-a475-c524c107d87c-6270595072","trial_id":61,"param_name":"discount_rate","param_value_internal":0.9040786820309773,"distribution":"{\"name\": \"FloatDistribution\", \"attributes\": {\"step\": null, \"low\": 0.9, \"high\": 0.999, \"log\": false}}"}
{"op_code":6,"worker_id":"5ebb97d7-fd8b-4b7c-a475-c524c107d87c-6321074176","trial_id":50,"state":1,"values":[0.7144,219.6],"datetime_complete":"2026-06-27T20:31:33.317315"}
{"op_code":4,"worker_id":"5ebb97d7-fd8b-4b7c-a475-c524c107d87c-6321074176","study_id":0,"datetime_start":"2026-06-27T20:31:33.520564"}
{"op_code":5,"worker_id":"5ebb97d7-fd8b-4b7c-a475-c524c107d87c-6321074176","trial_id":62,"param_name":"exploration_constant_c","param_value_internal":0.14198241746752013,"distribution":"{\"name\": \"FloatDistribution\", \"attributes\": {\"step\": null, \"low\": 0.01, \"high\": 1.0, \"log\": true}}"}
{"op_code":5,"worker_id":"5ebb97d7-fd8b-4b7c-a475-c524c107d87c-6321074176","trial_id":62,"param_name":"discount_rate","param_value_internal":0.9933198538311128,"distribution":"{\"name\": \"FloatDistribution\", \"attributes\": {\"step\": null, \"low\": 0.9, \"high\": 0.999, \"log\": false}}"}
{"op_code":6,"worker_id":"5ebb97d7-fd8b-4b7c-a475-c524c107d87c-6287421440","trial_id":49,"state":1,"values":[0.738,249.9],"datetime_complete":"2026-06-27T20:31:52.861738"}
{"op_code":6,"worker_id":"5ebb97d7-fd8b-4b7c-a475-c524c107d87c-6337900544","trial_id":52,"state":1,"values":[0.7284,239.6],"datetime_complete":"2026-06-27T20:31:53.682285"}
{"op_code":4,"worker_id":"5ebb97d7-fd8b-4b7c-a475-c524c107d87c-6287421440","study_id":0,"datetime_start":"2026-06-27T20:31:54.948940"}
{"op_code":4,"worker_id":"5ebb97d7-fd8b-4b7c-a475-c524c107d87c-6337900544","study_id":0,"datetime_start":"2026-06-27T20:31:55.318593"}
{"op_code":5,"worker_id":"5ebb97d7-fd8b-4b7c-a475-c524c107d87c-6287421440","trial_id":63,"param_name":"exploration_constant_c","param_value_internal":0.14686460613188962,"distribution":"{\"name\": \"FloatDistribution\", \"attributes\": {\"step\": null, \"low\": 0.01, \"high\": 1.0, \"log\": true}}"}
{"op_code":5,"worker_id":"5ebb97d7-fd8b-4b7c-a475-c524c107d87c-6287421440","trial_id":63,"param_name":"discount_rate","param_value_internal":0.9927176398314052,"distribution":"{\"name\": \"FloatDistribution\", \"attributes\": {\"step\": null, \"low\": 0.9, \"high\": 0.999, \"log\": false}}"}
{"op_code":5,"worker_id":"5ebb97d7-fd8b-4b7c-a475-c524c107d87c-6337900544","trial_id":64,"param_name":"exploration_constant_c","param_value_internal":0.16575486963086133,"distribution":"{\"name\": \"FloatDistribution\", \"attributes\": {\"step\": null, \"low\": 0.01, \"high\": 1.0, \"log\": true}}"}
{"op_code":5,"worker_id":"5ebb97d7-fd8b-4b7c-a475-c524c107d87c-6337900544","trial_id":64,"param_name":"discount_rate","param_value_internal":0.9488058931385654,"distribution":"{\"name\": \"FloatDistribution\", \"attributes\": {\"step\": null, \"low\": 0.9, \"high\": 0.999, \"log\": false}}"}
{"op_code":6,"worker_id":"5ebb97d7-fd8b-4b7c-a475-c524c107d87c-6304247808","trial_id":51,"state":1,"values":[0.7382,198.4],"datetime_complete":"2026-06-27T20:32:05.803403"}
{"op_code":4,"worker_id":"5ebb97d7-fd8b-4b7c-a475-c524c107d87c-6304247808","study_id":0,"datetime_start":"2026-06-27T20:32:08.174473"}
{"op_code":5,"worker_id":"5ebb97d7-fd8b-4b7c-a475-c524c107d87c-6304247808","trial_id":65,"param_name":"exploration_constant_c","param_value_internal":0.16573078896160762,"distribution":"{\"name\": \"FloatDistribution\", \"attributes\": {\"step\": null, \"low\": 0.01, \"high\": 1.0, \"log\": true}}"}
{"op_code":5,"worker_id":"5ebb97d7-fd8b-4b7c-a475-c524c107d87c-6304247808","trial_id":65,"param_name":"discount_rate","param_value_internal":0.9021554447913185,"distribution":"{\"name\": \"FloatDistribution\", \"attributes\": {\"step\": null, \"low\": 0.9, \"high\": 0.999, \"log\": false}}"}
{"op_code":6,"worker_id":"5ebb97d7-fd8b-4b7c-a475-c524c107d87c-6186463232","trial_id":54,"state":1,"values":[0.7348,234.3],"datetime_complete":"2026-06-27T20:33:27.309367"}
{"op_code":4,"worker_id":"5ebb97d7-fd8b-4b7c-a475-c524c107d87c-6186463232","study_id":0,"datetime_start":"2026-06-27T20:33:28.921940"}
{"op_code":5,"worker_id":"5ebb97d7-fd8b-4b7c-a475-c524c107d87c-6186463232","trial_id":66,"param_name":"exploration_constant_c","param_value_internal":0.16894326554925881,"distribution":"{\"name\": \"FloatDistribution\", \"attributes\": {\"step\": null, \"low\": 0.01, \"high\": 1.0, \"log\": true}}"}
{"op_code":5,"worker_id":"5ebb97d7-fd8b-4b7c-a475-c524c107d87c-6186463232","trial_id":66,"param_name":"discount_rate","param_value_internal":0.9034286108249452,"distribution":"{\"name\": \"FloatDistribution\", \"attributes\": {\"step\": null, \"low\": 0.9, \"high\": 0.999, \"log\": false}}"}
{"op_code":6,"worker_id":"5ebb97d7-fd8b-4b7c-a475-c524c107d87c-6220115968","trial_id":58,"state":1,"values":[0.6412,789.8],"datetime_complete":"2026-06-27T20:33:42.554277"}
{"op_code":4,"worker_id":"5ebb97d7-fd8b-4b7c-a475-c524c107d87c-6220115968","study_id":0,"datetime_start":"2026-06-27T20:33:44.959637"}
{"op_code":6,"worker_id":"5ebb97d7-fd8b-4b7c-a475-c524c107d87c-6169636864","trial_id":60,"state":1,"values":[0.4812,2000.0],"datetime_complete":"2026-06-27T20:33:46.136155"}
{"op_code":5,"worker_id":"5ebb97d7-fd8b-4b7c-a475-c524c107d87c-6220115968","trial_id":67,"param_name":"exploration_constant_c","param_value_internal":0.17303569287947557,"distribution":"{\"name\": \"FloatDistribution\", \"attributes\": {\"step\": null, \"low\": 0.01, \"high\": 1.0, \"log\": true}}"}
{"op_code":4,"worker_id":"5ebb97d7-fd8b-4b7c-a475-c524c107d87c-6169636864","study_id":0,"datetime_start":"2026-06-27T20:33:50.452077"}
{"op_code":5,"worker_id":"5ebb97d7-fd8b-4b7c-a475-c524c107d87c-6220115968","trial_id":67,"param_name":"discount_rate","param_value_internal":0.9934691947258306,"distribution":"{\"name\": \"FloatDistribution\", \"attributes\": {\"step\": null, \"low\": 0.9, \"high\": 0.999, \"log\": false}}"}
{"op_code":5,"worker_id":"5ebb97d7-fd8b-4b7c-a475-c524c107d87c-6169636864","trial_id":68,"param_name":"exploration_constant_c","param_value_internal":0.48542885415713954,"distribution":"{\"name\": \"FloatDistribution\", \"attributes\": {\"step\": null, \"low\": 0.01, \"high\": 1.0, \"log\": true}}"}
{"op_code":5,"worker_id":"5ebb97d7-fd8b-4b7c-a475-c524c107d87c-6169636864","trial_id":68,"param_name":"discount_rate","param_value_internal":0.9944578227722597,"distribution":"{\"name\": \"FloatDistribution\", \"attributes\": {\"step\": null, \"low\": 0.9, \"high\": 0.999, \"log\": false}}"}
{"op_code":6,"worker_id":"5ebb97d7-fd8b-4b7c-a475-c524c107d87c-6270595072","trial_id":61,"state":1,"values":[0.395,2000.0],"datetime_complete":"2026-06-27T20:33:57.581428"}
{"op_code":4,"worker_id":"5ebb97d7-fd8b-4b7c-a475-c524c107d87c-6270595072","study_id":0,"datetime_start":"2026-06-27T20:33:59.182230"}
{"op_code":5,"worker_id":"5ebb97d7-fd8b-4b7c-a475-c524c107d87c-6270595072","trial_id":69,"param_name":"exploration_constant_c","param_value_internal":0.5346343641060074,"distribution":"{\"name\": \"FloatDistribution\", \"attributes\": {\"step\": null, \"low\": 0.01, \"high\": 1.0, \"log\": true}}"}
{"op_code":5,"worker_id":"5ebb97d7-fd8b-4b7c-a475-c524c107d87c-6270595072","trial_id":69,"param_name":"discount_rate","param_value_internal":0.9938140051078493,"distribution":"{\"name\": \"FloatDistribution\", \"attributes\": {\"step\": null, \"low\": 0.9, \"high\": 0.999, \"log\": false}}"}
{"op_code":6,"worker_id":"5ebb97d7-fd8b-4b7c-a475-c524c107d87c-6253768704","trial_id":55,"state":1,"values":[0.7392,266.1],"datetime_complete":"2026-06-27T20:34:01.699153"}
{"op_code":4,"worker_id":"5ebb97d7-fd8b-4b7c-a475-c524c107d87c-6253768704","study_id":0,"datetime_start":"2026-06-27T20:34:03.649203"}
{"op_code":5,"worker_id":"5ebb97d7-fd8b-4b7c-a475-c524c107d87c-6253768704","trial_id":70,"param_name":"exploration_constant_c","param_value_internal":0.5355692935820269,"distribution":"{\"name\": \"FloatDistribution\", \"attributes\": {\"step\": null, \"low\": 0.01, \"high\": 1.0, \"log\": true}}"}
{"op_code":5,"worker_id":"5ebb97d7-fd8b-4b7c-a475-c524c107d87c-6253768704","trial_id":70,"param_name":"discount_rate","param_value_internal":0.9929932822475478,"distribution":"{\"name\": \"FloatDistribution\", \"attributes\": {\"step\": null, \"low\": 0.9, \"high\": 0.999, \"log\": false}}"}
{"op_code":6,"worker_id":"5ebb97d7-fd8b-4b7c-a475-c524c107d87c-6152810496","trial_id":59,"state":1,"values":[0.6372,889.3],"datetime_complete":"2026-06-27T20:34:27.022992"}
{"op_code":4,"worker_id":"5ebb97d7-fd8b-4b7c-a475-c524c107d87c-6152810496","study_id":0,"datetime_start":"2026-06-27T20:34:28.659060"}
{"op_code":5,"worker_id":"5ebb97d7-fd8b-4b7c-a475-c524c107d87c-6152810496","trial_id":71,"param_name":"exploration_constant_c","param_value_internal":0.5359303274916783,"distribution":"{\"name\": \"FloatDistribution\", \"attributes\": {\"step\": null, \"low\": 0.01, \"high\": 1.0, \"log\": true}}"}
{"op_code":5,"worker_id":"5ebb97d7-fd8b-4b7c-a475-c524c107d87c-6152810496","trial_id":71,"param_name":"discount_rate","param_value_internal":0.9534818443362039,"distribution":"{\"name\": \"FloatDistribution\", \"attributes\": {\"step\": null, \"low\": 0.9, \"high\": 0.999, \"log\": false}}"}
{"op_code":6,"worker_id":"5ebb97d7-fd8b-4b7c-a475-c524c107d87c-6236942336","trial_id":57,"state":1,"values":[0.7296,314.1],"datetime_complete":"2026-06-27T20:34:58.942164"}
{"op_code":6,"worker_id":"5ebb97d7-fd8b-4b7c-a475-c524c107d87c-6304247808","trial_id":65,"state":1,"values":[0.409,2000.0],"datetime_complete":"2026-06-27T20:35:00.209521"}
{"op_code":6,"worker_id":"5ebb97d7-fd8b-4b7c-a475-c524c107d87c-6203289600","trial_id":56,"state":1,"values":[0.7266,276.2],"datetime_complete":"2026-06-27T20:35:01.054448"}
{"op_code":4,"worker_id":"5ebb97d7-fd8b-4b7c-a475-c524c107d87c-6236942336","study_id":0,"datetime_start":"2026-06-27T20:35:02.240305"}
{"op_code":4,"worker_id":"5ebb97d7-fd8b-4b7c-a475-c524c107d87c-6304247808","study_id":0,"datetime_start":"2026-06-27T20:35:05.954918"}
{"op_code":4,"worker_id":"5ebb97d7-fd8b-4b7c-a475-c524c107d87c-6203289600","study_id":0,"datetime_start":"2026-06-27T20:35:07.050988"}
{"op_code":5,"worker_id":"5ebb97d7-fd8b-4b7c-a475-c524c107d87c-6236942336","trial_id":72,"param_name":"exploration_constant_c","param_value_internal":0.9259732403108972,"distribution":"{\"name\": \"FloatDistribution\", \"attributes\": {\"step\": null, \"low\": 0.01, \"high\": 1.0, \"log\": true}}"}
{"op_code":5,"worker_id":"5ebb97d7-fd8b-4b7c-a475-c524c107d87c-6236942336","trial_id":72,"param_name":"discount_rate","param_value_internal":0.9546582664078643,"distribution":"{\"name\": \"FloatDistribution\", \"attributes\": {\"step\": null, \"low\": 0.9, \"high\": 0.999, \"log\": false}}"}
{"op_code":5,"worker_id":"5ebb97d7-fd8b-4b7c-a475-c524c107d87c-6304247808","trial_id":73,"param_name":"exploration_constant_c","param_value_internal":0.6129207159059669,"distribution":"{\"name\": \"FloatDistribution\", \"attributes\": {\"step\": null, \"low\": 0.01, \"high\": 1.0, \"log\": true}}"}
{"op_code":5,"worker_id":"5ebb97d7-fd8b-4b7c-a475-c524c107d87c-6203289600","trial_id":74,"param_name":"exploration_constant_c","param_value_internal":0.45574673315284026,"distribution":"{\"name\": \"FloatDistribution\", \"attributes\": {\"step\": null, \"low\": 0.01, \"high\": 1.0, \"log\": true}}"}
{"op_code":5,"worker_id":"5ebb97d7-fd8b-4b7c-a475-c524c107d87c-6304247808","trial_id":73,"param_name":"discount_rate","param_value_internal":0.9554954228739364,"distribution":"{\"name\": \"FloatDistribution\", \"attributes\": {\"step\": null, \"low\": 0.9, \"high\": 0.999, \"log\": false}}"}
{"op_code":5,"worker_id":"5ebb97d7-fd8b-4b7c-a475-c524c107d87c-6203289600","trial_id":74,"param_name":"discount_rate","param_value_internal":0.9933843426794309,"distribution":"{\"name\": \"FloatDistribution\", \"attributes\": {\"step\": null, \"low\": 0.9, \"high\": 0.999, \"log\": false}}"}
{"op_code":6,"worker_id":"5ebb97d7-fd8b-4b7c-a475-c524c107d87c-6337900544","trial_id":64,"state":1,"values":[0.6288,1003.1],"datetime_complete":"2026-06-27T20:35:36.565495"}
{"op_code":4,"worker_id":"5ebb97d7-fd8b-4b7c-a475-c524c107d87c-6337900544","study_id":0,"datetime_start":"2026-06-27T20:35:37.245045"}
{"op_code":5,"worker_id":"5ebb97d7-fd8b-4b7c-a475-c524c107d87c-6337900544","trial_id":75,"param_name":"exploration_constant_c","param_value_internal":0.40828728243435397,"distribution":"{\"name\": \"FloatDistribution\", \"attributes\": {\"step\": null, \"low\": 0.01, \"high\": 1.0, \"log\": true}}"}
{"op_code":5,"worker_id":"5ebb97d7-fd8b-4b7c-a475-c524c107d87c-6337900544","trial_id":75,"param_name":"discount_rate","param_value_internal":0.9539482770340846,"distribution":"{\"name\": \"FloatDistribution\", \"attributes\": {\"step\": null, \"low\": 0.9, \"high\": 0.999, \"log\": false}}"}
{"op_code":6,"worker_id":"5ebb97d7-fd8b-4b7c-a475-c524c107d87c-6186463232","trial_id":66,"state":1,"values":[0.3982,1991.2],"datetime_complete":"2026-06-27T20:36:17.631761"}
{"op_code":4,"worker_id":"5ebb97d7-fd8b-4b7c-a475-c524c107d87c-6186463232","study_id":0,"datetime_start":"2026-06-27T20:36:19.625398"}
{"op_code":5,"worker_id":"5ebb97d7-fd8b-4b7c-a475-c524c107d87c-6186463232","trial_id":76,"param_name":"exploration_constant_c","param_value_internal":0.49672098753616606,"distribution":"{\"name\": \"FloatDistribution\", \"attributes\": {\"step\": null, \"low\": 0.01, \"high\": 1.0, \"log\": true}}"}
{"op_code":5,"worker_id":"5ebb97d7-fd8b-4b7c-a475-c524c107d87c-6186463232","trial_id":76,"param_name":"discount_rate","param_value_internal":0.9557422434926015,"distribution":"{\"name\": \"FloatDistribution\", \"attributes\": {\"step\": null, \"low\": 0.9, \"high\": 0.999, \"log\": false}}"}
{"op_code":6,"worker_id":"5ebb97d7-fd8b-4b7c-a475-c524c107d87c-6321074176","trial_id":62,"state":1,"values":[0.727,308.4],"datetime_complete":"2026-06-27T20:36:52.480523"}
{"op_code":4,"worker_id":"5ebb97d7-fd8b-4b7c-a475-c524c107d87c-6321074176","study_id":0,"datetime_start":"2026-06-27T20:36:55.239143"}
{"op_code":5,"worker_id":"5ebb97d7-fd8b-4b7c-a475-c524c107d87c-6321074176","trial_id":77,"param_name":"exploration_constant_c","param_value_internal":0.4468477227899032,"distribution":"{\"name\": \"FloatDistribution\", \"attributes\": {\"step\": null, \"low\": 0.01, \"high\": 1.0, \"log\": true}}"}
{"op_code":5,"worker_id":"5ebb97d7-fd8b-4b7c-a475-c524c107d87c-6321074176","trial_id":77,"param_name":"discount_rate","param_value_internal":0.9133562120882378,"distribution":"{\"name\": \"FloatDistribution\", \"attributes\": {\"step\": null, \"low\": 0.9, \"high\": 0.999, \"log\": false}}"}
{"op_code":6,"worker_id":"5ebb97d7-fd8b-4b7c-a475-c524c107d87c-6152810496","trial_id":71,"state":1,"values":[0.3036,2000.0],"datetime_complete":"2026-06-27T20:37:12.764979"}
{"op_code":4,"worker_id":"5ebb97d7-fd8b-4b7c-a475-c524c107d87c-6152810496","study_id":0,"datetime_start":"2026-06-27T20:37:15.889505"}
{"op_code":5,"worker_id":"5ebb97d7-fd8b-4b7c-a475-c524c107d87c-6152810496","trial_id":78,"param_name":"exploration_constant_c","param_value_internal":0.21585110489778672,"distribution":"{\"name\": \"FloatDistribution\", \"attributes\": {\"step\": null, \"low\": 0.01, \"high\": 1.0, \"log\": true}}"}
{"op_code":5,"worker_id":"5ebb97d7-fd8b-4b7c-a475-c524c107d87c-6152810496","trial_id":78,"param_name":"discount_rate","param_value_internal":0.9237385262204953,"distribution":"{\"name\": \"FloatDistribution\", \"attributes\": {\"step\": null, \"low\": 0.9, \"high\": 0.999, \"log\": false}}"}
{"op_code":6,"worker_id":"5ebb97d7-fd8b-4b7c-a475-c524c107d87c-6236942336","trial_id":72,"state":1,"values":[0.1012,2000.0],"datetime_complete":"2026-06-27T20:37:32.449144"}
{"op_code":6,"worker_id":"5ebb97d7-fd8b-4b7c-a475-c524c107d87c-6287421440","trial_id":63,"state":1,"values":[0.7314,332.8],"datetime_complete":"2026-06-27T20:37:32.796242"}
{"op_code":4,"worker_id":"5ebb97d7-fd8b-4b7c-a475-c524c107d87c-6236942336","study_id":0,"datetime_start":"2026-06-27T20:37:37.864177"}
{"op_code":4,"worker_id":"5ebb97d7-fd8b-4b7c-a475-c524c107d87c-6287421440","study_id":0,"datetime_start":"2026-06-27T20:37:38.499896"}
{"op_code":5,"worker_id":"5ebb97d7-fd8b-4b7c-a475-c524c107d87c-6236942336","trial_id":79,"param_name":"exploration_constant_c","param_value_internal":0.07245740866442649,"distribution":"{\"name\": \"FloatDistribution\", \"attributes\": {\"step\": null, \"low\": 0.01, \"high\": 1.0, \"log\": true}}"}
{"op_code":5,"worker_id":"5ebb97d7-fd8b-4b7c-a475-c524c107d87c-6287421440","trial_id":80,"param_name":"exploration_constant_c","param_value_internal":0.24787292944591272,"distribution":"{\"name\": \"FloatDistribution\", \"attributes\": {\"step\": null, \"low\": 0.01, \"high\": 1.0, \"log\": true}}"}
{"op_code":5,"worker_id":"5ebb97d7-fd8b-4b7c-a475-c524c107d87c-6236942336","trial_id":79,"param_name":"discount_rate","param_value_internal":0.9668973281918356,"distribution":"{\"name\": \"FloatDistribution\", \"attributes\": {\"step\": null, \"low\": 0.9, \"high\": 0.999, \"log\": false}}"}
{"op_code":5,"worker_id":"5ebb97d7-fd8b-4b7c-a475-c524c107d87c-6287421440","trial_id":80,"param_name":"discount_rate","param_value_internal":0.9163534273707418,"distribution":"{\"name\": \"FloatDistribution\", \"attributes\": {\"step\": null, \"low\": 0.9, \"high\": 0.999, \"log\": false}}"}
{"op_code":6,"worker_id":"5ebb97d7-fd8b-4b7c-a475-c524c107d87c-6304247808","trial_id":73,"state":1,"values":[0.2878,2000.0],"datetime_complete":"2026-06-27T20:37:52.171955"}
{"op_code":4,"worker_id":"5ebb97d7-fd8b-4b7c-a475-c524c107d87c-6304247808","study_id":0,"datetime_start":"2026-06-27T20:37:55.565001"}
{"op_code":5,"worker_id":"5ebb97d7-fd8b-4b7c-a475-c524c107d87c-6304247808","trial_id":81,"param_name":"exploration_constant_c","param_value_internal":0.2234459476075824,"distribution":"{\"name\": \"FloatDistribution\", \"attributes\": {\"step\": null, \"low\": 0.01, \"high\": 1.0, \"log\": true}}"}
{"op_code":5,"worker_id":"5ebb97d7-fd8b-4b7c-a475-c524c107d87c-6304247808","trial_id":81,"param_name":"discount_rate","param_value_internal":0.9099166748745623,"distribution":"{\"name\": \"FloatDistribution\", \"attributes\": {\"step\": null, \"low\": 0.9, \"high\": 0.999, \"log\": false}}"}
{"op_code":6,"worker_id":"5ebb97d7-fd8b-4b7c-a475-c524c107d87c-6337900544","trial_id":75,"state":1,"values":[0.402,2000.0],"datetime_complete":"2026-06-27T20:38:57.024125"}
{"op_code":6,"worker_id":"5ebb97d7-fd8b-4b7c-a475-c524c107d87c-6321074176","trial_id":77,"state":1,"values":[0.1572,2000.0],"datetime_complete":"2026-06-27T20:38:58.171542"}
{"op_code":4,"worker_id":"5ebb97d7-fd8b-4b7c-a475-c524c107d87c-6337900544","study_id":0,"datetime_start":"2026-06-27T20:39:00.845305"}
{"op_code":4,"worker_id":"5ebb97d7-fd8b-4b7c-a475-c524c107d87c-6321074176","study_id":0,"datetime_start":"2026-06-27T20:39:03.438453"}
{"op_code":5,"worker_id":"5ebb97d7-fd8b-4b7c-a475-c524c107d87c-6337900544","trial_id":82,"param_name":"exploration_constant_c","param_value_internal":0.07015864280273344,"distribution":"{\"name\": \"FloatDistribution\", \"attributes\": {\"step\": null, \"low\": 0.01, \"high\": 1.0, \"log\": true}}"}
{"op_code":5,"worker_id":"5ebb97d7-fd8b-4b7c-a475-c524c107d87c-6337900544","trial_id":82,"param_name":"discount_rate","param_value_internal":0.9987085076681366,"distribution":"{\"name\": \"FloatDistribution\", \"attributes\": {\"step\": null, \"low\": 0.9, \"high\": 0.999, \"log\": false}}"}
{"op_code":5,"worker_id":"5ebb97d7-fd8b-4b7c-a475-c524c107d87c-6321074176","trial_id":83,"param_name":"exploration_constant_c","param_value_internal":0.07436022337822273,"distribution":"{\"name\": \"FloatDistribution\", \"attributes\": {\"step\": null, \"low\": 0.01, \"high\": 1.0, \"log\": true}}"}
{"op_code":5,"worker_id":"5ebb97d7-fd8b-4b7c-a475-c524c107d87c-6321074176","trial_id":83,"param_name":"discount_rate","param_value_internal":0.9252144607851251,"distribution":"{\"name\": \"FloatDistribution\", \"attributes\": {\"step\": null, \"low\": 0.9, \"high\": 0.999, \"log\": false}}"}
{"op_code":6,"worker_id":"5ebb97d7-fd8b-4b7c-a475-c524c107d87c-6186463232","trial_id":76,"state":1,"values":[0.3714,1902.2],"datetime_complete":"2026-06-27T20:39:15.876255"}
{"op_code":4,"worker_id":"5ebb97d7-fd8b-4b7c-a475-c524c107d87c-6186463232","study_id":0,"datetime_start":"2026-06-27T20:39:17.855994"}
{"op_code":5,"worker_id":"5ebb97d7-fd8b-4b7c-a475-c524c107d87c-6186463232","trial_id":84,"param_name":"exploration_constant_c","param_value_internal":0.07270742167440063,"distribution":"{\"name\": \"FloatDistribution\", \"attributes\": {\"step\": null, \"low\": 0.01, \"high\": 1.0, \"log\": true}}"}
{"op_code":5,"worker_id":"5ebb97d7-fd8b-4b7c-a475-c524c107d87c-6186463232","trial_id":84,"param_name":"discount_rate","param_value_internal":0.9955816766545276,"distribution":"{\"name\": \"FloatDistribution\", \"attributes\": {\"step\": null, \"low\": 0.9, \"high\": 0.999, \"log\": false}}"}
{"op_code":6,"worker_id":"5ebb97d7-fd8b-4b7c-a475-c524c107d87c-6220115968","trial_id":67,"state":1,"values":[0.7246,423.3],"datetime_complete":"2026-06-27T20:39:47.090235"}
{"op_code":4,"worker_id":"5ebb97d7-fd8b-4b7c-a475-c524c107d87c-6220115968","study_id":0,"datetime_start":"2026-06-27T20:39:49.142255"}
{"op_code":5,"worker_id":"5ebb97d7-fd8b-4b7c-a475-c524c107d87c-6220115968","trial_id":85,"param_name":"exploration_constant_c","param_value_internal":0.23008962921161713,"distribution":"{\"name\": \"FloatDistribution\", \"attributes\": {\"step\": null, \"low\": 0.01, \"high\": 1.0, \"log\": true}}"}
{"op_code":5,"worker_id":"5ebb97d7-fd8b-4b7c-a475-c524c107d87c-6220115968","trial_id":85,"param_name":"discount_rate","param_value_internal":0.9981962952819741,"distribution":"{\"name\": \"FloatDistribution\", \"attributes\": {\"step\": null, \"low\": 0.9, \"high\": 0.999, \"log\": false}}"}
{"op_code":6,"worker_id":"5ebb97d7-fd8b-4b7c-a475-c524c107d87c-6270595072","trial_id":69,"state":1,"values":[0.5832,1701.9],"datetime_complete":"2026-06-27T20:40:02.384460"}
{"op_code":4,"worker_id":"5ebb97d7-fd8b-4b7c-a475-c524c107d87c-6270595072","study_id":0,"datetime_start":"2026-06-27T20:40:03.982043"}
{"op_code":6,"worker_id":"5ebb97d7-fd8b-4b7c-a475-c524c107d87c-6253768704","trial_id":70,"state":1,"values":[0.5854,1493.0],"datetime_complete":"2026-06-27T20:40:06.188250"}
{"op_code":5,"worker_id":"5ebb97d7-fd8b-4b7c-a475-c524c107d87c-6270595072","trial_id":86,"param_name":"exploration_constant_c","param_value_internal":0.07636422185891338,"distribution":"{\"name\": \"FloatDistribution\", \"attributes\": {\"step\": null, \"low\": 0.01, \"high\": 1.0, \"log\": true}}"}
{"op_code":5,"worker_id":"5ebb97d7-fd8b-4b7c-a475-c524c107d87c-6270595072","trial_id":86,"param_name":"discount_rate","param_value_internal":0.9983244147469356,"distribution":"{\"name\": \"FloatDistribution\", \"attributes\": {\"step\": null, \"low\": 0.9, \"high\": 0.999, \"log\": false}}"}
{"op_code":4,"worker_id":"5ebb97d7-fd8b-4b7c-a475-c524c107d87c-6253768704","study_id":0,"datetime_start":"2026-06-27T20:40:09.567401"}
{"op_code":6,"worker_id":"5ebb97d7-fd8b-4b7c-a475-c524c107d87c-6169636864","trial_id":68,"state":1,"values":[0.5958,1799.1],"datetime_complete":"2026-06-27T20:40:10.185206"}
{"op_code":4,"worker_id":"5ebb97d7-fd8b-4b7c-a475-c524c107d87c-6169636864","study_id":0,"datetime_start":"2026-06-27T20:40:14.514122"}
{"op_code":5,"worker_id":"5ebb97d7-fd8b-4b7c-a475-c524c107d87c-6253768704","trial_id":87,"param_name":"exploration_constant_c","param_value_internal":0.07341601291657127,"distribution":"{\"name\": \"FloatDistribution\", \"attributes\": {\"step\": null, \"low\": 0.01, \"high\": 1.0, \"log\": true}}"}
{"op_code":5,"worker_id":"5ebb97d7-fd8b-4b7c-a475-c524c107d87c-6253768704","trial_id":87,"param_name":"discount_rate","param_value_internal":0.9986242897192641,"distribution":"{\"name\": \"FloatDistribution\", \"attributes\": {\"step\": null, \"low\": 0.9, \"high\": 0.999, \"log\": false}}"}
{"op_code":5,"worker_id":"5ebb97d7-fd8b-4b7c-a475-c524c107d87c-6169636864","trial_id":88,"param_name":"exploration_constant_c","param_value_internal":0.07711793300734936,"distribution":"{\"name\": \"FloatDistribution\", \"attributes\": {\"step\": null, \"low\": 0.01, \"high\": 1.0, \"log\": true}}"}
{"op_code":6,"worker_id":"5ebb97d7-fd8b-4b7c-a475-c524c107d87c-6287421440","trial_id":80,"state":1,"values":[0.3494,2000.0],"datetime_complete":"2026-06-27T20:40:19.049971"}
{"op_code":5,"worker_id":"5ebb97d7-fd8b-4b7c-a475-c524c107d87c-6169636864","trial_id":88,"param_name":"discount_rate","param_value_internal":0.9242745467113608,"distribution":"{\"name\": \"FloatDistribution\", \"attributes\": {\"step\": null, \"low\": 0.9, \"high\": 0.999, \"log\": false}}"}
{"op_code":6,"worker_id":"5ebb97d7-fd8b-4b7c-a475-c524c107d87c-6152810496","trial_id":78,"state":1,"values":[0.4356,1916.1],"datetime_complete":"2026-06-27T20:40:23.894202"}
{"op_code":4,"worker_id":"5ebb97d7-fd8b-4b7c-a475-c524c107d87c-6287421440","study_id":0,"datetime_start":"2026-06-27T20:40:24.546705"}
{"op_code":6,"worker_id":"5ebb97d7-fd8b-4b7c-a475-c524c107d87c-6304247808","trial_id":81,"state":1,"values":[0.3824,2000.0],"datetime_complete":"2026-06-27T20:40:27.146834"}
{"op_code":4,"worker_id":"5ebb97d7-fd8b-4b7c-a475-c524c107d87c-6152810496","study_id":0,"datetime_start":"2026-06-27T20:40:28.484273"}
{"op_code":5,"worker_id":"5ebb97d7-fd8b-4b7c-a475-c524c107d87c-6287421440","trial_id":89,"param_name":"exploration_constant_c","param_value_internal":0.0740477037068209,"distribution":"{\"name\": \"FloatDistribution\", \"attributes\": {\"step\": null, \"low\": 0.01, \"high\": 1.0, \"log\": true}}"}
{"op_code":4,"worker_id":"5ebb97d7-fd8b-4b7c-a475-c524c107d87c-6304247808","study_id":0,"datetime_start":"2026-06-27T20:40:33.128553"}
{"op_code":5,"worker_id":"5ebb97d7-fd8b-4b7c-a475-c524c107d87c-6287421440","trial_id":89,"param_name":"discount_rate","param_value_internal":0.9972324592870634,"distribution":"{\"name\": \"FloatDistribution\", \"attributes\": {\"step\": null, \"low\": 0.9, \"high\": 0.999, \"log\": false}}"}
{"op_code":5,"worker_id":"5ebb97d7-fd8b-4b7c-a475-c524c107d87c-6152810496","trial_id":90,"param_name":"exploration_constant_c","param_value_internal":0.0717814874094356,"distribution":"{\"name\": \"FloatDistribution\", \"attributes\": {\"step\": null, \"low\": 0.01, \"high\": 1.0, \"log\": true}}"}
{"op_code":5,"worker_id":"5ebb97d7-fd8b-4b7c-a475-c524c107d87c-6152810496","trial_id":90,"param_name":"discount_rate","param_value_internal":0.997605686101984,"distribution":"{\"name\": \"FloatDistribution\", \"attributes\": {\"step\": null, \"low\": 0.9, \"high\": 0.999, \"log\": false}}"}
{"op_code":5,"worker_id":"5ebb97d7-fd8b-4b7c-a475-c524c107d87c-6304247808","trial_id":91,"param_name":"exploration_constant_c","param_value_internal":0.07731292943540122,"distribution":"{\"name\": \"FloatDistribution\", \"attributes\": {\"step\": null, \"low\": 0.01, \"high\": 1.0, \"log\": true}}"}
{"op_code":5,"worker_id":"5ebb97d7-fd8b-4b7c-a475-c524c107d87c-6304247808","trial_id":91,"param_name":"discount_rate","param_value_internal":0.9680167749746003,"distribution":"{\"name\": \"FloatDistribution\", \"attributes\": {\"step\": null, \"low\": 0.9, \"high\": 0.999, \"log\": false}}"}
{"op_code":6,"worker_id":"5ebb97d7-fd8b-4b7c-a475-c524c107d87c-6203289600","trial_id":74,"state":1,"values":[0.6258,1474.3],"datetime_complete":"2026-06-27T20:41:21.436587"}
{"op_code":4,"worker_id":"5ebb97d7-fd8b-4b7c-a475-c524c107d87c-6203289600","study_id":0,"datetime_start":"2026-06-27T20:41:24.195587"}
{"op_code":5,"worker_id":"5ebb97d7-fd8b-4b7c-a475-c524c107d87c-6203289600","trial_id":92,"param_name":"exploration_constant_c","param_value_internal":0.021987845145067204,"distribution":"{\"name\": \"FloatDistribution\", \"attributes\": {\"step\": null, \"low\": 0.01, \"high\": 1.0, \"log\": true}}"}
{"op_code":5,"worker_id":"5ebb97d7-fd8b-4b7c-a475-c524c107d87c-6203289600","trial_id":92,"param_name":"discount_rate","param_value_internal":0.9981048544484072,"distribution":"{\"name\": \"FloatDistribution\", \"attributes\": {\"step\": null, \"low\": 0.9, \"high\": 0.999, \"log\": false}}"}
{"op_code":6,"worker_id":"5ebb97d7-fd8b-4b7c-a475-c524c107d87c-6236942336","trial_id":79,"state":1,"values":[0.6754,696.1],"datetime_complete":"2026-06-27T20:42:03.610965"}
{"op_code":4,"worker_id":"5ebb97d7-fd8b-4b7c-a475-c524c107d87c-6236942336","study_id":0,"datetime_start":"2026-06-27T20:42:05.802216"}
{"op_code":5,"worker_id":"5ebb97d7-fd8b-4b7c-a475-c524c107d87c-6236942336","trial_id":93,"param_name":"exploration_constant_c","param_value_internal":0.021966523371286295,"distribution":"{\"name\": \"FloatDistribution\", \"attributes\": {\"step\": null, \"low\": 0.01, \"high\": 1.0, \"log\": true}}"}
{"op_code":5,"worker_id":"5ebb97d7-fd8b-4b7c-a475-c524c107d87c-6236942336","trial_id":93,"param_name":"discount_rate","param_value_internal":0.9967734460119321,"distribution":"{\"name\": \"FloatDistribution\", \"attributes\": {\"step\": null, \"low\": 0.9, \"high\": 0.999, \"log\": false}}"}
{"op_code":6,"worker_id":"5ebb97d7-fd8b-4b7c-a475-c524c107d87c-6321074176","trial_id":83,"state":1,"values":[0.613,1043.4],"datetime_complete":"2026-06-27T20:42:33.524804"}
{"op_code":4,"worker_id":"5ebb97d7-fd8b-4b7c-a475-c524c107d87c-6321074176","study_id":0,"datetime_start":"2026-06-27T20:42:34.409139"}
{"op_code":5,"worker_id":"5ebb97d7-fd8b-4b7c-a475-c524c107d87c-6321074176","trial_id":94,"param_name":"exploration_constant_c","param_value_internal":0.018374312991007193,"distribution":"{\"name\": \"FloatDistribution\", \"attributes\": {\"step\": null, \"low\": 0.01, \"high\": 1.0, \"log\": true}}"}
{"op_code":5,"worker_id":"5ebb97d7-fd8b-4b7c-a475-c524c107d87c-6321074176","trial_id":94,"param_name":"discount_rate","param_value_internal":0.9969905917882235,"distribution":"{\"name\": \"FloatDistribution\", \"attributes\": {\"step\": null, \"low\": 0.9, \"high\": 0.999, \"log\": false}}"}
{"op_code":6,"worker_id":"5ebb97d7-fd8b-4b7c-a475-c524c107d87c-6169636864","trial_id":88,"state":1,"values":[0.611,1203.2],"datetime_complete":"2026-06-27T20:43:34.649573"}
{"op_code":4,"worker_id":"5ebb97d7-fd8b-4b7c-a475-c524c107d87c-6169636864","study_id":0,"datetime_start":"2026-06-27T20:43:36.123033"}
{"op_code":5,"worker_id":"5ebb97d7-fd8b-4b7c-a475-c524c107d87c-6169636864","trial_id":95,"param_name":"exploration_constant_c","param_value_internal":0.022652820683648572,"distribution":"{\"name\": \"FloatDistribution\", \"attributes\": {\"step\": null, \"low\": 0.01, \"high\": 1.0, \"log\": true}}"}
{"op_code":5,"worker_id":"5ebb97d7-fd8b-4b7c-a475-c524c107d87c-6169636864","trial_id":95,"param_name":"discount_rate","param_value_internal":0.9979793937819205,"distribution":"{\"name\": \"FloatDistribution\", \"attributes\": {\"step\": null, \"low\": 0.9, \"high\": 0.999, \"log\": false}}"}
{"op_code":6,"worker_id":"5ebb97d7-fd8b-4b7c-a475-c524c107d87c-6337900544","trial_id":82,"state":1,"values":[0.708,324.0],"datetime_complete":"2026-06-27T20:43:53.711388"}
{"op_code":4,"worker_id":"5ebb97d7-fd8b-4b7c-a475-c524c107d87c-6337900544","study_id":0,"datetime_start":"2026-06-27T20:43:55.545002"}
{"op_code":5,"worker_id":"5ebb97d7-fd8b-4b7c-a475-c524c107d87c-6337900544","trial_id":96,"param_name":"exploration_constant_c","param_value_internal":0.022846288379654297,"distribution":"{\"name\": \"FloatDistribution\", \"attributes\": {\"step\": null, \"low\": 0.01, \"high\": 1.0, \"log\": true}}"}
{"op_code":5,"worker_id":"5ebb97d7-fd8b-4b7c-a475-c524c107d87c-6337900544","trial_id":96,"param_name":"discount_rate","param_value_internal":0.9804299159437058,"distribution":"{\"name\": \"FloatDistribution\", \"attributes\": {\"step\": null, \"low\": 0.9, \"high\": 0.999, \"log\": false}}"}
{"op_code":6,"worker_id":"5ebb97d7-fd8b-4b7c-a475-c524c107d87c-6304247808","trial_id":91,"state":1,"values":[0.7248,233.6],"datetime_complete":"2026-06-27T20:44:13.206089"}
{"op_code":4,"worker_id":"5ebb97d7-fd8b-4b7c-a475-c524c107d87c-6304247808","study_id":0,"datetime_start":"2026-06-27T20:44:15.917159"}
{"op_code":5,"worker_id":"5ebb97d7-fd8b-4b7c-a475-c524c107d87c-6304247808","trial_id":97,"param_name":"exploration_constant_c","param_value_internal":0.020280480104560048,"distribution":"{\"name\": \"FloatDistribution\", \"attributes\": {\"step\": null, \"low\": 0.01, \"high\": 1.0, \"log\": true}}"}
{"op_code":5,"worker_id":"5ebb97d7-fd8b-4b7c-a475-c524c107d87c-6304247808","trial_id":97,"param_name":"discount_rate","param_value_internal":0.9862972749000248,"distribution":"{\"name\": \"FloatDistribution\", \"attributes\": {\"step\": null, \"low\": 0.9, \"high\": 0.999, \"log\": false}}"}
{"op_code":6,"worker_id":"5ebb97d7-fd8b-4b7c-a475-c524c107d87c-6186463232","trial_id":84,"state":1,"values":[0.7394,237.0],"datetime_complete":"2026-06-27T20:44:30.606923"}
{"op_code":4,"worker_id":"5ebb97d7-fd8b-4b7c-a475-c524c107d87c-6186463232","study_id":0,"datetime_start":"2026-06-27T20:44:31.404454"}
{"op_code":5,"worker_id":"5ebb97d7-fd8b-4b7c-a475-c524c107d87c-6186463232","trial_id":98,"param_name":"exploration_constant_c","param_value_internal":0.01784274185467981,"distribution":"{\"name\": \"FloatDistribution\", \"attributes\": {\"step\": null, \"low\": 0.01, \"high\": 1.0, \"log\": true}}"}
{"op_code":5,"worker_id":"5ebb97d7-fd8b-4b7c-a475-c524c107d87c-6186463232","trial_id":98,"param_name":"discount_rate","param_value_internal":0.9865162055272355,"distribution":"{\"name\": \"FloatDistribution\", \"attributes\": {\"step\": null, \"low\": 0.9, \"high\": 0.999, \"log\": false}}"}
{"op_code":6,"worker_id":"5ebb97d7-fd8b-4b7c-a475-c524c107d87c-6270595072","trial_id":86,"state":1,"values":[0.705,419.0],"datetime_complete":"2026-06-27T20:44:59.753539"}
{"op_code":4,"worker_id":"5ebb97d7-fd8b-4b7c-a475-c524c107d87c-6270595072","study_id":0,"datetime_start":"2026-06-27T20:45:03.364905"}
{"op_code":5,"worker_id":"5ebb97d7-fd8b-4b7c-a475-c524c107d87c-6270595072","trial_id":99,"param_name":"exploration_constant_c","param_value_internal":0.023928945015988506,"distribution":"{\"name\": \"FloatDistribution\", \"attributes\": {\"step\": null, \"low\": 0.01, \"high\": 1.0, \"log\": true}}"}
{"op_code":5,"worker_id":"5ebb97d7-fd8b-4b7c-a475-c524c107d87c-6270595072","trial_id":99,"param_name":"discount_rate","param_value_internal":0.9802310738907936,"distribution":"{\"name\": \"FloatDistribution\", \"attributes\": {\"step\": null, \"low\": 0.9, \"high\": 0.999, \"log\": false}}"}
{"op_code":6,"worker_id":"5ebb97d7-fd8b-4b7c-a475-c524c107d87c-6287421440","trial_id":89,"state":1,"values":[0.7372,250.7],"datetime_complete":"2026-06-27T20:45:25.120226"}
{"op_code":6,"worker_id":"5ebb97d7-fd8b-4b7c-a475-c524c107d87c-6253768704","trial_id":87,"state":1,"values":[0.6948,572.9],"datetime_complete":"2026-06-27T20:45:26.625670"}
{"op_code":6,"worker_id":"5ebb97d7-fd8b-4b7c-a475-c524c107d87c-6220115968","trial_id":85,"state":1,"values":[0.6244,1279.5],"datetime_complete":"2026-06-27T20:45:27.782774"}
{"op_code":6,"worker_id":"5ebb97d7-fd8b-4b7c-a475-c524c107d87c-6152810496","trial_id":90,"state":1,"values":[0.718,457.4],"datetime_complete":"2026-06-27T20:45:30.921058"}
{"op_code":6,"worker_id":"5ebb97d7-fd8b-4b7c-a475-c524c107d87c-6203289600","trial_id":92,"state":1,"values":[0.7136,357.4],"datetime_complete":"2026-06-27T20:46:00.557355"}
{"op_code":6,"worker_id":"5ebb97d7-fd8b-4b7c-a475-c524c107d87c-6236942336","trial_id":93,"state":1,"values":[0.6648,595.8],"datetime_complete":"2026-06-27T20:46:09.606558"}
{"op_code":6,"worker_id":"5ebb97d7-fd8b-4b7c-a475-c524c107d87c-6321074176","trial_id":94,"state":1,"values":[0.6804,403.8],"datetime_complete":"2026-06-27T20:46:27.586581"}
{"op_code":6,"worker_id":"5ebb97d7-fd8b-4b7c-a475-c524c107d87c-6337900544","trial_id":96,"state":1,"values":[0.6518,604.0],"datetime_complete":"2026-06-27T20:46:48.095853"}
{"op_code":6,"worker_id":"5ebb97d7-fd8b-4b7c-a475-c524c107d87c-6304247808","trial_id":97,"state":1,"values":[0.6702,453.4],"datetime_complete":"2026-06-27T20:46:59.356610"}
{"op_code":6,"worker_id":"5ebb97d7-fd8b-4b7c-a475-c524c107d87c-6169636864","trial_id":95,"state":1,"values":[0.7192,251.4],"datetime_complete":"2026-06-27T20:47:00.976574"}
{"op_code":6,"worker_id":"5ebb97d7-fd8b-4b7c-a475-c524c107d87c-6270595072","trial_id":99,"state":1,"values":[0.6038,811.2],"datetime_complete":"2026-06-27T20:47:04.103443"}
{"op_code":6,"worker_id":"5ebb97d7-fd8b-4b7c-a475-c524c107d87c-6186463232","trial_id":98,"state":1,"values":[0.6304,958.6],"datetime_complete":"2026-06-27T20:47:04.879836"}
