{"op_code":0,"worker_id":"210a5419-37b3-4c3b-9171-33c7bde633f7-8325439104","study_name":"QUEST_Multi_Objective_8x8","directions":[2,1]}
{"op_code":4,"worker_id":"210a5419-37b3-4c3b-9171-33c7bde633f7-6175109120","study_id":0,"datetime_start":"2026-06-27T21:20:59.126096"}
{"op_code":4,"worker_id":"210a5419-37b3-4c3b-9171-33c7bde633f7-6360199168","study_id":0,"datetime_start":"2026-06-27T21:20:59.131842"}
{"op_code":4,"worker_id":"210a5419-37b3-4c3b-9171-33c7bde633f7-6208761856","study_id":0,"datetime_start":"2026-06-27T21:20:59.131530"}
{"op_code":4,"worker_id":"210a5419-37b3-4c3b-9171-33c7bde633f7-6191935488","study_id":0,"datetime_start":"2026-06-27T21:20:59.131564"}
{"op_code":4,"worker_id":"210a5419-37b3-4c3b-9171-33c7bde633f7-6225588224","study_id":0,"datetime_start":"2026-06-27T21:20:59.131612"}
{"op_code":4,"worker_id":"210a5419-37b3-4c3b-9171-33c7bde633f7-6242414592","study_id":0,"datetime_start":"2026-06-27T21:20:59.131646"}
{"op_code":4,"worker_id":"210a5419-37b3-4c3b-9171-33c7bde633f7-6259240960","study_id":0,"datetime_start":"2026-06-27T21:20:59.131679"}
{"op_code":4,"worker_id":"210a5419-37b3-4c3b-9171-33c7bde633f7-6276067328","study_id":0,"datetime_start":"2026-06-27T21:20:59.131712"}
{"op_code":4,"worker_id":"210a5419-37b3-4c3b-9171-33c7bde633f7-6292893696","study_id":0,"datetime_start":"2026-06-27T21:20:59.131738"}
{"op_code":4,"worker_id":"210a5419-37b3-4c3b-9171-33c7bde633f7-6309720064","study_id":0,"datetime_start":"2026-06-27T21:20:59.131768"}
{"op_code":4,"worker_id":"210a5419-37b3-4c3b-9171-33c7bde633f7-6326546432","study_id":0,"datetime_start":"2026-06-27T21:20:59.131792"}
{"op_code":4,"worker_id":"210a5419-37b3-4c3b-9171-33c7bde633f7-6343372800","study_id":0,"datetime_start":"2026-06-27T21:20:59.131815"}
{"op_code":5,"worker_id":"210a5419-37b3-4c3b-9171-33c7bde633f7-6326546432","trial_id":10,"param_name":"exploration_constant_c","param_value_internal":0.016195450376898186,"distribution":"{\"name\": \"FloatDistribution\", \"attributes\": {\"step\": null, \"low\": 0.01, \"high\": 1.0, \"log\": true}}"}
{"op_code":5,"worker_id":"210a5419-37b3-4c3b-9171-33c7bde633f7-6175109120","trial_id":0,"param_name":"exploration_constant_c","param_value_internal":0.0388126286539236,"distribution":"{\"name\": \"FloatDistribution\", \"attributes\": {\"step\": null, \"low\": 0.01, \"high\": 1.0, \"log\": true}}"}
{"op_code":5,"worker_id":"210a5419-37b3-4c3b-9171-33c7bde633f7-6360199168","trial_id":1,"param_name":"exploration_constant_c","param_value_internal":0.013067524889372708,"distribution":"{\"name\": \"FloatDistribution\", \"attributes\": {\"step\": null, \"low\": 0.01, \"high\": 1.0, \"log\": true}}"}
{"op_code":5,"worker_id":"210a5419-37b3-4c3b-9171-33c7bde633f7-6208761856","trial_id":2,"param_name":"exploration_constant_c","param_value_internal":0.025178742572142976,"distribution":"{\"name\": \"FloatDistribution\", \"attributes\": {\"step\": null, \"low\": 0.01, \"high\": 1.0, \"log\": true}}"}
{"op_code":5,"worker_id":"210a5419-37b3-4c3b-9171-33c7bde633f7-6191935488","trial_id":3,"param_name":"exploration_constant_c","param_value_internal":0.015025301279546037,"distribution":"{\"name\": \"FloatDistribution\", \"attributes\": {\"step\": null, \"low\": 0.01, \"high\": 1.0, \"log\": true}}"}
{"op_code":5,"worker_id":"210a5419-37b3-4c3b-9171-33c7bde633f7-6225588224","trial_id":4,"param_name":"exploration_constant_c","param_value_internal":0.040879961704155775,"distribution":"{\"name\": \"FloatDistribution\", \"attributes\": {\"step\": null, \"low\": 0.01, \"high\": 1.0, \"log\": true}}"}
{"op_code":5,"worker_id":"210a5419-37b3-4c3b-9171-33c7bde633f7-6242414592","trial_id":5,"param_name":"exploration_constant_c","param_value_internal":0.057707341618368393,"distribution":"{\"name\": \"FloatDistribution\", \"attributes\": {\"step\": null, \"low\": 0.01, \"high\": 1.0, \"log\": true}}"}
{"op_code":5,"worker_id":"210a5419-37b3-4c3b-9171-33c7bde633f7-6259240960","trial_id":6,"param_name":"exploration_constant_c","param_value_internal":0.05523130462778724,"distribution":"{\"name\": \"FloatDistribution\", \"attributes\": {\"step\": null, \"low\": 0.01, \"high\": 1.0, \"log\": true}}"}
{"op_code":5,"worker_id":"210a5419-37b3-4c3b-9171-33c7bde633f7-6276067328","trial_id":7,"param_name":"exploration_constant_c","param_value_internal":0.355833257687116,"distribution":"{\"name\": \"FloatDistribution\", \"attributes\": {\"step\": null, \"low\": 0.01, \"high\": 1.0, \"log\": true}}"}
{"op_code":5,"worker_id":"210a5419-37b3-4c3b-9171-33c7bde633f7-6292893696","trial_id":8,"param_name":"exploration_constant_c","param_value_internal":0.10774926118005523,"distribution":"{\"name\": \"FloatDistribution\", \"attributes\": {\"step\": null, \"low\": 0.01, \"high\": 1.0, \"log\": true}}"}
{"op_code":5,"worker_id":"210a5419-37b3-4c3b-9171-33c7bde633f7-6309720064","trial_id":9,"param_name":"exploration_constant_c","param_value_internal":0.09616173877304497,"distribution":"{\"name\": \"FloatDistribution\", \"attributes\": {\"step\": null, \"low\": 0.01, \"high\": 1.0, \"log\": true}}"}
{"op_code":5,"worker_id":"210a5419-37b3-4c3b-9171-33c7bde633f7-6326546432","trial_id":10,"param_name":"discount_rate","param_value_internal":0.9839841546263017,"distribution":"{\"name\": \"FloatDistribution\", \"attributes\": {\"step\": null, \"low\": 0.9, \"high\": 0.999, \"log\": false}}"}
{"op_code":5,"worker_id":"210a5419-37b3-4c3b-9171-33c7bde633f7-6175109120","trial_id":0,"param_name":"discount_rate","param_value_internal":0.9394097325838074,"distribution":"{\"name\": \"FloatDistribution\", \"attributes\": {\"step\": null, \"low\": 0.9, \"high\": 0.999, \"log\": false}}"}
{"op_code":5,"worker_id":"210a5419-37b3-4c3b-9171-33c7bde633f7-6360199168","trial_id":1,"param_name":"discount_rate","param_value_internal":0.9458892031583219,"distribution":"{\"name\": \"FloatDistribution\", \"attributes\": {\"step\": null, \"low\": 0.9, \"high\": 0.999, \"log\": false}}"}
{"op_code":5,"worker_id":"210a5419-37b3-4c3b-9171-33c7bde633f7-6208761856","trial_id":2,"param_name":"discount_rate","param_value_internal":0.9416179396716655,"distribution":"{\"name\": \"FloatDistribution\", \"attributes\": {\"step\": null, \"low\": 0.9, \"high\": 0.999, \"log\": false}}"}
{"op_code":5,"worker_id":"210a5419-37b3-4c3b-9171-33c7bde633f7-6191935488","trial_id":3,"param_name":"discount_rate","param_value_internal":0.9742469977880207,"distribution":"{\"name\": \"FloatDistribution\", \"attributes\": {\"step\": null, \"low\": 0.9, \"high\": 0.999, \"log\": false}}"}
{"op_code":5,"worker_id":"210a5419-37b3-4c3b-9171-33c7bde633f7-6225588224","trial_id":4,"param_name":"discount_rate","param_value_internal":0.9442691229602208,"distribution":"{\"name\": \"FloatDistribution\", \"attributes\": {\"step\": null, \"low\": 0.9, \"high\": 0.999, \"log\": false}}"}
{"op_code":5,"worker_id":"210a5419-37b3-4c3b-9171-33c7bde633f7-6242414592","trial_id":5,"param_name":"discount_rate","param_value_internal":0.9408696262349574,"distribution":"{\"name\": \"FloatDistribution\", \"attributes\": {\"step\": null, \"low\": 0.9, \"high\": 0.999, \"log\": false}}"}
{"op_code":5,"worker_id":"210a5419-37b3-4c3b-9171-33c7bde633f7-6259240960","trial_id":6,"param_name":"discount_rate","param_value_internal":0.9704493516326534,"distribution":"{\"name\": \"FloatDistribution\", \"attributes\": {\"step\": null, \"low\": 0.9, \"high\": 0.999, \"log\": false}}"}
{"op_code":5,"worker_id":"210a5419-37b3-4c3b-9171-33c7bde633f7-6276067328","trial_id":7,"param_name":"discount_rate","param_value_internal":0.9815094436666879,"distribution":"{\"name\": \"FloatDistribution\", \"attributes\": {\"step\": null, \"low\": 0.9, \"high\": 0.999, \"log\": false}}"}
{"op_code":5,"worker_id":"210a5419-37b3-4c3b-9171-33c7bde633f7-6292893696","trial_id":8,"param_name":"discount_rate","param_value_internal":0.9967478892241053,"distribution":"{\"name\": \"FloatDistribution\", \"attributes\": {\"step\": null, \"low\": 0.9, \"high\": 0.999, \"log\": false}}"}
{"op_code":5,"worker_id":"210a5419-37b3-4c3b-9171-33c7bde633f7-6309720064","trial_id":9,"param_name":"discount_rate","param_value_internal":0.9943623802025363,"distribution":"{\"name\": \"FloatDistribution\", \"attributes\": {\"step\": null, \"low\": 0.9, \"high\": 0.999, \"log\": false}}"}
{"op_code":5,"worker_id":"210a5419-37b3-4c3b-9171-33c7bde633f7-6343372800","trial_id":11,"param_name":"exploration_constant_c","param_value_internal":0.045343456145080265,"distribution":"{\"name\": \"FloatDistribution\", \"attributes\": {\"step\": null, \"low\": 0.01, \"high\": 1.0, \"log\": true}}"}
{"op_code":5,"worker_id":"210a5419-37b3-4c3b-9171-33c7bde633f7-6343372800","trial_id":11,"param_name":"discount_rate","param_value_internal":0.9066677277478956,"distribution":"{\"name\": \"FloatDistribution\", \"attributes\": {\"step\": null, \"low\": 0.9, \"high\": 0.999, \"log\": false}}"}
{"op_code":6,"worker_id":"210a5419-37b3-4c3b-9171-33c7bde633f7-6343372800","trial_id":11,"state":1,"values":[0.5398,10000.0],"datetime_complete":"2026-06-27T21:37:32.311229"}
{"op_code":4,"worker_id":"210a5419-37b3-4c3b-9171-33c7bde633f7-6343372800","study_id":0,"datetime_start":"2026-06-27T21:37:35.900779"}
{"op_code":5,"worker_id":"210a5419-37b3-4c3b-9171-33c7bde633f7-6343372800","trial_id":12,"param_name":"exploration_constant_c","param_value_internal":0.06714524637399902,"distribution":"{\"name\": \"FloatDistribution\", \"attributes\": {\"step\": null, \"low\": 0.01, \"high\": 1.0, \"log\": true}}"}
{"op_code":5,"worker_id":"210a5419-37b3-4c3b-9171-33c7bde633f7-6343372800","trial_id":12,"param_name":"discount_rate","param_value_internal":0.9893988625852633,"distribution":"{\"name\": \"FloatDistribution\", \"attributes\": {\"step\": null, \"low\": 0.9, \"high\": 0.999, \"log\": false}}"}
{"op_code":6,"worker_id":"210a5419-37b3-4c3b-9171-33c7bde633f7-6360199168","trial_id":1,"state":1,"values":[0.3262,10000.0],"datetime_complete":"2026-06-27T21:38:50.157792"}
{"op_code":4,"worker_id":"210a5419-37b3-4c3b-9171-33c7bde633f7-6360199168","study_id":0,"datetime_start":"2026-06-27T21:38:52.593293"}
{"op_code":5,"worker_id":"210a5419-37b3-4c3b-9171-33c7bde633f7-6360199168","trial_id":13,"param_name":"exploration_constant_c","param_value_internal":0.2411354237719307,"distribution":"{\"name\": \"FloatDistribution\", \"attributes\": {\"step\": null, \"low\": 0.01, \"high\": 1.0, \"log\": true}}"}
{"op_code":5,"worker_id":"210a5419-37b3-4c3b-9171-33c7bde633f7-6360199168","trial_id":13,"param_name":"discount_rate","param_value_internal":0.9983783752885669,"distribution":"{\"name\": \"FloatDistribution\", \"attributes\": {\"step\": null, \"low\": 0.9, \"high\": 0.999, \"log\": false}}"}
{"op_code":6,"worker_id":"210a5419-37b3-4c3b-9171-33c7bde633f7-6208761856","trial_id":2,"state":1,"values":[0.5746,6028.4],"datetime_complete":"2026-06-27T21:40:52.656637"}
{"op_code":4,"worker_id":"210a5419-37b3-4c3b-9171-33c7bde633f7-6208761856","study_id":0,"datetime_start":"2026-06-27T21:40:56.842732"}
{"op_code":5,"worker_id":"210a5419-37b3-4c3b-9171-33c7bde633f7-6208761856","trial_id":14,"param_name":"exploration_constant_c","param_value_internal":0.01802387489544017,"distribution":"{\"name\": \"FloatDistribution\", \"attributes\": {\"step\": null, \"low\": 0.01, \"high\": 1.0, \"log\": true}}"}
{"op_code":5,"worker_id":"210a5419-37b3-4c3b-9171-33c7bde633f7-6208761856","trial_id":14,"param_name":"discount_rate","param_value_internal":0.9553332489520526,"distribution":"{\"name\": \"FloatDistribution\", \"attributes\": {\"step\": null, \"low\": 0.9, \"high\": 0.999, \"log\": false}}"}
{"op_code":6,"worker_id":"210a5419-37b3-4c3b-9171-33c7bde633f7-6175109120","trial_id":0,"state":1,"values":[0.5632,7194.4],"datetime_complete":"2026-06-27T21:41:02.192273"}
{"op_code":4,"worker_id":"210a5419-37b3-4c3b-9171-33c7bde633f7-6175109120","study_id":0,"datetime_start":"2026-06-27T21:41:07.147020"}
{"op_code":6,"worker_id":"210a5419-37b3-4c3b-9171-33c7bde633f7-6225588224","trial_id":4,"state":1,"values":[0.5028,7207.2],"datetime_complete":"2026-06-27T21:41:09.318599"}
{"op_code":5,"worker_id":"210a5419-37b3-4c3b-9171-33c7bde633f7-6175109120","trial_id":15,"param_name":"exploration_constant_c","param_value_internal":0.4037241932209222,"distribution":"{\"name\": \"FloatDistribution\", \"attributes\": {\"step\": null, \"low\": 0.01, \"high\": 1.0, \"log\": true}}"}
{"op_code":5,"worker_id":"210a5419-37b3-4c3b-9171-33c7bde633f7-6175109120","trial_id":15,"param_name":"discount_rate","param_value_internal":0.9323397075058195,"distribution":"{\"name\": \"FloatDistribution\", \"attributes\": {\"step\": null, \"low\": 0.9, \"high\": 0.999, \"log\": false}}"}
{"op_code":4,"worker_id":"210a5419-37b3-4c3b-9171-33c7bde633f7-6225588224","study_id":0,"datetime_start":"2026-06-27T21:41:17.065329"}
{"op_code":5,"worker_id":"210a5419-37b3-4c3b-9171-33c7bde633f7-6225588224","trial_id":16,"param_name":"exploration_constant_c","param_value_internal":0.015367704907293696,"distribution":"{\"name\": \"FloatDistribution\", \"attributes\": {\"step\": null, \"low\": 0.01, \"high\": 1.0, \"log\": true}}"}
{"op_code":5,"worker_id":"210a5419-37b3-4c3b-9171-33c7bde633f7-6225588224","trial_id":16,"param_name":"discount_rate","param_value_internal":0.9086447368963588,"distribution":"{\"name\": \"FloatDistribution\", \"attributes\": {\"step\": null, \"low\": 0.9, \"high\": 0.999, \"log\": false}}"}
{"op_code":6,"worker_id":"210a5419-37b3-4c3b-9171-33c7bde633f7-6242414592","trial_id":5,"state":1,"values":[0.6788,7314.8],"datetime_complete":"2026-06-27T21:41:46.284793"}
{"op_code":4,"worker_id":"210a5419-37b3-4c3b-9171-33c7bde633f7-6242414592","study_id":0,"datetime_start":"2026-06-27T21:41:50.873676"}
{"op_code":5,"worker_id":"210a5419-37b3-4c3b-9171-33c7bde633f7-6242414592","trial_id":17,"param_name":"exploration_constant_c","param_value_internal":0.025463969841312637,"distribution":"{\"name\": \"FloatDistribution\", \"attributes\": {\"step\": null, \"low\": 0.01, \"high\": 1.0, \"log\": true}}"}
{"op_code":5,"worker_id":"210a5419-37b3-4c3b-9171-33c7bde633f7-6242414592","trial_id":17,"param_name":"discount_rate","param_value_internal":0.9984889838872525,"distribution":"{\"name\": \"FloatDistribution\", \"attributes\": {\"step\": null, \"low\": 0.9, \"high\": 0.999, \"log\": false}}"}
{"op_code":6,"worker_id":"210a5419-37b3-4c3b-9171-33c7bde633f7-6191935488","trial_id":3,"state":1,"values":[0.502,6336.0],"datetime_complete":"2026-06-27T21:44:43.206045"}
{"op_code":4,"worker_id":"210a5419-37b3-4c3b-9171-33c7bde633f7-6191935488","study_id":0,"datetime_start":"2026-06-27T21:44:46.541697"}
{"op_code":5,"worker_id":"210a5419-37b3-4c3b-9171-33c7bde633f7-6191935488","trial_id":18,"param_name":"exploration_constant_c","param_value_internal":0.08669577467885872,"distribution":"{\"name\": \"FloatDistribution\", \"attributes\": {\"step\": null, \"low\": 0.01, \"high\": 1.0, \"log\": true}}"}
{"op_code":5,"worker_id":"210a5419-37b3-4c3b-9171-33c7bde633f7-6191935488","trial_id":18,"param_name":"discount_rate","param_value_internal":0.9052825894541481,"distribution":"{\"name\": \"FloatDistribution\", \"attributes\": {\"step\": null, \"low\": 0.9, \"high\": 0.999, \"log\": false}}"}
{"op_code":6,"worker_id":"210a5419-37b3-4c3b-9171-33c7bde633f7-6259240960","trial_id":6,"state":1,"values":[0.709,4523.0],"datetime_complete":"2026-06-27T21:45:04.573388"}
{"op_code":4,"worker_id":"210a5419-37b3-4c3b-9171-33c7bde633f7-6259240960","study_id":0,"datetime_start":"2026-06-27T21:45:08.059234"}
{"op_code":5,"worker_id":"210a5419-37b3-4c3b-9171-33c7bde633f7-6259240960","trial_id":19,"param_name":"exploration_constant_c","param_value_internal":0.14584435043079205,"distribution":"{\"name\": \"FloatDistribution\", \"attributes\": {\"step\": null, \"low\": 0.01, \"high\": 1.0, \"log\": true}}"}
{"op_code":5,"worker_id":"210a5419-37b3-4c3b-9171-33c7bde633f7-6259240960","trial_id":19,"param_name":"discount_rate","param_value_internal":0.9370277908667884,"distribution":"{\"name\": \"FloatDistribution\", \"attributes\": {\"step\": null, \"low\": 0.9, \"high\": 0.999, \"log\": false}}"}
{"op_code":6,"worker_id":"210a5419-37b3-4c3b-9171-33c7bde633f7-6326546432","trial_id":10,"state":1,"values":[0.5062,8064.8],"datetime_complete":"2026-06-27T21:45:32.748970"}
{"op_code":4,"worker_id":"210a5419-37b3-4c3b-9171-33c7bde633f7-6326546432","study_id":0,"datetime_start":"2026-06-27T21:45:35.256516"}
{"op_code":5,"worker_id":"210a5419-37b3-4c3b-9171-33c7bde633f7-6326546432","trial_id":20,"param_name":"exploration_constant_c","param_value_internal":0.027824392062177825,"distribution":"{\"name\": \"FloatDistribution\", \"attributes\": {\"step\": null, \"low\": 0.01, \"high\": 1.0, \"log\": true}}"}
{"op_code":5,"worker_id":"210a5419-37b3-4c3b-9171-33c7bde633f7-6326546432","trial_id":20,"param_name":"discount_rate","param_value_internal":0.9258981065769234,"distribution":"{\"name\": \"FloatDistribution\", \"attributes\": {\"step\": null, \"low\": 0.9, \"high\": 0.999, \"log\": false}}"}
{"op_code":6,"worker_id":"210a5419-37b3-4c3b-9171-33c7bde633f7-6276067328","trial_id":7,"state":1,"values":[0.6792,8591.0],"datetime_complete":"2026-06-27T21:50:53.031444"}
{"op_code":4,"worker_id":"210a5419-37b3-4c3b-9171-33c7bde633f7-6276067328","study_id":0,"datetime_start":"2026-06-27T21:50:56.511911"}
{"op_code":5,"worker_id":"210a5419-37b3-4c3b-9171-33c7bde633f7-6276067328","trial_id":21,"param_name":"exploration_constant_c","param_value_internal":0.18556060350641526,"distribution":"{\"name\": \"FloatDistribution\", \"attributes\": {\"step\": null, \"low\": 0.01, \"high\": 1.0, \"log\": true}}"}
{"op_code":5,"worker_id":"210a5419-37b3-4c3b-9171-33c7bde633f7-6276067328","trial_id":21,"param_name":"discount_rate","param_value_internal":0.9973873222856071,"distribution":"{\"name\": \"FloatDistribution\", \"attributes\": {\"step\": null, \"low\": 0.9, \"high\": 0.999, \"log\": false}}"}
{"op_code":6,"worker_id":"210a5419-37b3-4c3b-9171-33c7bde633f7-6309720064","trial_id":9,"state":1,"values":[0.8748,717.8],"datetime_complete":"2026-06-27T21:53:07.560371"}
{"op_code":4,"worker_id":"210a5419-37b3-4c3b-9171-33c7bde633f7-6309720064","study_id":0,"datetime_start":"2026-06-27T21:53:09.201717"}
{"op_code":5,"worker_id":"210a5419-37b3-4c3b-9171-33c7bde633f7-6309720064","trial_id":22,"param_name":"exploration_constant_c","param_value_internal":0.18708363236088424,"distribution":"{\"name\": \"FloatDistribution\", \"attributes\": {\"step\": null, \"low\": 0.01, \"high\": 1.0, \"log\": true}}"}
{"op_code":5,"worker_id":"210a5419-37b3-4c3b-9171-33c7bde633f7-6309720064","trial_id":22,"param_name":"discount_rate","param_value_internal":0.9977898346852634,"distribution":"{\"name\": \"FloatDistribution\", \"attributes\": {\"step\": null, \"low\": 0.9, \"high\": 0.999, \"log\": false}}"}
{"op_code":6,"worker_id":"210a5419-37b3-4c3b-9171-33c7bde633f7-6292893696","trial_id":8,"state":1,"values":[0.8724,1045.6],"datetime_complete":"2026-06-27T21:54:55.904306"}
{"op_code":4,"worker_id":"210a5419-37b3-4c3b-9171-33c7bde633f7-6292893696","study_id":0,"datetime_start":"2026-06-27T21:54:59.891194"}
{"op_code":5,"worker_id":"210a5419-37b3-4c3b-9171-33c7bde633f7-6292893696","trial_id":23,"param_name":"exploration_constant_c","param_value_internal":0.19016288843974805,"distribution":"{\"name\": \"FloatDistribution\", \"attributes\": {\"step\": null, \"low\": 0.01, \"high\": 1.0, \"log\": true}}"}
{"op_code":5,"worker_id":"210a5419-37b3-4c3b-9171-33c7bde633f7-6292893696","trial_id":23,"param_name":"discount_rate","param_value_internal":0.9989047317529944,"distribution":"{\"name\": \"FloatDistribution\", \"attributes\": {\"step\": null, \"low\": 0.9, \"high\": 0.999, \"log\": false}}"}
{"op_code":6,"worker_id":"210a5419-37b3-4c3b-9171-33c7bde633f7-6175109120","trial_id":15,"state":1,"values":[0.1042,10000.0],"datetime_complete":"2026-06-27T21:55:41.356436"}
{"op_code":4,"worker_id":"210a5419-37b3-4c3b-9171-33c7bde633f7-6175109120","study_id":0,"datetime_start":"2026-06-27T21:55:45.574145"}
{"op_code":5,"worker_id":"210a5419-37b3-4c3b-9171-33c7bde633f7-6175109120","trial_id":24,"param_name":"exploration_constant_c","param_value_internal":0.17540436554109115,"distribution":"{\"name\": \"FloatDistribution\", \"attributes\": {\"step\": null, \"low\": 0.01, \"high\": 1.0, \"log\": true}}"}
{"op_code":5,"worker_id":"210a5419-37b3-4c3b-9171-33c7bde633f7-6175109120","trial_id":24,"param_name":"discount_rate","param_value_internal":0.9929588132877262,"distribution":"{\"name\": \"FloatDistribution\", \"attributes\": {\"step\": null, \"low\": 0.9, \"high\": 0.999, \"log\": false}}"}
{"op_code":6,"worker_id":"210a5419-37b3-4c3b-9171-33c7bde633f7-6225588224","trial_id":16,"state":1,"values":[0.3998,8300.0],"datetime_complete":"2026-06-27T21:57:30.354620"}
{"op_code":4,"worker_id":"210a5419-37b3-4c3b-9171-33c7bde633f7-6225588224","study_id":0,"datetime_start":"2026-06-27T21:57:34.108759"}
{"op_code":5,"worker_id":"210a5419-37b3-4c3b-9171-33c7bde633f7-6225588224","trial_id":25,"param_name":"exploration_constant_c","param_value_internal":0.16982835344163041,"distribution":"{\"name\": \"FloatDistribution\", \"attributes\": {\"step\": null, \"low\": 0.01, \"high\": 1.0, \"log\": true}}"}
{"op_code":5,"worker_id":"210a5419-37b3-4c3b-9171-33c7bde633f7-6225588224","trial_id":25,"param_name":"discount_rate","param_value_internal":0.9978690974334816,"distribution":"{\"name\": \"FloatDistribution\", \"attributes\": {\"step\": null, \"low\": 0.9, \"high\": 0.999, \"log\": false}}"}
{"op_code":6,"worker_id":"210a5419-37b3-4c3b-9171-33c7bde633f7-6191935488","trial_id":18,"state":1,"values":[0.2796,10000.0],"datetime_complete":"2026-06-27T21:59:05.299706"}
{"op_code":4,"worker_id":"210a5419-37b3-4c3b-9171-33c7bde633f7-6191935488","study_id":0,"datetime_start":"2026-06-27T21:59:08.700540"}
{"op_code":5,"worker_id":"210a5419-37b3-4c3b-9171-33c7bde633f7-6191935488","trial_id":26,"param_name":"exploration_constant_c","param_value_internal":0.2076708555416586,"distribution":"{\"name\": \"FloatDistribution\", \"attributes\": {\"step\": null, \"low\": 0.01, \"high\": 1.0, \"log\": true}}"}
{"op_code":5,"worker_id":"210a5419-37b3-4c3b-9171-33c7bde633f7-6191935488","trial_id":26,"param_name":"discount_rate","param_value_internal":0.9978106469278145,"distribution":"{\"name\": \"FloatDistribution\", \"attributes\": {\"step\": null, \"low\": 0.9, \"high\": 0.999, \"log\": false}}"}
{"op_code":6,"worker_id":"210a5419-37b3-4c3b-9171-33c7bde633f7-6208761856","trial_id":14,"state":1,"values":[0.5116,6599.0],"datetime_complete":"2026-06-27T22:00:36.437002"}
{"op_code":4,"worker_id":"210a5419-37b3-4c3b-9171-33c7bde633f7-6208761856","study_id":0,"datetime_start":"2026-06-27T22:00:37.951960"}
{"op_code":5,"worker_id":"210a5419-37b3-4c3b-9171-33c7bde633f7-6208761856","trial_id":27,"param_name":"exploration_constant_c","param_value_internal":0.18866639194578547,"distribution":"{\"name\": \"FloatDistribution\", \"attributes\": {\"step\": null, \"low\": 0.01, \"high\": 1.0, \"log\": true}}"}
{"op_code":5,"worker_id":"210a5419-37b3-4c3b-9171-33c7bde633f7-6208761856","trial_id":27,"param_name":"discount_rate","param_value_internal":0.9913341485184045,"distribution":"{\"name\": \"FloatDistribution\", \"attributes\": {\"step\": null, \"low\": 0.9, \"high\": 0.999, \"log\": false}}"}
{"op_code":6,"worker_id":"210a5419-37b3-4c3b-9171-33c7bde633f7-6326546432","trial_id":20,"state":1,"values":[0.3728,9151.0],"datetime_complete":"2026-06-27T22:02:18.145512"}
{"op_code":4,"worker_id":"210a5419-37b3-4c3b-9171-33c7bde633f7-6326546432","study_id":0,"datetime_start":"2026-06-27T22:02:20.120299"}
{"op_code":5,"worker_id":"210a5419-37b3-4c3b-9171-33c7bde633f7-6326546432","trial_id":28,"param_name":"exploration_constant_c","param_value_internal":0.18400028975249172,"distribution":"{\"name\": \"FloatDistribution\", \"attributes\": {\"step\": null, \"low\": 0.01, \"high\": 1.0, \"log\": true}}"}
{"op_code":5,"worker_id":"210a5419-37b3-4c3b-9171-33c7bde633f7-6326546432","trial_id":28,"param_name":"discount_rate","param_value_internal":0.9947445316045546,"distribution":"{\"name\": \"FloatDistribution\", \"attributes\": {\"step\": null, \"low\": 0.9, \"high\": 0.999, \"log\": false}}"}
{"op_code":6,"worker_id":"210a5419-37b3-4c3b-9171-33c7bde633f7-6259240960","trial_id":19,"state":1,"values":[0.5014,10000.0],"datetime_complete":"2026-06-27T22:02:57.345596"}
{"op_code":4,"worker_id":"210a5419-37b3-4c3b-9171-33c7bde633f7-6259240960","study_id":0,"datetime_start":"2026-06-27T22:02:59.716064"}
{"op_code":5,"worker_id":"210a5419-37b3-4c3b-9171-33c7bde633f7-6259240960","trial_id":29,"param_name":"exploration_constant_c","param_value_internal":0.8886253546936281,"distribution":"{\"name\": \"FloatDistribution\", \"attributes\": {\"step\": null, \"low\": 0.01, \"high\": 1.0, \"log\": true}}"}
{"op_code":5,"worker_id":"210a5419-37b3-4c3b-9171-33c7bde633f7-6259240960","trial_id":29,"param_name":"discount_rate","param_value_internal":0.96021636526954,"distribution":"{\"name\": \"FloatDistribution\", \"attributes\": {\"step\": null, \"low\": 0.9, \"high\": 0.999, \"log\": false}}"}
{"op_code":6,"worker_id":"210a5419-37b3-4c3b-9171-33c7bde633f7-6343372800","trial_id":12,"state":1,"values":[0.8514,413.4],"datetime_complete":"2026-06-27T22:06:32.151744"}
{"op_code":4,"worker_id":"210a5419-37b3-4c3b-9171-33c7bde633f7-6343372800","study_id":0,"datetime_start":"2026-06-27T22:06:33.743991"}
{"op_code":5,"worker_id":"210a5419-37b3-4c3b-9171-33c7bde633f7-6343372800","trial_id":30,"param_name":"exploration_constant_c","param_value_internal":0.9992828611963375,"distribution":"{\"name\": \"FloatDistribution\", \"attributes\": {\"step\": null, \"low\": 0.01, \"high\": 1.0, \"log\": true}}"}
{"op_code":5,"worker_id":"210a5419-37b3-4c3b-9171-33c7bde633f7-6343372800","trial_id":30,"param_name":"discount_rate","param_value_internal":0.9591012271251065,"distribution":"{\"name\": \"FloatDistribution\", \"attributes\": {\"step\": null, \"low\": 0.9, \"high\": 0.999, \"log\": false}}"}
{"op_code":6,"worker_id":"210a5419-37b3-4c3b-9171-33c7bde633f7-6242414592","trial_id":17,"state":1,"values":[0.8952,466.0],"datetime_complete":"2026-06-27T22:10:31.470074"}
{"op_code":4,"worker_id":"210a5419-37b3-4c3b-9171-33c7bde633f7-6242414592","study_id":0,"datetime_start":"2026-06-27T22:10:35.431459"}
{"op_code":5,"worker_id":"210a5419-37b3-4c3b-9171-33c7bde633f7-6242414592","trial_id":31,"param_name":"exploration_constant_c","param_value_internal":0.9332366053112097,"distribution":"{\"name\": \"FloatDistribution\", \"attributes\": {\"step\": null, \"low\": 0.01, \"high\": 1.0, \"log\": true}}"}
{"op_code":5,"worker_id":"210a5419-37b3-4c3b-9171-33c7bde633f7-6242414592","trial_id":31,"param_name":"discount_rate","param_value_internal":0.9597527214608594,"distribution":"{\"name\": \"FloatDistribution\", \"attributes\": {\"step\": null, \"low\": 0.9, \"high\": 0.999, \"log\": false}}"}
{"op_code":6,"worker_id":"210a5419-37b3-4c3b-9171-33c7bde633f7-6360199168","trial_id":13,"state":1,"values":[0.7092,6077.2],"datetime_complete":"2026-06-27T22:15:08.940361"}
{"op_code":4,"worker_id":"210a5419-37b3-4c3b-9171-33c7bde633f7-6360199168","study_id":0,"datetime_start":"2026-06-27T22:15:11.463606"}
{"op_code":5,"worker_id":"210a5419-37b3-4c3b-9171-33c7bde633f7-6360199168","trial_id":32,"param_name":"exploration_constant_c","param_value_internal":0.9064258187803755,"distribution":"{\"name\": \"FloatDistribution\", \"attributes\": {\"step\": null, \"low\": 0.01, \"high\": 1.0, \"log\": true}}"}
{"op_code":5,"worker_id":"210a5419-37b3-4c3b-9171-33c7bde633f7-6360199168","trial_id":32,"param_name":"discount_rate","param_value_internal":0.9886620492367428,"distribution":"{\"name\": \"FloatDistribution\", \"attributes\": {\"step\": null, \"low\": 0.9, \"high\": 0.999, \"log\": false}}"}
{"op_code":6,"worker_id":"210a5419-37b3-4c3b-9171-33c7bde633f7-6259240960","trial_id":29,"state":1,"values":[0.0532,10000.0],"datetime_complete":"2026-06-27T22:20:10.700630"}
{"op_code":4,"worker_id":"210a5419-37b3-4c3b-9171-33c7bde633f7-6259240960","study_id":0,"datetime_start":"2026-06-27T22:20:13.308274"}
{"op_code":5,"worker_id":"210a5419-37b3-4c3b-9171-33c7bde633f7-6259240960","trial_id":33,"param_name":"exploration_constant_c","param_value_internal":0.010276682706318022,"distribution":"{\"name\": \"FloatDistribution\", \"attributes\": {\"step\": null, \"low\": 0.01, \"high\": 1.0, \"log\": true}}"}
{"op_code":5,"worker_id":"210a5419-37b3-4c3b-9171-33c7bde633f7-6259240960","trial_id":33,"param_name":"discount_rate","param_value_internal":0.988388923194411,"distribution":"{\"name\": \"FloatDistribution\", \"attributes\": {\"step\": null, \"low\": 0.9, \"high\": 0.999, \"log\": false}}"}
{"op_code":6,"worker_id":"210a5419-37b3-4c3b-9171-33c7bde633f7-6343372800","trial_id":30,"state":1,"values":[0.0318,10000.0],"datetime_complete":"2026-06-27T22:22:51.015856"}
{"op_code":4,"worker_id":"210a5419-37b3-4c3b-9171-33c7bde633f7-6343372800","study_id":0,"datetime_start":"2026-06-27T22:22:52.237846"}
{"op_code":5,"worker_id":"210a5419-37b3-4c3b-9171-33c7bde633f7-6343372800","trial_id":34,"param_name":"exploration_constant_c","param_value_internal":0.02787429329425533,"distribution":"{\"name\": \"FloatDistribution\", \"attributes\": {\"step\": null, \"low\": 0.01, \"high\": 1.0, \"log\": true}}"}
{"op_code":5,"worker_id":"210a5419-37b3-4c3b-9171-33c7bde633f7-6343372800","trial_id":34,"param_name":"discount_rate","param_value_internal":0.9903961083012751,"distribution":"{\"name\": \"FloatDistribution\", \"attributes\": {\"step\": null, \"low\": 0.9, \"high\": 0.999, \"log\": false}}"}
{"op_code":6,"worker_id":"210a5419-37b3-4c3b-9171-33c7bde633f7-6276067328","trial_id":21,"state":1,"values":[0.8194,2565.4],"datetime_complete":"2026-06-27T22:24:08.246301"}
{"op_code":4,"worker_id":"210a5419-37b3-4c3b-9171-33c7bde633f7-6276067328","study_id":0,"datetime_start":"2026-06-27T22:24:11.570352"}
{"op_code":5,"worker_id":"210a5419-37b3-4c3b-9171-33c7bde633f7-6276067328","trial_id":35,"param_name":"exploration_constant_c","param_value_internal":0.025565618322662836,"distribution":"{\"name\": \"FloatDistribution\", \"attributes\": {\"step\": null, \"low\": 0.01, \"high\": 1.0, \"log\": true}}"}
{"op_code":5,"worker_id":"210a5419-37b3-4c3b-9171-33c7bde633f7-6276067328","trial_id":35,"param_name":"discount_rate","param_value_internal":0.9885472395574605,"distribution":"{\"name\": \"FloatDistribution\", \"attributes\": {\"step\": null, \"low\": 0.9, \"high\": 0.999, \"log\": false}}"}
{"op_code":6,"worker_id":"210a5419-37b3-4c3b-9171-33c7bde633f7-6309720064","trial_id":22,"state":1,"values":[0.8132,3359.4],"datetime_complete":"2026-06-27T22:25:39.536411"}
{"op_code":4,"worker_id":"210a5419-37b3-4c3b-9171-33c7bde633f7-6309720064","study_id":0,"datetime_start":"2026-06-27T22:25:43.427012"}
{"op_code":5,"worker_id":"210a5419-37b3-4c3b-9171-33c7bde633f7-6309720064","trial_id":36,"param_name":"exploration_constant_c","param_value_internal":0.02384674406031791,"distribution":"{\"name\": \"FloatDistribution\", \"attributes\": {\"step\": null, \"low\": 0.01, \"high\": 1.0, \"log\": true}}"}
{"op_code":5,"worker_id":"210a5419-37b3-4c3b-9171-33c7bde633f7-6309720064","trial_id":36,"param_name":"discount_rate","param_value_internal":0.9873540871878379,"distribution":"{\"name\": \"FloatDistribution\", \"attributes\": {\"step\": null, \"low\": 0.9, \"high\": 0.999, \"log\": false}}"}
{"op_code":6,"worker_id":"210a5419-37b3-4c3b-9171-33c7bde633f7-6175109120","trial_id":24,"state":1,"values":[0.843,1805.4],"datetime_complete":"2026-06-27T22:26:08.747739"}
{"op_code":4,"worker_id":"210a5419-37b3-4c3b-9171-33c7bde633f7-6175109120","study_id":0,"datetime_start":"2026-06-27T22:26:11.995204"}
{"op_code":5,"worker_id":"210a5419-37b3-4c3b-9171-33c7bde633f7-6175109120","trial_id":37,"param_name":"exploration_constant_c","param_value_internal":0.010506478827834925,"distribution":"{\"name\": \"FloatDistribution\", \"attributes\": {\"step\": null, \"low\": 0.01, \"high\": 1.0, \"log\": true}}"}
{"op_code":5,"worker_id":"210a5419-37b3-4c3b-9171-33c7bde633f7-6175109120","trial_id":37,"param_name":"discount_rate","param_value_internal":0.9864160744178158,"distribution":"{\"name\": \"FloatDistribution\", \"attributes\": {\"step\": null, \"low\": 0.9, \"high\": 0.999, \"log\": false}}"}
{"op_code":6,"worker_id":"210a5419-37b3-4c3b-9171-33c7bde633f7-6242414592","trial_id":31,"state":1,"values":[0.0382,10000.0],"datetime_complete":"2026-06-27T22:27:51.931554"}
{"op_code":4,"worker_id":"210a5419-37b3-4c3b-9171-33c7bde633f7-6242414592","study_id":0,"datetime_start":"2026-06-27T22:27:54.839140"}
{"op_code":5,"worker_id":"210a5419-37b3-4c3b-9171-33c7bde633f7-6242414592","trial_id":38,"param_name":"exploration_constant_c","param_value_internal":0.0267629099793334,"distribution":"{\"name\": \"FloatDistribution\", \"attributes\": {\"step\": null, \"low\": 0.01, \"high\": 1.0, \"log\": true}}"}
{"op_code":5,"worker_id":"210a5419-37b3-4c3b-9171-33c7bde633f7-6242414592","trial_id":38,"param_name":"discount_rate","param_value_internal":0.9869455970839985,"distribution":"{\"name\": \"FloatDistribution\", \"attributes\": {\"step\": null, \"low\": 0.9, \"high\": 0.999, \"log\": false}}"}
{"op_code":6,"worker_id":"210a5419-37b3-4c3b-9171-33c7bde633f7-6225588224","trial_id":25,"state":1,"values":[0.8182,3348.4],"datetime_complete":"2026-06-27T22:28:58.047702"}
{"op_code":4,"worker_id":"210a5419-37b3-4c3b-9171-33c7bde633f7-6225588224","study_id":0,"datetime_start":"2026-06-27T22:29:02.546669"}
{"op_code":5,"worker_id":"210a5419-37b3-4c3b-9171-33c7bde633f7-6225588224","trial_id":39,"param_name":"exploration_constant_c","param_value_internal":0.010316904714593131,"distribution":"{\"name\": \"FloatDistribution\", \"attributes\": {\"step\": null, \"low\": 0.01, \"high\": 1.0, \"log\": true}}"}
{"op_code":5,"worker_id":"210a5419-37b3-4c3b-9171-33c7bde633f7-6225588224","trial_id":39,"param_name":"discount_rate","param_value_internal":0.9872311893976686,"distribution":"{\"name\": \"FloatDistribution\", \"attributes\": {\"step\": null, \"low\": 0.9, \"high\": 0.999, \"log\": false}}"}
{"op_code":6,"worker_id":"210a5419-37b3-4c3b-9171-33c7bde633f7-6208761856","trial_id":27,"state":1,"values":[0.836,1809.6],"datetime_complete":"2026-06-27T22:29:49.193442"}
{"op_code":6,"worker_id":"210a5419-37b3-4c3b-9171-33c7bde633f7-6292893696","trial_id":23,"state":1,"values":[0.7046,7225.0],"datetime_complete":"2026-06-27T22:29:49.574898"}
{"op_code":4,"worker_id":"210a5419-37b3-4c3b-9171-33c7bde633f7-6208761856","study_id":0,"datetime_start":"2026-06-27T22:29:55.685938"}
{"op_code":4,"worker_id":"210a5419-37b3-4c3b-9171-33c7bde633f7-6292893696","study_id":0,"datetime_start":"2026-06-27T22:29:56.091016"}
{"op_code":5,"worker_id":"210a5419-37b3-4c3b-9171-33c7bde633f7-6208761856","trial_id":40,"param_name":"exploration_constant_c","param_value_internal":0.010150260544677514,"distribution":"{\"name\": \"FloatDistribution\", \"attributes\": {\"step\": null, \"low\": 0.01, \"high\": 1.0, \"log\": true}}"}
{"op_code":5,"worker_id":"210a5419-37b3-4c3b-9171-33c7bde633f7-6292893696","trial_id":41,"param_name":"exploration_constant_c","param_value_internal":0.010769853201643639,"distribution":"{\"name\": \"FloatDistribution\", \"attributes\": {\"step\": null, \"low\": 0.01, \"high\": 1.0, \"log\": true}}"}
{"op_code":5,"worker_id":"210a5419-37b3-4c3b-9171-33c7bde633f7-6208761856","trial_id":40,"param_name":"discount_rate","param_value_internal":0.9831172178151381,"distribution":"{\"name\": \"FloatDistribution\", \"attributes\": {\"step\": null, \"low\": 0.9, \"high\": 0.999, \"log\": false}}"}
{"op_code":5,"worker_id":"210a5419-37b3-4c3b-9171-33c7bde633f7-6292893696","trial_id":41,"param_name":"discount_rate","param_value_internal":0.9811632587500669,"distribution":"{\"name\": \"FloatDistribution\", \"attributes\": {\"step\": null, \"low\": 0.9, \"high\": 0.999, \"log\": false}}"}
{"op_code":6,"worker_id":"210a5419-37b3-4c3b-9171-33c7bde633f7-6191935488","trial_id":26,"state":1,"values":[0.8018,4083.2],"datetime_complete":"2026-06-27T22:32:41.912274"}
{"op_code":4,"worker_id":"210a5419-37b3-4c3b-9171-33c7bde633f7-6191935488","study_id":0,"datetime_start":"2026-06-27T22:32:46.452265"}
{"op_code":5,"worker_id":"210a5419-37b3-4c3b-9171-33c7bde633f7-6191935488","trial_id":42,"param_name":"exploration_constant_c","param_value_internal":0.02595127806446533,"distribution":"{\"name\": \"FloatDistribution\", \"attributes\": {\"step\": null, \"low\": 0.01, \"high\": 1.0, \"log\": true}}"}
{"op_code":5,"worker_id":"210a5419-37b3-4c3b-9171-33c7bde633f7-6191935488","trial_id":42,"param_name":"discount_rate","param_value_internal":0.9863331024936258,"distribution":"{\"name\": \"FloatDistribution\", \"attributes\": {\"step\": null, \"low\": 0.9, \"high\": 0.999, \"log\": false}}"}
{"op_code":6,"worker_id":"210a5419-37b3-4c3b-9171-33c7bde633f7-6326546432","trial_id":28,"state":1,"values":[0.8452,1692.6],"datetime_complete":"2026-06-27T22:33:22.825640"}
{"op_code":4,"worker_id":"210a5419-37b3-4c3b-9171-33c7bde633f7-6326546432","study_id":0,"datetime_start":"2026-06-27T22:33:26.657719"}
{"op_code":5,"worker_id":"210a5419-37b3-4c3b-9171-33c7bde633f7-6326546432","trial_id":43,"param_name":"exploration_constant_c","param_value_internal":0.025794411182155107,"distribution":"{\"name\": \"FloatDistribution\", \"attributes\": {\"step\": null, \"low\": 0.01, \"high\": 1.0, \"log\": true}}"}
{"op_code":5,"worker_id":"210a5419-37b3-4c3b-9171-33c7bde633f7-6326546432","trial_id":43,"param_name":"discount_rate","param_value_internal":0.9870233770212105,"distribution":"{\"name\": \"FloatDistribution\", \"attributes\": {\"step\": null, \"low\": 0.9, \"high\": 0.999, \"log\": false}}"}
{"op_code":6,"worker_id":"210a5419-37b3-4c3b-9171-33c7bde633f7-6259240960","trial_id":33,"state":1,"values":[0.5516,8124.0],"datetime_complete":"2026-06-27T22:44:07.274832"}
{"op_code":4,"worker_id":"210a5419-37b3-4c3b-9171-33c7bde633f7-6259240960","study_id":0,"datetime_start":"2026-06-27T22:44:11.780512"}
{"op_code":5,"worker_id":"210a5419-37b3-4c3b-9171-33c7bde633f7-6259240960","trial_id":44,"param_name":"exploration_constant_c","param_value_internal":0.02447188722039634,"distribution":"{\"name\": \"FloatDistribution\", \"attributes\": {\"step\": null, \"low\": 0.01, \"high\": 1.0, \"log\": true}}"}
{"op_code":5,"worker_id":"210a5419-37b3-4c3b-9171-33c7bde633f7-6259240960","trial_id":44,"param_name":"discount_rate","param_value_internal":0.9766918563031738,"distribution":"{\"name\": \"FloatDistribution\", \"attributes\": {\"step\": null, \"low\": 0.9, \"high\": 0.999, \"log\": false}}"}
{"op_code":6,"worker_id":"210a5419-37b3-4c3b-9171-33c7bde633f7-6360199168","trial_id":32,"state":1,"values":[0.3522,10000.0],"datetime_complete":"2026-06-27T22:45:12.481003"}
{"op_code":4,"worker_id":"210a5419-37b3-4c3b-9171-33c7bde633f7-6360199168","study_id":0,"datetime_start":"2026-06-27T22:45:16.593792"}
{"op_code":5,"worker_id":"210a5419-37b3-4c3b-9171-33c7bde633f7-6360199168","trial_id":45,"param_name":"exploration_constant_c","param_value_internal":0.02739353999670895,"distribution":"{\"name\": \"FloatDistribution\", \"attributes\": {\"step\": null, \"low\": 0.01, \"high\": 1.0, \"log\": true}}"}
{"op_code":5,"worker_id":"210a5419-37b3-4c3b-9171-33c7bde633f7-6360199168","trial_id":45,"param_name":"discount_rate","param_value_internal":0.9767801425004187,"distribution":"{\"name\": \"FloatDistribution\", \"attributes\": {\"step\": null, \"low\": 0.9, \"high\": 0.999, \"log\": false}}"}
{"op_code":6,"worker_id":"210a5419-37b3-4c3b-9171-33c7bde633f7-6343372800","trial_id":34,"state":1,"values":[0.6836,4443.2],"datetime_complete":"2026-06-27T22:47:56.520749"}
{"op_code":4,"worker_id":"210a5419-37b3-4c3b-9171-33c7bde633f7-6343372800","study_id":0,"datetime_start":"2026-06-27T22:48:02.566199"}
{"op_code":5,"worker_id":"210a5419-37b3-4c3b-9171-33c7bde633f7-6343372800","trial_id":46,"param_name":"exploration_constant_c","param_value_internal":0.08619763873687589,"distribution":"{\"name\": \"FloatDistribution\", \"attributes\": {\"step\": null, \"low\": 0.01, \"high\": 1.0, \"log\": true}}"}
{"op_code":5,"worker_id":"210a5419-37b3-4c3b-9171-33c7bde633f7-6343372800","trial_id":46,"param_name":"discount_rate","param_value_internal":0.971122583583692,"distribution":"{\"name\": \"FloatDistribution\", \"attributes\": {\"step\": null, \"low\": 0.9, \"high\": 0.999, \"log\": false}}"}
{"op_code":6,"worker_id":"210a5419-37b3-4c3b-9171-33c7bde633f7-6276067328","trial_id":35,"state":1,"values":[0.7124,6158.6],"datetime_complete":"2026-06-27T22:50:06.020667"}
{"op_code":4,"worker_id":"210a5419-37b3-4c3b-9171-33c7bde633f7-6276067328","study_id":0,"datetime_start":"2026-06-27T22:50:09.956601"}
{"op_code":5,"worker_id":"210a5419-37b3-4c3b-9171-33c7bde633f7-6276067328","trial_id":47,"param_name":"exploration_constant_c","param_value_internal":0.08787004986807836,"distribution":"{\"name\": \"FloatDistribution\", \"attributes\": {\"step\": null, \"low\": 0.01, \"high\": 1.0, \"log\": true}}"}
{"op_code":5,"worker_id":"210a5419-37b3-4c3b-9171-33c7bde633f7-6276067328","trial_id":47,"param_name":"discount_rate","param_value_internal":0.9768848761992592,"distribution":"{\"name\": \"FloatDistribution\", \"attributes\": {\"step\": null, \"low\": 0.9, \"high\": 0.999, \"log\": false}}"}
{"op_code":6,"worker_id":"210a5419-37b3-4c3b-9171-33c7bde633f7-6175109120","trial_id":37,"state":1,"values":[0.3766,10000.0],"datetime_complete":"2026-06-27T22:50:56.496424"}
{"op_code":4,"worker_id":"210a5419-37b3-4c3b-9171-33c7bde633f7-6175109120","study_id":0,"datetime_start":"2026-06-27T22:51:00.385840"}
{"op_code":5,"worker_id":"210a5419-37b3-4c3b-9171-33c7bde633f7-6175109120","trial_id":48,"param_name":"exploration_constant_c","param_value_internal":0.08093440681430314,"distribution":"{\"name\": \"FloatDistribution\", \"attributes\": {\"step\": null, \"low\": 0.01, \"high\": 1.0, \"log\": true}}"}
{"op_code":5,"worker_id":"210a5419-37b3-4c3b-9171-33c7bde633f7-6175109120","trial_id":48,"param_name":"discount_rate","param_value_internal":0.9776440230241134,"distribution":"{\"name\": \"FloatDistribution\", \"attributes\": {\"step\": null, \"low\": 0.9, \"high\": 0.999, \"log\": false}}"}
{"op_code":6,"worker_id":"210a5419-37b3-4c3b-9171-33c7bde633f7-6292893696","trial_id":41,"state":1,"values":[0.4092,10000.0],"datetime_complete":"2026-06-27T22:51:26.738892"}
{"op_code":4,"worker_id":"210a5419-37b3-4c3b-9171-33c7bde633f7-6292893696","study_id":0,"datetime_start":"2026-06-27T22:51:33.969150"}
{"op_code":5,"worker_id":"210a5419-37b3-4c3b-9171-33c7bde633f7-6292893696","trial_id":49,"param_name":"exploration_constant_c","param_value_internal":0.08276324580396945,"distribution":"{\"name\": \"FloatDistribution\", \"attributes\": {\"step\": null, \"low\": 0.01, \"high\": 1.0, \"log\": true}}"}
{"op_code":5,"worker_id":"210a5419-37b3-4c3b-9171-33c7bde633f7-6292893696","trial_id":49,"param_name":"discount_rate","param_value_internal":0.975770031505078,"distribution":"{\"name\": \"FloatDistribution\", \"attributes\": {\"step\": null, \"low\": 0.9, \"high\": 0.999, \"log\": false}}"}
{"op_code":6,"worker_id":"210a5419-37b3-4c3b-9171-33c7bde633f7-6309720064","trial_id":36,"state":1,"values":[0.688,4350.2],"datetime_complete":"2026-06-27T22:52:06.350063"}
{"op_code":4,"worker_id":"210a5419-37b3-4c3b-9171-33c7bde633f7-6309720064","study_id":0,"datetime_start":"2026-06-27T22:52:11.196808"}
{"op_code":5,"worker_id":"210a5419-37b3-4c3b-9171-33c7bde633f7-6309720064","trial_id":50,"param_name":"exploration_constant_c","param_value_internal":0.09001211524816685,"distribution":"{\"name\": \"FloatDistribution\", \"attributes\": {\"step\": null, \"low\": 0.01, \"high\": 1.0, \"log\": true}}"}
{"op_code":5,"worker_id":"210a5419-37b3-4c3b-9171-33c7bde633f7-6309720064","trial_id":50,"param_name":"discount_rate","param_value_internal":0.9673205421200228,"distribution":"{\"name\": \"FloatDistribution\", \"attributes\": {\"step\": null, \"low\": 0.9, \"high\": 0.999, \"log\": false}}"}
{"op_code":6,"worker_id":"210a5419-37b3-4c3b-9171-33c7bde633f7-6225588224","trial_id":39,"state":1,"values":[0.4462,8116.2],"datetime_complete":"2026-06-27T22:53:11.412324"}
{"op_code":6,"worker_id":"210a5419-37b3-4c3b-9171-33c7bde633f7-6242414592","trial_id":38,"state":1,"values":[0.5996,7313.2],"datetime_complete":"2026-06-27T22:53:13.607712"}
{"op_code":4,"worker_id":"210a5419-37b3-4c3b-9171-33c7bde633f7-6225588224","study_id":0,"datetime_start":"2026-06-27T22:53:13.948377"}
{"op_code":4,"worker_id":"210a5419-37b3-4c3b-9171-33c7bde633f7-6242414592","study_id":0,"datetime_start":"2026-06-27T22:53:19.773347"}
{"op_code":5,"worker_id":"210a5419-37b3-4c3b-9171-33c7bde633f7-6225588224","trial_id":51,"param_name":"exploration_constant_c","param_value_internal":0.07019459525607676,"distribution":"{\"name\": \"FloatDistribution\", \"attributes\": {\"step\": null, \"low\": 0.01, \"high\": 1.0, \"log\": true}}"}
{"op_code":5,"worker_id":"210a5419-37b3-4c3b-9171-33c7bde633f7-6225588224","trial_id":51,"param_name":"discount_rate","param_value_internal":0.9755638954955775,"distribution":"{\"name\": \"FloatDistribution\", \"attributes\": {\"step\": null, \"low\": 0.9, \"high\": 0.999, \"log\": false}}"}
{"op_code":5,"worker_id":"210a5419-37b3-4c3b-9171-33c7bde633f7-6242414592","trial_id":52,"param_name":"exploration_constant_c","param_value_internal":0.07645114869259036,"distribution":"{\"name\": \"FloatDistribution\", \"attributes\": {\"step\": null, \"low\": 0.01, \"high\": 1.0, \"log\": true}}"}
{"op_code":5,"worker_id":"210a5419-37b3-4c3b-9171-33c7bde633f7-6242414592","trial_id":52,"param_name":"discount_rate","param_value_internal":0.9716147554341513,"distribution":"{\"name\": \"FloatDistribution\", \"attributes\": {\"step\": null, \"low\": 0.9, \"high\": 0.999, \"log\": false}}"}
{"op_code":6,"worker_id":"210a5419-37b3-4c3b-9171-33c7bde633f7-6208761856","trial_id":40,"state":1,"values":[0.5012,8095.8],"datetime_complete":"2026-06-27T22:53:34.838528"}
{"op_code":4,"worker_id":"210a5419-37b3-4c3b-9171-33c7bde633f7-6208761856","study_id":0,"datetime_start":"2026-06-27T22:53:40.428656"}
{"op_code":5,"worker_id":"210a5419-37b3-4c3b-9171-33c7bde633f7-6208761856","trial_id":53,"param_name":"exploration_constant_c","param_value_internal":0.06417787726266076,"distribution":"{\"name\": \"FloatDistribution\", \"attributes\": {\"step\": null, \"low\": 0.01, \"high\": 1.0, \"log\": true}}"}
{"op_code":5,"worker_id":"210a5419-37b3-4c3b-9171-33c7bde633f7-6208761856","trial_id":53,"param_name":"discount_rate","param_value_internal":0.9751515171322868,"distribution":"{\"name\": \"FloatDistribution\", \"attributes\": {\"step\": null, \"low\": 0.9, \"high\": 0.999, \"log\": false}}"}
{"op_code":6,"worker_id":"210a5419-37b3-4c3b-9171-33c7bde633f7-6191935488","trial_id":42,"state":1,"values":[0.847,1691.0],"datetime_complete":"2026-06-27T22:58:38.408066"}
{"op_code":4,"worker_id":"210a5419-37b3-4c3b-9171-33c7bde633f7-6191935488","study_id":0,"datetime_start":"2026-06-27T22:58:40.778187"}
{"op_code":6,"worker_id":"210a5419-37b3-4c3b-9171-33c7bde633f7-6326546432","trial_id":43,"state":1,"values":[0.7632,2340.0],"datetime_complete":"2026-06-27T22:58:42.833700"}
{"op_code":5,"worker_id":"210a5419-37b3-4c3b-9171-33c7bde633f7-6191935488","trial_id":54,"param_name":"exploration_constant_c","param_value_internal":0.07613412151695446,"distribution":"{\"name\": \"FloatDistribution\", \"attributes\": {\"step\": null, \"low\": 0.01, \"high\": 1.0, \"log\": true}}"}
{"op_code":5,"worker_id":"210a5419-37b3-4c3b-9171-33c7bde633f7-6191935488","trial_id":54,"param_name":"discount_rate","param_value_internal":0.9751246093501859,"distribution":"{\"name\": \"FloatDistribution\", \"attributes\": {\"step\": null, \"low\": 0.9, \"high\": 0.999, \"log\": false}}"}
{"op_code":4,"worker_id":"210a5419-37b3-4c3b-9171-33c7bde633f7-6326546432","study_id":0,"datetime_start":"2026-06-27T22:58:47.358390"}
{"op_code":5,"worker_id":"210a5419-37b3-4c3b-9171-33c7bde633f7-6326546432","trial_id":55,"param_name":"exploration_constant_c","param_value_internal":0.07644910421739737,"distribution":"{\"name\": \"FloatDistribution\", \"attributes\": {\"step\": null, \"low\": 0.01, \"high\": 1.0, \"log\": true}}"}
{"op_code":5,"worker_id":"210a5419-37b3-4c3b-9171-33c7bde633f7-6326546432","trial_id":55,"param_name":"discount_rate","param_value_internal":0.9765163175718372,"distribution":"{\"name\": \"FloatDistribution\", \"attributes\": {\"step\": null, \"low\": 0.9, \"high\": 0.999, \"log\": false}}"}
{"op_code":6,"worker_id":"210a5419-37b3-4c3b-9171-33c7bde633f7-6259240960","trial_id":44,"state":1,"values":[0.4362,8101.6],"datetime_complete":"2026-06-27T23:07:14.220277"}
{"op_code":4,"worker_id":"210a5419-37b3-4c3b-9171-33c7bde633f7-6259240960","study_id":0,"datetime_start":"2026-06-27T23:07:18.231277"}
{"op_code":5,"worker_id":"210a5419-37b3-4c3b-9171-33c7bde633f7-6259240960","trial_id":56,"param_name":"exploration_constant_c","param_value_internal":0.036502120422532564,"distribution":"{\"name\": \"FloatDistribution\", \"attributes\": {\"step\": null, \"low\": 0.01, \"high\": 1.0, \"log\": true}}"}
{"op_code":5,"worker_id":"210a5419-37b3-4c3b-9171-33c7bde633f7-6259240960","trial_id":56,"param_name":"discount_rate","param_value_internal":0.914929437707517,"distribution":"{\"name\": \"FloatDistribution\", \"attributes\": {\"step\": null, \"low\": 0.9, \"high\": 0.999, \"log\": false}}"}
{"op_code":6,"worker_id":"210a5419-37b3-4c3b-9171-33c7bde633f7-6360199168","trial_id":45,"state":1,"values":[0.57,6184.0],"datetime_complete":"2026-06-27T23:08:09.418917"}
{"op_code":4,"worker_id":"210a5419-37b3-4c3b-9171-33c7bde633f7-6360199168","study_id":0,"datetime_start":"2026-06-27T23:08:12.190527"}
{"op_code":5,"worker_id":"210a5419-37b3-4c3b-9171-33c7bde633f7-6360199168","trial_id":57,"param_name":"exploration_constant_c","param_value_internal":0.03651772323986055,"distribution":"{\"name\": \"FloatDistribution\", \"attributes\": {\"step\": null, \"low\": 0.01, \"high\": 1.0, \"log\": true}}"}
{"op_code":5,"worker_id":"210a5419-37b3-4c3b-9171-33c7bde633f7-6360199168","trial_id":57,"param_name":"discount_rate","param_value_internal":0.9680609798930017,"distribution":"{\"name\": \"FloatDistribution\", \"attributes\": {\"step\": null, \"low\": 0.9, \"high\": 0.999, \"log\": false}}"}
{"op_code":6,"worker_id":"210a5419-37b3-4c3b-9171-33c7bde633f7-6343372800","trial_id":46,"state":1,"values":[0.7568,1858.8],"datetime_complete":"2026-06-27T23:12:53.521485"}
{"op_code":4,"worker_id":"210a5419-37b3-4c3b-9171-33c7bde633f7-6343372800","study_id":0,"datetime_start":"2026-06-27T23:12:56.337428"}
{"op_code":5,"worker_id":"210a5419-37b3-4c3b-9171-33c7bde633f7-6343372800","trial_id":58,"param_name":"exploration_constant_c","param_value_internal":0.03844472344008464,"distribution":"{\"name\": \"FloatDistribution\", \"attributes\": {\"step\": null, \"low\": 0.01, \"high\": 1.0, \"log\": true}}"}
{"op_code":5,"worker_id":"210a5419-37b3-4c3b-9171-33c7bde633f7-6343372800","trial_id":58,"param_name":"discount_rate","param_value_internal":0.9257655081518983,"distribution":"{\"name\": \"FloatDistribution\", \"attributes\": {\"step\": null, \"low\": 0.9, \"high\": 0.999, \"log\": false}}"}
{"op_code":6,"worker_id":"210a5419-37b3-4c3b-9171-33c7bde633f7-6309720064","trial_id":50,"state":1,"values":[0.7488,1598.4],"datetime_complete":"2026-06-27T23:16:47.371691"}
{"op_code":6,"worker_id":"210a5419-37b3-4c3b-9171-33c7bde633f7-6276067328","trial_id":47,"state":1,"values":[0.8114,1268.0],"datetime_complete":"2026-06-27T23:16:48.905709"}
{"op_code":4,"worker_id":"210a5419-37b3-4c3b-9171-33c7bde633f7-6309720064","study_id":0,"datetime_start":"2026-06-27T23:16:51.800425"}
{"op_code":4,"worker_id":"210a5419-37b3-4c3b-9171-33c7bde633f7-6276067328","study_id":0,"datetime_start":"2026-06-27T23:16:54.743613"}
{"op_code":5,"worker_id":"210a5419-37b3-4c3b-9171-33c7bde633f7-6309720064","trial_id":59,"param_name":"exploration_constant_c","param_value_internal":0.06765569552231564,"distribution":"{\"name\": \"FloatDistribution\", \"attributes\": {\"step\": null, \"low\": 0.01, \"high\": 1.0, \"log\": true}}"}
{"op_code":6,"worker_id":"210a5419-37b3-4c3b-9171-33c7bde633f7-6292893696","trial_id":49,"state":1,"values":[0.8174,903.0],"datetime_complete":"2026-06-27T23:16:57.854665"}
{"op_code":5,"worker_id":"210a5419-37b3-4c3b-9171-33c7bde633f7-6309720064","trial_id":59,"param_name":"discount_rate","param_value_internal":0.9131893279372405,"distribution":"{\"name\": \"FloatDistribution\", \"attributes\": {\"step\": null, \"low\": 0.9, \"high\": 0.999, \"log\": false}}"}
{"op_code":5,"worker_id":"210a5419-37b3-4c3b-9171-33c7bde633f7-6276067328","trial_id":60,"param_name":"exploration_constant_c","param_value_internal":0.057363905505389244,"distribution":"{\"name\": \"FloatDistribution\", \"attributes\": {\"step\": null, \"low\": 0.01, \"high\": 1.0, \"log\": true}}"}
{"op_code":5,"worker_id":"210a5419-37b3-4c3b-9171-33c7bde633f7-6276067328","trial_id":60,"param_name":"discount_rate","param_value_internal":0.9145743132085975,"distribution":"{\"name\": \"FloatDistribution\", \"attributes\": {\"step\": null, \"low\": 0.9, \"high\": 0.999, \"log\": false}}"}
{"op_code":4,"worker_id":"210a5419-37b3-4c3b-9171-33c7bde633f7-6292893696","study_id":0,"datetime_start":"2026-06-27T23:17:08.398353"}
{"op_code":5,"worker_id":"210a5419-37b3-4c3b-9171-33c7bde633f7-6292893696","trial_id":61,"param_name":"exploration_constant_c","param_value_internal":0.060112592714101264,"distribution":"{\"name\": \"FloatDistribution\", \"attributes\": {\"step\": null, \"low\": 0.01, \"high\": 1.0, \"log\": true}}"}
{"op_code":5,"worker_id":"210a5419-37b3-4c3b-9171-33c7bde633f7-6292893696","trial_id":61,"param_name":"discount_rate","param_value_internal":0.9925494316770002,"distribution":"{\"name\": \"FloatDistribution\", \"attributes\": {\"step\": null, \"low\": 0.9, \"high\": 0.999, \"log\": false}}"}
{"op_code":6,"worker_id":"210a5419-37b3-4c3b-9171-33c7bde633f7-6242414592","trial_id":52,"state":1,"values":[0.6724,3252.0],"datetime_complete":"2026-06-27T23:17:16.311146"}
{"op_code":4,"worker_id":"210a5419-37b3-4c3b-9171-33c7bde633f7-6242414592","study_id":0,"datetime_start":"2026-06-27T23:17:18.178226"}
{"op_code":5,"worker_id":"210a5419-37b3-4c3b-9171-33c7bde633f7-6242414592","trial_id":62,"param_name":"exploration_constant_c","param_value_internal":0.05365411080113998,"distribution":"{\"name\": \"FloatDistribution\", \"attributes\": {\"step\": null, \"low\": 0.01, \"high\": 1.0, \"log\": true}}"}
{"op_code":5,"worker_id":"210a5419-37b3-4c3b-9171-33c7bde633f7-6242414592","trial_id":62,"param_name":"discount_rate","param_value_internal":0.922686396503545,"distribution":"{\"name\": \"FloatDistribution\", \"attributes\": {\"step\": null, \"low\": 0.9, \"high\": 0.999, \"log\": false}}"}
{"op_code":6,"worker_id":"210a5419-37b3-4c3b-9171-33c7bde633f7-6175109120","trial_id":48,"state":1,"values":[0.8284,1069.0],"datetime_complete":"2026-06-27T23:17:32.585421"}
{"op_code":4,"worker_id":"210a5419-37b3-4c3b-9171-33c7bde633f7-6175109120","study_id":0,"datetime_start":"2026-06-27T23:17:33.941220"}
{"op_code":5,"worker_id":"210a5419-37b3-4c3b-9171-33c7bde633f7-6175109120","trial_id":63,"param_name":"exploration_constant_c","param_value_internal":0.0512521031304205,"distribution":"{\"name\": \"FloatDistribution\", \"attributes\": {\"step\": null, \"low\": 0.01, \"high\": 1.0, \"log\": true}}"}
{"op_code":5,"worker_id":"210a5419-37b3-4c3b-9171-33c7bde633f7-6175109120","trial_id":63,"param_name":"discount_rate","param_value_internal":0.9107264167697495,"distribution":"{\"name\": \"FloatDistribution\", \"attributes\": {\"step\": null, \"low\": 0.9, \"high\": 0.999, \"log\": false}}"}
{"op_code":6,"worker_id":"210a5419-37b3-4c3b-9171-33c7bde633f7-6208761856","trial_id":53,"state":1,"values":[0.7978,2071.4],"datetime_complete":"2026-06-27T23:19:15.518942"}
{"op_code":4,"worker_id":"210a5419-37b3-4c3b-9171-33c7bde633f7-6208761856","study_id":0,"datetime_start":"2026-06-27T23:19:18.388197"}
{"op_code":5,"worker_id":"210a5419-37b3-4c3b-9171-33c7bde633f7-6208761856","trial_id":64,"param_name":"exploration_constant_c","param_value_internal":0.03939963755379944,"distribution":"{\"name\": \"FloatDistribution\", \"attributes\": {\"step\": null, \"low\": 0.01, \"high\": 1.0, \"log\": true}}"}
{"op_code":5,"worker_id":"210a5419-37b3-4c3b-9171-33c7bde633f7-6208761856","trial_id":64,"param_name":"discount_rate","param_value_internal":0.9003176032354964,"distribution":"{\"name\": \"FloatDistribution\", \"attributes\": {\"step\": null, \"low\": 0.9, \"high\": 0.999, \"log\": false}}"}
{"op_code":6,"worker_id":"210a5419-37b3-4c3b-9171-33c7bde633f7-6225588224","trial_id":51,"state":1,"values":[0.8158,951.2],"datetime_complete":"2026-06-27T23:20:05.537770"}
{"op_code":4,"worker_id":"210a5419-37b3-4c3b-9171-33c7bde633f7-6225588224","study_id":0,"datetime_start":"2026-06-27T23:20:08.879439"}
{"op_code":5,"worker_id":"210a5419-37b3-4c3b-9171-33c7bde633f7-6225588224","trial_id":65,"param_name":"exploration_constant_c","param_value_internal":0.047503557002887234,"distribution":"{\"name\": \"FloatDistribution\", \"attributes\": {\"step\": null, \"low\": 0.01, \"high\": 1.0, \"log\": true}}"}
{"op_code":5,"worker_id":"210a5419-37b3-4c3b-9171-33c7bde633f7-6225588224","trial_id":65,"param_name":"discount_rate","param_value_internal":0.9127602202379784,"distribution":"{\"name\": \"FloatDistribution\", \"attributes\": {\"step\": null, \"low\": 0.9, \"high\": 0.999, \"log\": false}}"}
{"op_code":6,"worker_id":"210a5419-37b3-4c3b-9171-33c7bde633f7-6259240960","trial_id":56,"state":1,"values":[0.2914,10000.0],"datetime_complete":"2026-06-27T23:23:30.392462"}
{"op_code":4,"worker_id":"210a5419-37b3-4c3b-9171-33c7bde633f7-6259240960","study_id":0,"datetime_start":"2026-06-27T23:23:33.897425"}
{"op_code":5,"worker_id":"210a5419-37b3-4c3b-9171-33c7bde633f7-6259240960","trial_id":66,"param_name":"exploration_constant_c","param_value_internal":0.11180771160246196,"distribution":"{\"name\": \"FloatDistribution\", \"attributes\": {\"step\": null, \"low\": 0.01, \"high\": 1.0, \"log\": true}}"}
{"op_code":5,"worker_id":"210a5419-37b3-4c3b-9171-33c7bde633f7-6259240960","trial_id":66,"param_name":"discount_rate","param_value_internal":0.9474938416844666,"distribution":"{\"name\": \"FloatDistribution\", \"attributes\": {\"step\": null, \"low\": 0.9, \"high\": 0.999, \"log\": false}}"}
{"op_code":6,"worker_id":"210a5419-37b3-4c3b-9171-33c7bde633f7-6326546432","trial_id":55,"state":1,"values":[0.8212,1439.2],"datetime_complete":"2026-06-27T23:24:40.794860"}
{"op_code":4,"worker_id":"210a5419-37b3-4c3b-9171-33c7bde633f7-6326546432","study_id":0,"datetime_start":"2026-06-27T23:24:44.275446"}
{"op_code":5,"worker_id":"210a5419-37b3-4c3b-9171-33c7bde633f7-6326546432","trial_id":67,"param_name":"exploration_constant_c","param_value_internal":0.04759540892759104,"distribution":"{\"name\": \"FloatDistribution\", \"attributes\": {\"step\": null, \"low\": 0.01, \"high\": 1.0, \"log\": true}}"}
{"op_code":5,"worker_id":"210a5419-37b3-4c3b-9171-33c7bde633f7-6326546432","trial_id":67,"param_name":"discount_rate","param_value_internal":0.99442719687048,"distribution":"{\"name\": \"FloatDistribution\", \"attributes\": {\"step\": null, \"low\": 0.9, \"high\": 0.999, \"log\": false}}"}
{"op_code":6,"worker_id":"210a5419-37b3-4c3b-9171-33c7bde633f7-6191935488","trial_id":54,"state":1,"values":[0.8094,1100.2],"datetime_complete":"2026-06-27T23:26:05.356895"}
{"op_code":4,"worker_id":"210a5419-37b3-4c3b-9171-33c7bde633f7-6191935488","study_id":0,"datetime_start":"2026-06-27T23:26:07.957263"}
{"op_code":5,"worker_id":"210a5419-37b3-4c3b-9171-33c7bde633f7-6191935488","trial_id":68,"param_name":"exploration_constant_c","param_value_internal":0.11203626139201567,"distribution":"{\"name\": \"FloatDistribution\", \"attributes\": {\"step\": null, \"low\": 0.01, \"high\": 1.0, \"log\": true}}"}
{"op_code":5,"worker_id":"210a5419-37b3-4c3b-9171-33c7bde633f7-6191935488","trial_id":68,"param_name":"discount_rate","param_value_internal":0.9016534821272506,"distribution":"{\"name\": \"FloatDistribution\", \"attributes\": {\"step\": null, \"low\": 0.9, \"high\": 0.999, \"log\": false}}"}
{"op_code":6,"worker_id":"210a5419-37b3-4c3b-9171-33c7bde633f7-6343372800","trial_id":58,"state":1,"values":[0.4094,9417.0],"datetime_complete":"2026-06-27T23:32:27.123996"}
{"op_code":4,"worker_id":"210a5419-37b3-4c3b-9171-33c7bde633f7-6343372800","study_id":0,"datetime_start":"2026-06-27T23:32:31.970527"}
{"op_code":6,"worker_id":"210a5419-37b3-4c3b-9171-33c7bde633f7-6360199168","trial_id":57,"state":1,"values":[0.6226,4536.8],"datetime_complete":"2026-06-27T23:32:35.409298"}
{"op_code":5,"worker_id":"210a5419-37b3-4c3b-9171-33c7bde633f7-6343372800","trial_id":69,"param_name":"exploration_constant_c","param_value_internal":0.11696057573604078,"distribution":"{\"name\": \"FloatDistribution\", \"attributes\": {\"step\": null, \"low\": 0.01, \"high\": 1.0, \"log\": true}}"}
{"op_code":5,"worker_id":"210a5419-37b3-4c3b-9171-33c7bde633f7-6343372800","trial_id":69,"param_name":"discount_rate","param_value_internal":0.9485905317902195,"distribution":"{\"name\": \"FloatDistribution\", \"attributes\": {\"step\": null, \"low\": 0.9, \"high\": 0.999, \"log\": false}}"}
{"op_code":4,"worker_id":"210a5419-37b3-4c3b-9171-33c7bde633f7-6360199168","study_id":0,"datetime_start":"2026-06-27T23:32:41.148484"}
{"op_code":5,"worker_id":"210a5419-37b3-4c3b-9171-33c7bde633f7-6360199168","trial_id":70,"param_name":"exploration_constant_c","param_value_internal":0.12617323464535676,"distribution":"{\"name\": \"FloatDistribution\", \"attributes\": {\"step\": null, \"low\": 0.01, \"high\": 1.0, \"log\": true}}"}
{"op_code":5,"worker_id":"210a5419-37b3-4c3b-9171-33c7bde633f7-6360199168","trial_id":70,"param_name":"discount_rate","param_value_internal":0.9947088845367824,"distribution":"{\"name\": \"FloatDistribution\", \"attributes\": {\"step\": null, \"low\": 0.9, \"high\": 0.999, \"log\": false}}"}
{"op_code":6,"worker_id":"210a5419-37b3-4c3b-9171-33c7bde633f7-6309720064","trial_id":59,"state":1,"values":[0.4102,9518.0],"datetime_complete":"2026-06-27T23:34:31.355629"}
{"op_code":4,"worker_id":"210a5419-37b3-4c3b-9171-33c7bde633f7-6309720064","study_id":0,"datetime_start":"2026-06-27T23:34:35.546447"}
{"op_code":5,"worker_id":"210a5419-37b3-4c3b-9171-33c7bde633f7-6309720064","trial_id":71,"param_name":"exploration_constant_c","param_value_internal":0.018450203287612443,"distribution":"{\"name\": \"FloatDistribution\", \"attributes\": {\"step\": null, \"low\": 0.01, \"high\": 1.0, \"log\": true}}"}
{"op_code":5,"worker_id":"210a5419-37b3-4c3b-9171-33c7bde633f7-6309720064","trial_id":71,"param_name":"discount_rate","param_value_internal":0.9946530441870364,"distribution":"{\"name\": \"FloatDistribution\", \"attributes\": {\"step\": null, \"low\": 0.9, \"high\": 0.999, \"log\": false}}"}
{"op_code":6,"worker_id":"210a5419-37b3-4c3b-9171-33c7bde633f7-6276067328","trial_id":60,"state":1,"values":[0.3626,10000.0],"datetime_complete":"2026-06-27T23:34:52.051515"}
{"op_code":4,"worker_id":"210a5419-37b3-4c3b-9171-33c7bde633f7-6276067328","study_id":0,"datetime_start":"2026-06-27T23:34:54.390956"}
{"op_code":5,"worker_id":"210a5419-37b3-4c3b-9171-33c7bde633f7-6276067328","trial_id":72,"param_name":"exploration_constant_c","param_value_internal":0.12037061620070014,"distribution":"{\"name\": \"FloatDistribution\", \"attributes\": {\"step\": null, \"low\": 0.01, \"high\": 1.0, \"log\": true}}"}
{"op_code":5,"worker_id":"210a5419-37b3-4c3b-9171-33c7bde633f7-6276067328","trial_id":72,"param_name":"discount_rate","param_value_internal":0.9937625612278728,"distribution":"{\"name\": \"FloatDistribution\", \"attributes\": {\"step\": null, \"low\": 0.9, \"high\": 0.999, \"log\": false}}"}
{"op_code":6,"worker_id":"210a5419-37b3-4c3b-9171-33c7bde633f7-6208761856","trial_id":64,"state":1,"values":[0.2934,10000.0],"datetime_complete":"2026-06-27T23:35:39.162062"}
{"op_code":4,"worker_id":"210a5419-37b3-4c3b-9171-33c7bde633f7-6208761856","study_id":0,"datetime_start":"2026-06-27T23:35:42.033484"}
{"op_code":5,"worker_id":"210a5419-37b3-4c3b-9171-33c7bde633f7-6208761856","trial_id":73,"param_name":"exploration_constant_c","param_value_internal":0.1081047971388398,"distribution":"{\"name\": \"FloatDistribution\", \"attributes\": {\"step\": null, \"low\": 0.01, \"high\": 1.0, \"log\": true}}"}
{"op_code":5,"worker_id":"210a5419-37b3-4c3b-9171-33c7bde633f7-6208761856","trial_id":73,"param_name":"discount_rate","param_value_internal":0.9936950503242908,"distribution":"{\"name\": \"FloatDistribution\", \"attributes\": {\"step\": null, \"low\": 0.9, \"high\": 0.999, \"log\": false}}"}
{"op_code":6,"worker_id":"210a5419-37b3-4c3b-9171-33c7bde633f7-6175109120","trial_id":63,"state":1,"values":[0.3374,10000.0],"datetime_complete":"2026-06-27T23:36:03.602985"}
{"op_code":4,"worker_id":"210a5419-37b3-4c3b-9171-33c7bde633f7-6175109120","study_id":0,"datetime_start":"2026-06-27T23:36:06.956472"}
{"op_code":5,"worker_id":"210a5419-37b3-4c3b-9171-33c7bde633f7-6175109120","trial_id":74,"param_name":"exploration_constant_c","param_value_internal":0.11976799276600975,"distribution":"{\"name\": \"FloatDistribution\", \"attributes\": {\"step\": null, \"low\": 0.01, \"high\": 1.0, \"log\": true}}"}
{"op_code":5,"worker_id":"210a5419-37b3-4c3b-9171-33c7bde633f7-6175109120","trial_id":74,"param_name":"discount_rate","param_value_internal":0.9935467052230635,"distribution":"{\"name\": \"FloatDistribution\", \"attributes\": {\"step\": null, \"low\": 0.9, \"high\": 0.999, \"log\": false}}"}
{"op_code":6,"worker_id":"210a5419-37b3-4c3b-9171-33c7bde633f7-6242414592","trial_id":62,"state":1,"values":[0.3492,10000.0],"datetime_complete":"2026-06-27T23:36:27.924843"}
{"op_code":4,"worker_id":"210a5419-37b3-4c3b-9171-33c7bde633f7-6242414592","study_id":0,"datetime_start":"2026-06-27T23:36:29.845138"}
{"op_code":5,"worker_id":"210a5419-37b3-4c3b-9171-33c7bde633f7-6242414592","trial_id":75,"param_name":"exploration_constant_c","param_value_internal":0.12146798116606809,"distribution":"{\"name\": \"FloatDistribution\", \"attributes\": {\"step\": null, \"low\": 0.01, \"high\": 1.0, \"log\": true}}"}
{"op_code":5,"worker_id":"210a5419-37b3-4c3b-9171-33c7bde633f7-6242414592","trial_id":75,"param_name":"discount_rate","param_value_internal":0.9941179156065841,"distribution":"{\"name\": \"FloatDistribution\", \"attributes\": {\"step\": null, \"low\": 0.9, \"high\": 0.999, \"log\": false}}"}
{"op_code":6,"worker_id":"210a5419-37b3-4c3b-9171-33c7bde633f7-6225588224","trial_id":65,"state":1,"values":[0.3014,10000.0],"datetime_complete":"2026-06-27T23:37:16.782198"}
{"op_code":4,"worker_id":"210a5419-37b3-4c3b-9171-33c7bde633f7-6225588224","study_id":0,"datetime_start":"2026-06-27T23:37:21.604041"}
{"op_code":5,"worker_id":"210a5419-37b3-4c3b-9171-33c7bde633f7-6225588224","trial_id":76,"param_name":"exploration_constant_c","param_value_internal":0.11369473880248705,"distribution":"{\"name\": \"FloatDistribution\", \"attributes\": {\"step\": null, \"low\": 0.01, \"high\": 1.0, \"log\": true}}"}
{"op_code":5,"worker_id":"210a5419-37b3-4c3b-9171-33c7bde633f7-6225588224","trial_id":76,"param_name":"discount_rate","param_value_internal":0.9495325804189777,"distribution":"{\"name\": \"FloatDistribution\", \"attributes\": {\"step\": null, \"low\": 0.9, \"high\": 0.999, \"log\": false}}"}
{"op_code":6,"worker_id":"210a5419-37b3-4c3b-9171-33c7bde633f7-6191935488","trial_id":68,"state":1,"values":[0.281,10000.0],"datetime_complete":"2026-06-27T23:41:06.565282"}
{"op_code":4,"worker_id":"210a5419-37b3-4c3b-9171-33c7bde633f7-6191935488","study_id":0,"datetime_start":"2026-06-27T23:41:08.424147"}
{"op_code":5,"worker_id":"210a5419-37b3-4c3b-9171-33c7bde633f7-6191935488","trial_id":77,"param_name":"exploration_constant_c","param_value_internal":0.019214929196891602,"distribution":"{\"name\": \"FloatDistribution\", \"attributes\": {\"step\": null, \"low\": 0.01, \"high\": 1.0, \"log\": true}}"}
{"op_code":5,"worker_id":"210a5419-37b3-4c3b-9171-33c7bde633f7-6191935488","trial_id":77,"param_name":"discount_rate","param_value_internal":0.9935910553796582,"distribution":"{\"name\": \"FloatDistribution\", \"attributes\": {\"step\": null, \"low\": 0.9, \"high\": 0.999, \"log\": false}}"}
{"op_code":6,"worker_id":"210a5419-37b3-4c3b-9171-33c7bde633f7-6292893696","trial_id":61,"state":1,"values":[0.8662,1658.8],"datetime_complete":"2026-06-27T23:44:43.249281"}
{"op_code":4,"worker_id":"210a5419-37b3-4c3b-9171-33c7bde633f7-6292893696","study_id":0,"datetime_start":"2026-06-27T23:44:46.768891"}
{"op_code":5,"worker_id":"210a5419-37b3-4c3b-9171-33c7bde633f7-6292893696","trial_id":78,"param_name":"exploration_constant_c","param_value_internal":0.019358252164181505,"distribution":"{\"name\": \"FloatDistribution\", \"attributes\": {\"step\": null, \"low\": 0.01, \"high\": 1.0, \"log\": true}}"}
{"op_code":5,"worker_id":"210a5419-37b3-4c3b-9171-33c7bde633f7-6292893696","trial_id":78,"param_name":"discount_rate","param_value_internal":0.9945570579921498,"distribution":"{\"name\": \"FloatDistribution\", \"attributes\": {\"step\": null, \"low\": 0.9, \"high\": 0.999, \"log\": false}}"}
{"op_code":6,"worker_id":"210a5419-37b3-4c3b-9171-33c7bde633f7-6259240960","trial_id":66,"state":1,"values":[0.6294,8914.4],"datetime_complete":"2026-06-27T23:46:00.607632"}
{"op_code":4,"worker_id":"210a5419-37b3-4c3b-9171-33c7bde633f7-6259240960","study_id":0,"datetime_start":"2026-06-27T23:46:04.481730"}
{"op_code":5,"worker_id":"210a5419-37b3-4c3b-9171-33c7bde633f7-6259240960","trial_id":79,"param_name":"exploration_constant_c","param_value_internal":0.018231869926747853,"distribution":"{\"name\": \"FloatDistribution\", \"attributes\": {\"step\": null, \"low\": 0.01, \"high\": 1.0, \"log\": true}}"}
{"op_code":5,"worker_id":"210a5419-37b3-4c3b-9171-33c7bde633f7-6259240960","trial_id":79,"param_name":"discount_rate","param_value_internal":0.9954049752407006,"distribution":"{\"name\": \"FloatDistribution\", \"attributes\": {\"step\": null, \"low\": 0.9, \"high\": 0.999, \"log\": false}}"}
{"op_code":6,"worker_id":"210a5419-37b3-4c3b-9171-33c7bde633f7-6343372800","trial_id":69,"state":1,"values":[0.6398,9006.6],"datetime_complete":"2026-06-27T23:52:48.732762"}
{"op_code":4,"worker_id":"210a5419-37b3-4c3b-9171-33c7bde633f7-6343372800","study_id":0,"datetime_start":"2026-06-27T23:52:50.238413"}
{"op_code":5,"worker_id":"210a5419-37b3-4c3b-9171-33c7bde633f7-6343372800","trial_id":80,"param_name":"exploration_constant_c","param_value_internal":0.017500807288830356,"distribution":"{\"name\": \"FloatDistribution\", \"attributes\": {\"step\": null, \"low\": 0.01, \"high\": 1.0, \"log\": true}}"}
{"op_code":5,"worker_id":"210a5419-37b3-4c3b-9171-33c7bde633f7-6343372800","trial_id":80,"param_name":"discount_rate","param_value_internal":0.9962478398396877,"distribution":"{\"name\": \"FloatDistribution\", \"attributes\": {\"step\": null, \"low\": 0.9, \"high\": 0.999, \"log\": false}}"}
{"op_code":6,"worker_id":"210a5419-37b3-4c3b-9171-33c7bde633f7-6326546432","trial_id":67,"state":1,"values":[0.8864,372.6],"datetime_complete":"2026-06-27T23:53:28.312575"}
{"op_code":4,"worker_id":"210a5419-37b3-4c3b-9171-33c7bde633f7-6326546432","study_id":0,"datetime_start":"2026-06-27T23:53:30.322315"}
{"op_code":5,"worker_id":"210a5419-37b3-4c3b-9171-33c7bde633f7-6326546432","trial_id":81,"param_name":"exploration_constant_c","param_value_internal":0.019265319649518824,"distribution":"{\"name\": \"FloatDistribution\", \"attributes\": {\"step\": null, \"low\": 0.01, \"high\": 1.0, \"log\": true}}"}
{"op_code":5,"worker_id":"210a5419-37b3-4c3b-9171-33c7bde633f7-6326546432","trial_id":81,"param_name":"discount_rate","param_value_internal":0.9948365463003109,"distribution":"{\"name\": \"FloatDistribution\", \"attributes\": {\"step\": null, \"low\": 0.9, \"high\": 0.999, \"log\": false}}"}
{"op_code":6,"worker_id":"210a5419-37b3-4c3b-9171-33c7bde633f7-6225588224","trial_id":76,"state":1,"values":[0.6436,8446.2],"datetime_complete":"2026-06-27T23:56:19.560909"}
{"op_code":4,"worker_id":"210a5419-37b3-4c3b-9171-33c7bde633f7-6225588224","study_id":0,"datetime_start":"2026-06-27T23:56:20.866788"}
{"op_code":5,"worker_id":"210a5419-37b3-4c3b-9171-33c7bde633f7-6225588224","trial_id":82,"param_name":"exploration_constant_c","param_value_internal":0.017955473292000704,"distribution":"{\"name\": \"FloatDistribution\", \"attributes\": {\"step\": null, \"low\": 0.01, \"high\": 1.0, \"log\": true}}"}
{"op_code":5,"worker_id":"210a5419-37b3-4c3b-9171-33c7bde633f7-6225588224","trial_id":82,"param_name":"discount_rate","param_value_internal":0.9939356392974162,"distribution":"{\"name\": \"FloatDistribution\", \"attributes\": {\"step\": null, \"low\": 0.9, \"high\": 0.999, \"log\": false}}"}
{"op_code":6,"worker_id":"210a5419-37b3-4c3b-9171-33c7bde633f7-6360199168","trial_id":70,"state":1,"values":[0.8656,1047.0],"datetime_complete":"2026-06-28T00:00:37.073051"}
{"op_code":4,"worker_id":"210a5419-37b3-4c3b-9171-33c7bde633f7-6360199168","study_id":0,"datetime_start":"2026-06-28T00:00:39.079438"}
{"op_code":5,"worker_id":"210a5419-37b3-4c3b-9171-33c7bde633f7-6360199168","trial_id":83,"param_name":"exploration_constant_c","param_value_internal":0.02041562649838231,"distribution":"{\"name\": \"FloatDistribution\", \"attributes\": {\"step\": null, \"low\": 0.01, \"high\": 1.0, \"log\": true}}"}
{"op_code":5,"worker_id":"210a5419-37b3-4c3b-9171-33c7bde633f7-6360199168","trial_id":83,"param_name":"discount_rate","param_value_internal":0.9947918133422416,"distribution":"{\"name\": \"FloatDistribution\", \"attributes\": {\"step\": null, \"low\": 0.9, \"high\": 0.999, \"log\": false}}"}
{"op_code":6,"worker_id":"210a5419-37b3-4c3b-9171-33c7bde633f7-6309720064","trial_id":71,"state":1,"values":[0.8066,2397.2],"datetime_complete":"2026-06-28T00:02:26.945726"}
{"op_code":4,"worker_id":"210a5419-37b3-4c3b-9171-33c7bde633f7-6309720064","study_id":0,"datetime_start":"2026-06-28T00:02:29.278376"}
{"op_code":5,"worker_id":"210a5419-37b3-4c3b-9171-33c7bde633f7-6309720064","trial_id":84,"param_name":"exploration_constant_c","param_value_internal":0.5389602638391863,"distribution":"{\"name\": \"FloatDistribution\", \"attributes\": {\"step\": null, \"low\": 0.01, \"high\": 1.0, \"log\": true}}"}
{"op_code":5,"worker_id":"210a5419-37b3-4c3b-9171-33c7bde633f7-6309720064","trial_id":84,"param_name":"discount_rate","param_value_internal":0.9956053727818533,"distribution":"{\"name\": \"FloatDistribution\", \"attributes\": {\"step\": null, \"low\": 0.9, \"high\": 0.999, \"log\": false}}"}
{"op_code":6,"worker_id":"210a5419-37b3-4c3b-9171-33c7bde633f7-6175109120","trial_id":74,"state":1,"values":[0.8608,1112.2],"datetime_complete":"2026-06-28T00:03:37.929015"}
{"op_code":4,"worker_id":"210a5419-37b3-4c3b-9171-33c7bde633f7-6175109120","study_id":0,"datetime_start":"2026-06-28T00:03:41.117139"}
{"op_code":5,"worker_id":"210a5419-37b3-4c3b-9171-33c7bde633f7-6175109120","trial_id":85,"param_name":"exploration_constant_c","param_value_internal":0.5891888596273241,"distribution":"{\"name\": \"FloatDistribution\", \"attributes\": {\"step\": null, \"low\": 0.01, \"high\": 1.0, \"log\": true}}"}
{"op_code":5,"worker_id":"210a5419-37b3-4c3b-9171-33c7bde633f7-6175109120","trial_id":85,"param_name":"discount_rate","param_value_internal":0.9950862974843674,"distribution":"{\"name\": \"FloatDistribution\", \"attributes\": {\"step\": null, \"low\": 0.9, \"high\": 0.999, \"log\": false}}"}
{"op_code":6,"worker_id":"210a5419-37b3-4c3b-9171-33c7bde633f7-6276067328","trial_id":72,"state":1,"values":[0.854,888.8],"datetime_complete":"2026-06-28T00:04:00.751029"}
{"op_code":4,"worker_id":"210a5419-37b3-4c3b-9171-33c7bde633f7-6276067328","study_id":0,"datetime_start":"2026-06-28T00:04:02.772316"}
{"op_code":5,"worker_id":"210a5419-37b3-4c3b-9171-33c7bde633f7-6276067328","trial_id":86,"param_name":"exploration_constant_c","param_value_internal":0.5538913915775201,"distribution":"{\"name\": \"FloatDistribution\", \"attributes\": {\"step\": null, \"low\": 0.01, \"high\": 1.0, \"log\": true}}"}
{"op_code":5,"worker_id":"210a5419-37b3-4c3b-9171-33c7bde633f7-6276067328","trial_id":86,"param_name":"discount_rate","param_value_internal":0.9959382632449828,"distribution":"{\"name\": \"FloatDistribution\", \"attributes\": {\"step\": null, \"low\": 0.9, \"high\": 0.999, \"log\": false}}"}
{"op_code":6,"worker_id":"210a5419-37b3-4c3b-9171-33c7bde633f7-6242414592","trial_id":75,"state":1,"values":[0.8658,865.2],"datetime_complete":"2026-06-28T00:04:40.154019"}
{"op_code":4,"worker_id":"210a5419-37b3-4c3b-9171-33c7bde633f7-6242414592","study_id":0,"datetime_start":"2026-06-28T00:04:42.573542"}
{"op_code":6,"worker_id":"210a5419-37b3-4c3b-9171-33c7bde633f7-6208761856","trial_id":73,"state":1,"values":[0.8664,686.2],"datetime_complete":"2026-06-28T00:04:44.404280"}
{"op_code":5,"worker_id":"210a5419-37b3-4c3b-9171-33c7bde633f7-6242414592","trial_id":87,"param_name":"exploration_constant_c","param_value_internal":0.5797619858499206,"distribution":"{\"name\": \"FloatDistribution\", \"attributes\": {\"step\": null, \"low\": 0.01, \"high\": 1.0, \"log\": true}}"}
{"op_code":4,"worker_id":"210a5419-37b3-4c3b-9171-33c7bde633f7-6208761856","study_id":0,"datetime_start":"2026-06-28T00:04:49.020658"}
{"op_code":5,"worker_id":"210a5419-37b3-4c3b-9171-33c7bde633f7-6242414592","trial_id":87,"param_name":"discount_rate","param_value_internal":0.996138944595437,"distribution":"{\"name\": \"FloatDistribution\", \"attributes\": {\"step\": null, \"low\": 0.9, \"high\": 0.999, \"log\": false}}"}
{"op_code":5,"worker_id":"210a5419-37b3-4c3b-9171-33c7bde633f7-6208761856","trial_id":88,"param_name":"exploration_constant_c","param_value_internal":0.6077567920100471,"distribution":"{\"name\": \"FloatDistribution\", \"attributes\": {\"step\": null, \"low\": 0.01, \"high\": 1.0, \"log\": true}}"}
{"op_code":5,"worker_id":"210a5419-37b3-4c3b-9171-33c7bde633f7-6208761856","trial_id":88,"param_name":"discount_rate","param_value_internal":0.9989230862209942,"distribution":"{\"name\": \"FloatDistribution\", \"attributes\": {\"step\": null, \"low\": 0.9, \"high\": 0.999, \"log\": false}}"}
{"op_code":6,"worker_id":"210a5419-37b3-4c3b-9171-33c7bde633f7-6292893696","trial_id":78,"state":1,"values":[0.7526,4170.8],"datetime_complete":"2026-06-28T00:09:37.370709"}
{"op_code":6,"worker_id":"210a5419-37b3-4c3b-9171-33c7bde633f7-6191935488","trial_id":77,"state":1,"values":[0.7954,2388.2],"datetime_complete":"2026-06-28T00:09:38.264255"}
{"op_code":4,"worker_id":"210a5419-37b3-4c3b-9171-33c7bde633f7-6191935488","study_id":0,"datetime_start":"2026-06-28T00:09:43.071752"}
{"op_code":4,"worker_id":"210a5419-37b3-4c3b-9171-33c7bde633f7-6292893696","study_id":0,"datetime_start":"2026-06-28T00:09:43.184670"}
{"op_code":5,"worker_id":"210a5419-37b3-4c3b-9171-33c7bde633f7-6191935488","trial_id":89,"param_name":"exploration_constant_c","param_value_internal":0.7356190119403022,"distribution":"{\"name\": \"FloatDistribution\", \"attributes\": {\"step\": null, \"low\": 0.01, \"high\": 1.0, \"log\": true}}"}
{"op_code":5,"worker_id":"210a5419-37b3-4c3b-9171-33c7bde633f7-6292893696","trial_id":90,"param_name":"exploration_constant_c","param_value_internal":0.6969905893779769,"distribution":"{\"name\": \"FloatDistribution\", \"attributes\": {\"step\": null, \"low\": 0.01, \"high\": 1.0, \"log\": true}}"}
{"op_code":5,"worker_id":"210a5419-37b3-4c3b-9171-33c7bde633f7-6191935488","trial_id":89,"param_name":"discount_rate","param_value_internal":0.9805553920177391,"distribution":"{\"name\": \"FloatDistribution\", \"attributes\": {\"step\": null, \"low\": 0.9, \"high\": 0.999, \"log\": false}}"}
{"op_code":5,"worker_id":"210a5419-37b3-4c3b-9171-33c7bde633f7-6292893696","trial_id":90,"param_name":"discount_rate","param_value_internal":0.981066461828694,"distribution":"{\"name\": \"FloatDistribution\", \"attributes\": {\"step\": null, \"low\": 0.9, \"high\": 0.999, \"log\": false}}"}
{"op_code":6,"worker_id":"210a5419-37b3-4c3b-9171-33c7bde633f7-6259240960","trial_id":79,"state":1,"values":[0.8914,323.0],"datetime_complete":"2026-06-28T00:10:58.755035"}
{"op_code":4,"worker_id":"210a5419-37b3-4c3b-9171-33c7bde633f7-6259240960","study_id":0,"datetime_start":"2026-06-28T00:11:01.374757"}
{"op_code":5,"worker_id":"210a5419-37b3-4c3b-9171-33c7bde633f7-6259240960","trial_id":91,"param_name":"exploration_constant_c","param_value_internal":0.013032159965774079,"distribution":"{\"name\": \"FloatDistribution\", \"attributes\": {\"step\": null, \"low\": 0.01, \"high\": 1.0, \"log\": true}}"}
{"op_code":5,"worker_id":"210a5419-37b3-4c3b-9171-33c7bde633f7-6259240960","trial_id":91,"param_name":"discount_rate","param_value_internal":0.9366431087650555,"distribution":"{\"name\": \"FloatDistribution\", \"attributes\": {\"step\": null, \"low\": 0.9, \"high\": 0.999, \"log\": false}}"}
{"op_code":6,"worker_id":"210a5419-37b3-4c3b-9171-33c7bde633f7-6343372800","trial_id":80,"state":1,"values":[0.8976,281.6],"datetime_complete":"2026-06-28T00:18:55.832005"}
{"op_code":4,"worker_id":"210a5419-37b3-4c3b-9171-33c7bde633f7-6343372800","study_id":0,"datetime_start":"2026-06-28T00:18:57.468637"}
{"op_code":5,"worker_id":"210a5419-37b3-4c3b-9171-33c7bde633f7-6343372800","trial_id":92,"param_name":"exploration_constant_c","param_value_internal":0.013458616248531629,"distribution":"{\"name\": \"FloatDistribution\", \"attributes\": {\"step\": null, \"low\": 0.01, \"high\": 1.0, \"log\": true}}"}
{"op_code":5,"worker_id":"210a5419-37b3-4c3b-9171-33c7bde633f7-6343372800","trial_id":92,"param_name":"discount_rate","param_value_internal":0.9902485202185867,"distribution":"{\"name\": \"FloatDistribution\", \"attributes\": {\"step\": null, \"low\": 0.9, \"high\": 0.999, \"log\": false}}"}
{"op_code":6,"worker_id":"210a5419-37b3-4c3b-9171-33c7bde633f7-6326546432","trial_id":81,"state":1,"values":[0.8932,555.8],"datetime_complete":"2026-06-28T00:19:24.538645"}
{"op_code":4,"worker_id":"210a5419-37b3-4c3b-9171-33c7bde633f7-6326546432","study_id":0,"datetime_start":"2026-06-28T00:19:26.911610"}
{"op_code":5,"worker_id":"210a5419-37b3-4c3b-9171-33c7bde633f7-6326546432","trial_id":93,"param_name":"exploration_constant_c","param_value_internal":0.0137061198118896,"distribution":"{\"name\": \"FloatDistribution\", \"attributes\": {\"step\": null, \"low\": 0.01, \"high\": 1.0, \"log\": true}}"}
{"op_code":5,"worker_id":"210a5419-37b3-4c3b-9171-33c7bde633f7-6326546432","trial_id":93,"param_name":"discount_rate","param_value_internal":0.9326358787264932,"distribution":"{\"name\": \"FloatDistribution\", \"attributes\": {\"step\": null, \"low\": 0.9, \"high\": 0.999, \"log\": false}}"}
{"op_code":6,"worker_id":"210a5419-37b3-4c3b-9171-33c7bde633f7-6225588224","trial_id":82,"state":1,"values":[0.826,3264.2],"datetime_complete":"2026-06-28T00:26:33.145456"}
{"op_code":4,"worker_id":"210a5419-37b3-4c3b-9171-33c7bde633f7-6225588224","study_id":0,"datetime_start":"2026-06-28T00:26:36.453246"}
{"op_code":5,"worker_id":"210a5419-37b3-4c3b-9171-33c7bde633f7-6225588224","trial_id":94,"param_name":"exploration_constant_c","param_value_internal":0.012390891610857645,"distribution":"{\"name\": \"FloatDistribution\", \"attributes\": {\"step\": null, \"low\": 0.01, \"high\": 1.0, \"log\": true}}"}
{"op_code":5,"worker_id":"210a5419-37b3-4c3b-9171-33c7bde633f7-6225588224","trial_id":94,"param_name":"discount_rate","param_value_internal":0.9899702690405022,"distribution":"{\"name\": \"FloatDistribution\", \"attributes\": {\"step\": null, \"low\": 0.9, \"high\": 0.999, \"log\": false}}"}
{"op_code":6,"worker_id":"210a5419-37b3-4c3b-9171-33c7bde633f7-6360199168","trial_id":83,"state":1,"values":[0.872,1055.0],"datetime_complete":"2026-06-28T00:26:57.050844"}
{"op_code":4,"worker_id":"210a5419-37b3-4c3b-9171-33c7bde633f7-6360199168","study_id":0,"datetime_start":"2026-06-28T00:26:59.335617"}
{"op_code":5,"worker_id":"210a5419-37b3-4c3b-9171-33c7bde633f7-6360199168","trial_id":95,"param_name":"exploration_constant_c","param_value_internal":0.013570795436426404,"distribution":"{\"name\": \"FloatDistribution\", \"attributes\": {\"step\": null, \"low\": 0.01, \"high\": 1.0, \"log\": true}}"}
{"op_code":5,"worker_id":"210a5419-37b3-4c3b-9171-33c7bde633f7-6360199168","trial_id":95,"param_name":"discount_rate","param_value_internal":0.9361898317576532,"distribution":"{\"name\": \"FloatDistribution\", \"attributes\": {\"step\": null, \"low\": 0.9, \"high\": 0.999, \"log\": false}}"}
{"op_code":6,"worker_id":"210a5419-37b3-4c3b-9171-33c7bde633f7-6259240960","trial_id":91,"state":1,"values":[0.2728,10000.0],"datetime_complete":"2026-06-28T00:27:18.680611"}
{"op_code":4,"worker_id":"210a5419-37b3-4c3b-9171-33c7bde633f7-6259240960","study_id":0,"datetime_start":"2026-06-28T00:27:19.679877"}
{"op_code":5,"worker_id":"210a5419-37b3-4c3b-9171-33c7bde633f7-6259240960","trial_id":96,"param_name":"exploration_constant_c","param_value_internal":0.6229472633555213,"distribution":"{\"name\": \"FloatDistribution\", \"attributes\": {\"step\": null, \"low\": 0.01, \"high\": 1.0, \"log\": true}}"}
{"op_code":5,"worker_id":"210a5419-37b3-4c3b-9171-33c7bde633f7-6259240960","trial_id":96,"param_name":"discount_rate","param_value_internal":0.9989139887746147,"distribution":"{\"name\": \"FloatDistribution\", \"attributes\": {\"step\": null, \"low\": 0.9, \"high\": 0.999, \"log\": false}}"}
{"op_code":6,"worker_id":"210a5419-37b3-4c3b-9171-33c7bde633f7-6191935488","trial_id":89,"state":1,"values":[0.3304,10000.0],"datetime_complete":"2026-06-28T00:34:34.967400"}
{"op_code":4,"worker_id":"210a5419-37b3-4c3b-9171-33c7bde633f7-6191935488","study_id":0,"datetime_start":"2026-06-28T00:34:37.966734"}
{"op_code":5,"worker_id":"210a5419-37b3-4c3b-9171-33c7bde633f7-6191935488","trial_id":97,"param_name":"exploration_constant_c","param_value_internal":0.014406908144265334,"distribution":"{\"name\": \"FloatDistribution\", \"attributes\": {\"step\": null, \"low\": 0.01, \"high\": 1.0, \"log\": true}}"}
{"op_code":5,"worker_id":"210a5419-37b3-4c3b-9171-33c7bde633f7-6191935488","trial_id":97,"param_name":"discount_rate","param_value_internal":0.9910842739893403,"distribution":"{\"name\": \"FloatDistribution\", \"attributes\": {\"step\": null, \"low\": 0.9, \"high\": 0.999, \"log\": false}}"}
{"op_code":6,"worker_id":"210a5419-37b3-4c3b-9171-33c7bde633f7-6292893696","trial_id":90,"state":1,"values":[0.3926,10000.0],"datetime_complete":"2026-06-28T00:35:53.265736"}
{"op_code":4,"worker_id":"210a5419-37b3-4c3b-9171-33c7bde633f7-6292893696","study_id":0,"datetime_start":"2026-06-28T00:35:56.028004"}
{"op_code":5,"worker_id":"210a5419-37b3-4c3b-9171-33c7bde633f7-6292893696","trial_id":98,"param_name":"exploration_constant_c","param_value_internal":0.014294534981056699,"distribution":"{\"name\": \"FloatDistribution\", \"attributes\": {\"step\": null, \"low\": 0.01, \"high\": 1.0, \"log\": true}}"}
{"op_code":5,"worker_id":"210a5419-37b3-4c3b-9171-33c7bde633f7-6292893696","trial_id":98,"param_name":"discount_rate","param_value_internal":0.9429531825290879,"distribution":"{\"name\": \"FloatDistribution\", \"attributes\": {\"step\": null, \"low\": 0.9, \"high\": 0.999, \"log\": false}}"}
{"op_code":6,"worker_id":"210a5419-37b3-4c3b-9171-33c7bde633f7-6309720064","trial_id":84,"state":1,"values":[0.6026,10000.0],"datetime_complete":"2026-06-28T00:37:12.879734"}
{"op_code":4,"worker_id":"210a5419-37b3-4c3b-9171-33c7bde633f7-6309720064","study_id":0,"datetime_start":"2026-06-28T00:37:16.475233"}
{"op_code":5,"worker_id":"210a5419-37b3-4c3b-9171-33c7bde633f7-6309720064","trial_id":99,"param_name":"exploration_constant_c","param_value_internal":0.01380488848357483,"distribution":"{\"name\": \"FloatDistribution\", \"attributes\": {\"step\": null, \"low\": 0.01, \"high\": 1.0, \"log\": true}}"}
{"op_code":5,"worker_id":"210a5419-37b3-4c3b-9171-33c7bde633f7-6309720064","trial_id":99,"param_name":"discount_rate","param_value_internal":0.9988452099891397,"distribution":"{\"name\": \"FloatDistribution\", \"attributes\": {\"step\": null, \"low\": 0.9, \"high\": 0.999, \"log\": false}}"}
{"op_code":6,"worker_id":"210a5419-37b3-4c3b-9171-33c7bde633f7-6326546432","trial_id":93,"state":1,"values":[0.35,8283.2],"datetime_complete":"2026-06-28T00:37:21.966899"}
{"op_code":6,"worker_id":"210a5419-37b3-4c3b-9171-33c7bde633f7-6175109120","trial_id":85,"state":1,"values":[0.5656,10000.0],"datetime_complete":"2026-06-28T00:39:06.192615"}
{"op_code":6,"worker_id":"210a5419-37b3-4c3b-9171-33c7bde633f7-6276067328","trial_id":86,"state":1,"values":[0.588,10000.0],"datetime_complete":"2026-06-28T00:40:44.780825"}
{"op_code":6,"worker_id":"210a5419-37b3-4c3b-9171-33c7bde633f7-6242414592","trial_id":87,"state":1,"values":[0.5548,10000.0],"datetime_complete":"2026-06-28T00:41:19.396399"}
{"op_code":6,"worker_id":"210a5419-37b3-4c3b-9171-33c7bde633f7-6360199168","trial_id":95,"state":1,"values":[0.3456,10000.0],"datetime_complete":"2026-06-28T00:43:28.444869"}
{"op_code":6,"worker_id":"210a5419-37b3-4c3b-9171-33c7bde633f7-6208761856","trial_id":88,"state":1,"values":[0.3596,10000.0],"datetime_complete":"2026-06-28T00:43:39.638800"}
{"op_code":6,"worker_id":"210a5419-37b3-4c3b-9171-33c7bde633f7-6343372800","trial_id":92,"state":1,"values":[0.6114,6226.2],"datetime_complete":"2026-06-28T00:43:47.293971"}
{"op_code":6,"worker_id":"210a5419-37b3-4c3b-9171-33c7bde633f7-6225588224","trial_id":94,"state":1,"values":[0.7252,2360.0],"datetime_complete":"2026-06-28T00:46:02.396044"}
{"op_code":6,"worker_id":"210a5419-37b3-4c3b-9171-33c7bde633f7-6292893696","trial_id":98,"state":1,"values":[0.3924,8602.4],"datetime_complete":"2026-06-28T00:46:23.296805"}
{"op_code":6,"worker_id":"210a5419-37b3-4c3b-9171-33c7bde633f7-6191935488","trial_id":97,"state":1,"values":[0.783,4250.0],"datetime_complete":"2026-06-28T00:48:22.157796"}
{"op_code":6,"worker_id":"210a5419-37b3-4c3b-9171-33c7bde633f7-6309720064","trial_id":99,"state":1,"values":[0.8966,326.4],"datetime_complete":"2026-06-28T00:48:42.375157"}
{"op_code":6,"worker_id":"210a5419-37b3-4c3b-9171-33c7bde633f7-6259240960","trial_id":96,"state":1,"values":[0.3496,10000.0],"datetime_complete":"2026-06-28T00:49:01.098183"}
