{"op_code":0,"worker_id":"ee8054b9-42e5-457a-9af0-3a4907c0aea2-8325439104","study_name":"RMax_Multi_Objective_4x4","directions":[2,1]}
{"op_code":4,"worker_id":"ee8054b9-42e5-457a-9af0-3a4907c0aea2-6176550912","study_id":0,"datetime_start":"2026-07-03T19:37:28.195444"}
{"op_code":4,"worker_id":"ee8054b9-42e5-457a-9af0-3a4907c0aea2-6361640960","study_id":0,"datetime_start":"2026-07-03T19:37:28.206161"}
{"op_code":4,"worker_id":"ee8054b9-42e5-457a-9af0-3a4907c0aea2-6210203648","study_id":0,"datetime_start":"2026-07-03T19:37:28.205707"}
{"op_code":4,"worker_id":"ee8054b9-42e5-457a-9af0-3a4907c0aea2-6227030016","study_id":0,"datetime_start":"2026-07-03T19:37:28.205778"}
{"op_code":4,"worker_id":"ee8054b9-42e5-457a-9af0-3a4907c0aea2-6193377280","study_id":0,"datetime_start":"2026-07-03T19:37:28.205845"}
{"op_code":4,"worker_id":"ee8054b9-42e5-457a-9af0-3a4907c0aea2-6243856384","study_id":0,"datetime_start":"2026-07-03T19:37:28.205889"}
{"op_code":4,"worker_id":"ee8054b9-42e5-457a-9af0-3a4907c0aea2-6260682752","study_id":0,"datetime_start":"2026-07-03T19:37:28.205931"}
{"op_code":4,"worker_id":"ee8054b9-42e5-457a-9af0-3a4907c0aea2-6277509120","study_id":0,"datetime_start":"2026-07-03T19:37:28.205980"}
{"op_code":4,"worker_id":"ee8054b9-42e5-457a-9af0-3a4907c0aea2-6294335488","study_id":0,"datetime_start":"2026-07-03T19:37:28.206025"}
{"op_code":4,"worker_id":"ee8054b9-42e5-457a-9af0-3a4907c0aea2-6311161856","study_id":0,"datetime_start":"2026-07-03T19:37:28.206059"}
{"op_code":4,"worker_id":"ee8054b9-42e5-457a-9af0-3a4907c0aea2-6327988224","study_id":0,"datetime_start":"2026-07-03T19:37:28.206097"}
{"op_code":4,"worker_id":"ee8054b9-42e5-457a-9af0-3a4907c0aea2-6344814592","study_id":0,"datetime_start":"2026-07-03T19:37:28.206131"}
{"op_code":5,"worker_id":"ee8054b9-42e5-457a-9af0-3a4907c0aea2-6327988224","trial_id":10,"param_name":"discount_rate","param_value_internal":0.9708060316292881,"distribution":"{\"name\": \"FloatDistribution\", \"attributes\": {\"step\": null, \"low\": 0.9, \"high\": 0.999, \"log\": false}}"}
{"op_code":5,"worker_id":"ee8054b9-42e5-457a-9af0-3a4907c0aea2-6176550912","trial_id":0,"param_name":"discount_rate","param_value_internal":0.9430534239111247,"distribution":"{\"name\": \"FloatDistribution\", \"attributes\": {\"step\": null, \"low\": 0.9, \"high\": 0.999, \"log\": false}}"}
{"op_code":5,"worker_id":"ee8054b9-42e5-457a-9af0-3a4907c0aea2-6361640960","trial_id":1,"param_name":"discount_rate","param_value_internal":0.9620399494034038,"distribution":"{\"name\": \"FloatDistribution\", \"attributes\": {\"step\": null, \"low\": 0.9, \"high\": 0.999, \"log\": false}}"}
{"op_code":5,"worker_id":"ee8054b9-42e5-457a-9af0-3a4907c0aea2-6210203648","trial_id":2,"param_name":"discount_rate","param_value_internal":0.9430917728341383,"distribution":"{\"name\": \"FloatDistribution\", \"attributes\": {\"step\": null, \"low\": 0.9, \"high\": 0.999, \"log\": false}}"}
{"op_code":5,"worker_id":"ee8054b9-42e5-457a-9af0-3a4907c0aea2-6227030016","trial_id":3,"param_name":"discount_rate","param_value_internal":0.9293162299009385,"distribution":"{\"name\": \"FloatDistribution\", \"attributes\": {\"step\": null, \"low\": 0.9, \"high\": 0.999, \"log\": false}}"}
{"op_code":5,"worker_id":"ee8054b9-42e5-457a-9af0-3a4907c0aea2-6193377280","trial_id":4,"param_name":"discount_rate","param_value_internal":0.9494819086929371,"distribution":"{\"name\": \"FloatDistribution\", \"attributes\": {\"step\": null, \"low\": 0.9, \"high\": 0.999, \"log\": false}}"}
{"op_code":5,"worker_id":"ee8054b9-42e5-457a-9af0-3a4907c0aea2-6243856384","trial_id":5,"param_name":"discount_rate","param_value_internal":0.9567662199301314,"distribution":"{\"name\": \"FloatDistribution\", \"attributes\": {\"step\": null, \"low\": 0.9, \"high\": 0.999, \"log\": false}}"}
{"op_code":5,"worker_id":"ee8054b9-42e5-457a-9af0-3a4907c0aea2-6260682752","trial_id":6,"param_name":"discount_rate","param_value_internal":0.9733881628063926,"distribution":"{\"name\": \"FloatDistribution\", \"attributes\": {\"step\": null, \"low\": 0.9, \"high\": 0.999, \"log\": false}}"}
{"op_code":5,"worker_id":"ee8054b9-42e5-457a-9af0-3a4907c0aea2-6277509120","trial_id":7,"param_name":"discount_rate","param_value_internal":0.9669677070959968,"distribution":"{\"name\": \"FloatDistribution\", \"attributes\": {\"step\": null, \"low\": 0.9, \"high\": 0.999, \"log\": false}}"}
{"op_code":5,"worker_id":"ee8054b9-42e5-457a-9af0-3a4907c0aea2-6294335488","trial_id":8,"param_name":"discount_rate","param_value_internal":0.9678494228107608,"distribution":"{\"name\": \"FloatDistribution\", \"attributes\": {\"step\": null, \"low\": 0.9, \"high\": 0.999, \"log\": false}}"}
{"op_code":5,"worker_id":"ee8054b9-42e5-457a-9af0-3a4907c0aea2-6311161856","trial_id":9,"param_name":"discount_rate","param_value_internal":0.9249495446014315,"distribution":"{\"name\": \"FloatDistribution\", \"attributes\": {\"step\": null, \"low\": 0.9, \"high\": 0.999, \"log\": false}}"}
{"op_code":5,"worker_id":"ee8054b9-42e5-457a-9af0-3a4907c0aea2-6327988224","trial_id":10,"param_name":"m","param_value_internal":2.0,"distribution":"{\"name\": \"IntDistribution\", \"attributes\": {\"log\": false, \"step\": 1, \"low\": 1, \"high\": 50}}"}
{"op_code":5,"worker_id":"ee8054b9-42e5-457a-9af0-3a4907c0aea2-6176550912","trial_id":0,"param_name":"m","param_value_internal":13.0,"distribution":"{\"name\": \"IntDistribution\", \"attributes\": {\"log\": false, \"step\": 1, \"low\": 1, \"high\": 50}}"}
{"op_code":5,"worker_id":"ee8054b9-42e5-457a-9af0-3a4907c0aea2-6361640960","trial_id":1,"param_name":"m","param_value_internal":30.0,"distribution":"{\"name\": \"IntDistribution\", \"attributes\": {\"log\": false, \"step\": 1, \"low\": 1, \"high\": 50}}"}
{"op_code":5,"worker_id":"ee8054b9-42e5-457a-9af0-3a4907c0aea2-6210203648","trial_id":2,"param_name":"m","param_value_internal":50.0,"distribution":"{\"name\": \"IntDistribution\", \"attributes\": {\"log\": false, \"step\": 1, \"low\": 1, \"high\": 50}}"}
{"op_code":5,"worker_id":"ee8054b9-42e5-457a-9af0-3a4907c0aea2-6227030016","trial_id":3,"param_name":"m","param_value_internal":26.0,"distribution":"{\"name\": \"IntDistribution\", \"attributes\": {\"log\": false, \"step\": 1, \"low\": 1, \"high\": 50}}"}
{"op_code":5,"worker_id":"ee8054b9-42e5-457a-9af0-3a4907c0aea2-6193377280","trial_id":4,"param_name":"m","param_value_internal":34.0,"distribution":"{\"name\": \"IntDistribution\", \"attributes\": {\"log\": false, \"step\": 1, \"low\": 1, \"high\": 50}}"}
{"op_code":5,"worker_id":"ee8054b9-42e5-457a-9af0-3a4907c0aea2-6243856384","trial_id":5,"param_name":"m","param_value_internal":48.0,"distribution":"{\"name\": \"IntDistribution\", \"attributes\": {\"log\": false, \"step\": 1, \"low\": 1, \"high\": 50}}"}
{"op_code":5,"worker_id":"ee8054b9-42e5-457a-9af0-3a4907c0aea2-6260682752","trial_id":6,"param_name":"m","param_value_internal":1.0,"distribution":"{\"name\": \"IntDistribution\", \"attributes\": {\"log\": false, \"step\": 1, \"low\": 1, \"high\": 50}}"}
{"op_code":5,"worker_id":"ee8054b9-42e5-457a-9af0-3a4907c0aea2-6277509120","trial_id":7,"param_name":"m","param_value_internal":5.0,"distribution":"{\"name\": \"IntDistribution\", \"attributes\": {\"log\": false, \"step\": 1, \"low\": 1, \"high\": 50}}"}
{"op_code":5,"worker_id":"ee8054b9-42e5-457a-9af0-3a4907c0aea2-6294335488","trial_id":8,"param_name":"m","param_value_internal":18.0,"distribution":"{\"name\": \"IntDistribution\", \"attributes\": {\"log\": false, \"step\": 1, \"low\": 1, \"high\": 50}}"}
{"op_code":5,"worker_id":"ee8054b9-42e5-457a-9af0-3a4907c0aea2-6311161856","trial_id":9,"param_name":"m","param_value_internal":48.0,"distribution":"{\"name\": \"IntDistribution\", \"attributes\": {\"log\": false, \"step\": 1, \"low\": 1, \"high\": 50}}"}
{"op_code":5,"worker_id":"ee8054b9-42e5-457a-9af0-3a4907c0aea2-6344814592","trial_id":11,"param_name":"discount_rate","param_value_internal":0.9259926215213069,"distribution":"{\"name\": \"FloatDistribution\", \"attributes\": {\"step\": null, \"low\": 0.9, \"high\": 0.999, \"log\": false}}"}
{"op_code":5,"worker_id":"ee8054b9-42e5-457a-9af0-3a4907c0aea2-6344814592","trial_id":11,"param_name":"m","param_value_internal":10.0,"distribution":"{\"name\": \"IntDistribution\", \"attributes\": {\"log\": false, \"step\": 1, \"low\": 1, \"high\": 50}}"}
{"op_code":6,"worker_id":"ee8054b9-42e5-457a-9af0-3a4907c0aea2-6327988224","trial_id":10,"state":1,"values":[0.414,1334.7],"datetime_complete":"2026-07-03T19:42:23.873325"}
{"op_code":4,"worker_id":"ee8054b9-42e5-457a-9af0-3a4907c0aea2-6327988224","study_id":0,"datetime_start":"2026-07-03T19:42:23.886775"}
{"op_code":5,"worker_id":"ee8054b9-42e5-457a-9af0-3a4907c0aea2-6327988224","trial_id":12,"param_name":"discount_rate","param_value_internal":0.967613417381787,"distribution":"{\"name\": \"FloatDistribution\", \"attributes\": {\"step\": null, \"low\": 0.9, \"high\": 0.999, \"log\": false}}"}
{"op_code":5,"worker_id":"ee8054b9-42e5-457a-9af0-3a4907c0aea2-6327988224","trial_id":12,"param_name":"m","param_value_internal":2.0,"distribution":"{\"name\": \"IntDistribution\", \"attributes\": {\"log\": false, \"step\": 1, \"low\": 1, \"high\": 50}}"}
{"op_code":6,"worker_id":"ee8054b9-42e5-457a-9af0-3a4907c0aea2-6260682752","trial_id":6,"state":1,"values":[0.3488,1851.4],"datetime_complete":"2026-07-03T19:42:25.863936"}
{"op_code":4,"worker_id":"ee8054b9-42e5-457a-9af0-3a4907c0aea2-6260682752","study_id":0,"datetime_start":"2026-07-03T19:42:25.886151"}
{"op_code":5,"worker_id":"ee8054b9-42e5-457a-9af0-3a4907c0aea2-6260682752","trial_id":13,"param_name":"discount_rate","param_value_internal":0.903401426298134,"distribution":"{\"name\": \"FloatDistribution\", \"attributes\": {\"step\": null, \"low\": 0.9, \"high\": 0.999, \"log\": false}}"}
{"op_code":5,"worker_id":"ee8054b9-42e5-457a-9af0-3a4907c0aea2-6260682752","trial_id":13,"param_name":"m","param_value_internal":22.0,"distribution":"{\"name\": \"IntDistribution\", \"attributes\": {\"log\": false, \"step\": 1, \"low\": 1, \"high\": 50}}"}
{"op_code":6,"worker_id":"ee8054b9-42e5-457a-9af0-3a4907c0aea2-6344814592","trial_id":11,"state":1,"values":[0.542,1310.2],"datetime_complete":"2026-07-03T19:43:09.755585"}
{"op_code":4,"worker_id":"ee8054b9-42e5-457a-9af0-3a4907c0aea2-6344814592","study_id":0,"datetime_start":"2026-07-03T19:43:09.773209"}
{"op_code":5,"worker_id":"ee8054b9-42e5-457a-9af0-3a4907c0aea2-6344814592","trial_id":14,"param_name":"discount_rate","param_value_internal":0.9463817586831671,"distribution":"{\"name\": \"FloatDistribution\", \"attributes\": {\"step\": null, \"low\": 0.9, \"high\": 0.999, \"log\": false}}"}
{"op_code":5,"worker_id":"ee8054b9-42e5-457a-9af0-3a4907c0aea2-6344814592","trial_id":14,"param_name":"m","param_value_internal":9.0,"distribution":"{\"name\": \"IntDistribution\", \"attributes\": {\"log\": false, \"step\": 1, \"low\": 1, \"high\": 50}}"}
{"op_code":6,"worker_id":"ee8054b9-42e5-457a-9af0-3a4907c0aea2-6311161856","trial_id":9,"state":1,"values":[0.6546,1075.7],"datetime_complete":"2026-07-03T19:43:21.601824"}
{"op_code":4,"worker_id":"ee8054b9-42e5-457a-9af0-3a4907c0aea2-6311161856","study_id":0,"datetime_start":"2026-07-03T19:43:21.617073"}
{"op_code":5,"worker_id":"ee8054b9-42e5-457a-9af0-3a4907c0aea2-6311161856","trial_id":15,"param_name":"discount_rate","param_value_internal":0.9303410201212168,"distribution":"{\"name\": \"FloatDistribution\", \"attributes\": {\"step\": null, \"low\": 0.9, \"high\": 0.999, \"log\": false}}"}
{"op_code":5,"worker_id":"ee8054b9-42e5-457a-9af0-3a4907c0aea2-6311161856","trial_id":15,"param_name":"m","param_value_internal":8.0,"distribution":"{\"name\": \"IntDistribution\", \"attributes\": {\"log\": false, \"step\": 1, \"low\": 1, \"high\": 50}}"}
{"op_code":6,"worker_id":"ee8054b9-42e5-457a-9af0-3a4907c0aea2-6227030016","trial_id":3,"state":1,"values":[0.6112,1143.8],"datetime_complete":"2026-07-03T19:43:22.959970"}
{"op_code":4,"worker_id":"ee8054b9-42e5-457a-9af0-3a4907c0aea2-6227030016","study_id":0,"datetime_start":"2026-07-03T19:43:22.976189"}
{"op_code":5,"worker_id":"ee8054b9-42e5-457a-9af0-3a4907c0aea2-6227030016","trial_id":16,"param_name":"discount_rate","param_value_internal":0.9821449329448114,"distribution":"{\"name\": \"FloatDistribution\", \"attributes\": {\"step\": null, \"low\": 0.9, \"high\": 0.999, \"log\": false}}"}
{"op_code":5,"worker_id":"ee8054b9-42e5-457a-9af0-3a4907c0aea2-6227030016","trial_id":16,"param_name":"m","param_value_internal":9.0,"distribution":"{\"name\": \"IntDistribution\", \"attributes\": {\"log\": false, \"step\": 1, \"low\": 1, \"high\": 50}}"}
{"op_code":6,"worker_id":"ee8054b9-42e5-457a-9af0-3a4907c0aea2-6176550912","trial_id":0,"state":1,"values":[0.586,1226.5],"datetime_complete":"2026-07-03T19:43:33.250893"}
{"op_code":4,"worker_id":"ee8054b9-42e5-457a-9af0-3a4907c0aea2-6176550912","study_id":0,"datetime_start":"2026-07-03T19:43:33.277599"}
{"op_code":5,"worker_id":"ee8054b9-42e5-457a-9af0-3a4907c0aea2-6176550912","trial_id":17,"param_name":"discount_rate","param_value_internal":0.9779475346514421,"distribution":"{\"name\": \"FloatDistribution\", \"attributes\": {\"step\": null, \"low\": 0.9, \"high\": 0.999, \"log\": false}}"}
{"op_code":5,"worker_id":"ee8054b9-42e5-457a-9af0-3a4907c0aea2-6176550912","trial_id":17,"param_name":"m","param_value_internal":29.0,"distribution":"{\"name\": \"IntDistribution\", \"attributes\": {\"log\": false, \"step\": 1, \"low\": 1, \"high\": 50}}"}
{"op_code":6,"worker_id":"ee8054b9-42e5-457a-9af0-3a4907c0aea2-6210203648","trial_id":2,"state":1,"values":[0.6982,782.4],"datetime_complete":"2026-07-03T19:43:40.517556"}
{"op_code":4,"worker_id":"ee8054b9-42e5-457a-9af0-3a4907c0aea2-6210203648","study_id":0,"datetime_start":"2026-07-03T19:43:40.532870"}
{"op_code":5,"worker_id":"ee8054b9-42e5-457a-9af0-3a4907c0aea2-6210203648","trial_id":18,"param_name":"discount_rate","param_value_internal":0.9920189788050195,"distribution":"{\"name\": \"FloatDistribution\", \"attributes\": {\"step\": null, \"low\": 0.9, \"high\": 0.999, \"log\": false}}"}
{"op_code":5,"worker_id":"ee8054b9-42e5-457a-9af0-3a4907c0aea2-6210203648","trial_id":18,"param_name":"m","param_value_internal":39.0,"distribution":"{\"name\": \"IntDistribution\", \"attributes\": {\"log\": false, \"step\": 1, \"low\": 1, \"high\": 50}}"}
{"op_code":6,"worker_id":"ee8054b9-42e5-457a-9af0-3a4907c0aea2-6243856384","trial_id":5,"state":1,"values":[0.722,598.0],"datetime_complete":"2026-07-03T19:43:52.756321"}
{"op_code":4,"worker_id":"ee8054b9-42e5-457a-9af0-3a4907c0aea2-6243856384","study_id":0,"datetime_start":"2026-07-03T19:43:52.774159"}
{"op_code":5,"worker_id":"ee8054b9-42e5-457a-9af0-3a4907c0aea2-6243856384","trial_id":19,"param_name":"discount_rate","param_value_internal":0.9723515301914377,"distribution":"{\"name\": \"FloatDistribution\", \"attributes\": {\"step\": null, \"low\": 0.9, \"high\": 0.999, \"log\": false}}"}
{"op_code":5,"worker_id":"ee8054b9-42e5-457a-9af0-3a4907c0aea2-6243856384","trial_id":19,"param_name":"m","param_value_internal":47.0,"distribution":"{\"name\": \"IntDistribution\", \"attributes\": {\"log\": false, \"step\": 1, \"low\": 1, \"high\": 50}}"}
{"op_code":6,"worker_id":"ee8054b9-42e5-457a-9af0-3a4907c0aea2-6193377280","trial_id":4,"state":1,"values":[0.6724,688.0],"datetime_complete":"2026-07-03T19:43:56.915562"}
{"op_code":4,"worker_id":"ee8054b9-42e5-457a-9af0-3a4907c0aea2-6193377280","study_id":0,"datetime_start":"2026-07-03T19:43:56.930522"}
{"op_code":5,"worker_id":"ee8054b9-42e5-457a-9af0-3a4907c0aea2-6193377280","trial_id":20,"param_name":"discount_rate","param_value_internal":0.9768724082486329,"distribution":"{\"name\": \"FloatDistribution\", \"attributes\": {\"step\": null, \"low\": 0.9, \"high\": 0.999, \"log\": false}}"}
{"op_code":5,"worker_id":"ee8054b9-42e5-457a-9af0-3a4907c0aea2-6193377280","trial_id":20,"param_name":"m","param_value_internal":41.0,"distribution":"{\"name\": \"IntDistribution\", \"attributes\": {\"log\": false, \"step\": 1, \"low\": 1, \"high\": 50}}"}
{"op_code":6,"worker_id":"ee8054b9-42e5-457a-9af0-3a4907c0aea2-6277509120","trial_id":7,"state":1,"values":[0.5908,825.6],"datetime_complete":"2026-07-03T19:44:02.278825"}
{"op_code":4,"worker_id":"ee8054b9-42e5-457a-9af0-3a4907c0aea2-6277509120","study_id":0,"datetime_start":"2026-07-03T19:44:02.300199"}
{"op_code":5,"worker_id":"ee8054b9-42e5-457a-9af0-3a4907c0aea2-6277509120","trial_id":21,"param_name":"discount_rate","param_value_internal":0.9957676456302588,"distribution":"{\"name\": \"FloatDistribution\", \"attributes\": {\"step\": null, \"low\": 0.9, \"high\": 0.999, \"log\": false}}"}
{"op_code":5,"worker_id":"ee8054b9-42e5-457a-9af0-3a4907c0aea2-6277509120","trial_id":21,"param_name":"m","param_value_internal":40.0,"distribution":"{\"name\": \"IntDistribution\", \"attributes\": {\"log\": false, \"step\": 1, \"low\": 1, \"high\": 50}}"}
{"op_code":6,"worker_id":"ee8054b9-42e5-457a-9af0-3a4907c0aea2-6361640960","trial_id":1,"state":1,"values":[0.6894,619.8],"datetime_complete":"2026-07-03T19:44:07.441438"}
{"op_code":4,"worker_id":"ee8054b9-42e5-457a-9af0-3a4907c0aea2-6361640960","study_id":0,"datetime_start":"2026-07-03T19:44:07.457387"}
{"op_code":5,"worker_id":"ee8054b9-42e5-457a-9af0-3a4907c0aea2-6361640960","trial_id":22,"param_name":"discount_rate","param_value_internal":0.9986091382590838,"distribution":"{\"name\": \"FloatDistribution\", \"attributes\": {\"step\": null, \"low\": 0.9, \"high\": 0.999, \"log\": false}}"}
{"op_code":5,"worker_id":"ee8054b9-42e5-457a-9af0-3a4907c0aea2-6361640960","trial_id":22,"param_name":"m","param_value_internal":36.0,"distribution":"{\"name\": \"IntDistribution\", \"attributes\": {\"log\": false, \"step\": 1, \"low\": 1, \"high\": 50}}"}
{"op_code":6,"worker_id":"ee8054b9-42e5-457a-9af0-3a4907c0aea2-6294335488","trial_id":8,"state":1,"values":[0.7036,393.2],"datetime_complete":"2026-07-03T19:44:28.575084"}
{"op_code":4,"worker_id":"ee8054b9-42e5-457a-9af0-3a4907c0aea2-6294335488","study_id":0,"datetime_start":"2026-07-03T19:44:28.591654"}
{"op_code":5,"worker_id":"ee8054b9-42e5-457a-9af0-3a4907c0aea2-6294335488","trial_id":23,"param_name":"discount_rate","param_value_internal":0.9917651295209956,"distribution":"{\"name\": \"FloatDistribution\", \"attributes\": {\"step\": null, \"low\": 0.9, \"high\": 0.999, \"log\": false}}"}
{"op_code":5,"worker_id":"ee8054b9-42e5-457a-9af0-3a4907c0aea2-6294335488","trial_id":23,"param_name":"m","param_value_internal":18.0,"distribution":"{\"name\": \"IntDistribution\", \"attributes\": {\"log\": false, \"step\": 1, \"low\": 1, \"high\": 50}}"}
{"op_code":6,"worker_id":"ee8054b9-42e5-457a-9af0-3a4907c0aea2-6327988224","trial_id":12,"state":1,"values":[0.2846,1818.4],"datetime_complete":"2026-07-03T19:46:25.182370"}
{"op_code":4,"worker_id":"ee8054b9-42e5-457a-9af0-3a4907c0aea2-6327988224","study_id":0,"datetime_start":"2026-07-03T19:46:25.203767"}
{"op_code":5,"worker_id":"ee8054b9-42e5-457a-9af0-3a4907c0aea2-6327988224","trial_id":24,"param_name":"discount_rate","param_value_internal":0.9915675675633514,"distribution":"{\"name\": \"FloatDistribution\", \"attributes\": {\"step\": null, \"low\": 0.9, \"high\": 0.999, \"log\": false}}"}
{"op_code":5,"worker_id":"ee8054b9-42e5-457a-9af0-3a4907c0aea2-6327988224","trial_id":24,"param_name":"m","param_value_internal":15.0,"distribution":"{\"name\": \"IntDistribution\", \"attributes\": {\"log\": false, \"step\": 1, \"low\": 1, \"high\": 50}}"}
{"op_code":6,"worker_id":"ee8054b9-42e5-457a-9af0-3a4907c0aea2-6260682752","trial_id":13,"state":1,"values":[0.5732,1304.9],"datetime_complete":"2026-07-03T19:48:23.922161"}
{"op_code":4,"worker_id":"ee8054b9-42e5-457a-9af0-3a4907c0aea2-6260682752","study_id":0,"datetime_start":"2026-07-03T19:48:23.937892"}
{"op_code":5,"worker_id":"ee8054b9-42e5-457a-9af0-3a4907c0aea2-6260682752","trial_id":25,"param_name":"discount_rate","param_value_internal":0.9960907585469628,"distribution":"{\"name\": \"FloatDistribution\", \"attributes\": {\"step\": null, \"low\": 0.9, \"high\": 0.999, \"log\": false}}"}
{"op_code":5,"worker_id":"ee8054b9-42e5-457a-9af0-3a4907c0aea2-6260682752","trial_id":25,"param_name":"m","param_value_internal":18.0,"distribution":"{\"name\": \"IntDistribution\", \"attributes\": {\"log\": false, \"step\": 1, \"low\": 1, \"high\": 50}}"}
{"op_code":6,"worker_id":"ee8054b9-42e5-457a-9af0-3a4907c0aea2-6344814592","trial_id":14,"state":1,"values":[0.5718,1027.0],"datetime_complete":"2026-07-03T19:49:22.502978"}
{"op_code":4,"worker_id":"ee8054b9-42e5-457a-9af0-3a4907c0aea2-6344814592","study_id":0,"datetime_start":"2026-07-03T19:49:22.520013"}
{"op_code":5,"worker_id":"ee8054b9-42e5-457a-9af0-3a4907c0aea2-6344814592","trial_id":26,"param_name":"discount_rate","param_value_internal":0.997741050296285,"distribution":"{\"name\": \"FloatDistribution\", \"attributes\": {\"step\": null, \"low\": 0.9, \"high\": 0.999, \"log\": false}}"}
{"op_code":5,"worker_id":"ee8054b9-42e5-457a-9af0-3a4907c0aea2-6344814592","trial_id":26,"param_name":"m","param_value_internal":22.0,"distribution":"{\"name\": \"IntDistribution\", \"attributes\": {\"log\": false, \"step\": 1, \"low\": 1, \"high\": 50}}"}
{"op_code":6,"worker_id":"ee8054b9-42e5-457a-9af0-3a4907c0aea2-6311161856","trial_id":15,"state":1,"values":[0.607,807.9],"datetime_complete":"2026-07-03T19:50:15.737266"}
{"op_code":4,"worker_id":"ee8054b9-42e5-457a-9af0-3a4907c0aea2-6311161856","study_id":0,"datetime_start":"2026-07-03T19:50:15.784865"}
{"op_code":5,"worker_id":"ee8054b9-42e5-457a-9af0-3a4907c0aea2-6311161856","trial_id":27,"param_name":"discount_rate","param_value_internal":0.9968947431713338,"distribution":"{\"name\": \"FloatDistribution\", \"attributes\": {\"step\": null, \"low\": 0.9, \"high\": 0.999, \"log\": false}}"}
{"op_code":5,"worker_id":"ee8054b9-42e5-457a-9af0-3a4907c0aea2-6311161856","trial_id":27,"param_name":"m","param_value_internal":17.0,"distribution":"{\"name\": \"IntDistribution\", \"attributes\": {\"log\": false, \"step\": 1, \"low\": 1, \"high\": 50}}"}
{"op_code":6,"worker_id":"ee8054b9-42e5-457a-9af0-3a4907c0aea2-6243856384","trial_id":19,"state":1,"values":[0.7202,606.2],"datetime_complete":"2026-07-03T19:50:35.962620"}
{"op_code":4,"worker_id":"ee8054b9-42e5-457a-9af0-3a4907c0aea2-6243856384","study_id":0,"datetime_start":"2026-07-03T19:50:35.978765"}
{"op_code":5,"worker_id":"ee8054b9-42e5-457a-9af0-3a4907c0aea2-6243856384","trial_id":28,"param_name":"discount_rate","param_value_internal":0.9932404129470466,"distribution":"{\"name\": \"FloatDistribution\", \"attributes\": {\"step\": null, \"low\": 0.9, \"high\": 0.999, \"log\": false}}"}
{"op_code":5,"worker_id":"ee8054b9-42e5-457a-9af0-3a4907c0aea2-6243856384","trial_id":28,"param_name":"m","param_value_internal":17.0,"distribution":"{\"name\": \"IntDistribution\", \"attributes\": {\"log\": false, \"step\": 1, \"low\": 1, \"high\": 50}}"}
{"op_code":6,"worker_id":"ee8054b9-42e5-457a-9af0-3a4907c0aea2-6193377280","trial_id":20,"state":1,"values":[0.7172,597.0],"datetime_complete":"2026-07-03T19:50:49.583177"}
{"op_code":4,"worker_id":"ee8054b9-42e5-457a-9af0-3a4907c0aea2-6193377280","study_id":0,"datetime_start":"2026-07-03T19:50:49.603533"}
{"op_code":5,"worker_id":"ee8054b9-42e5-457a-9af0-3a4907c0aea2-6193377280","trial_id":29,"param_name":"discount_rate","param_value_internal":0.997685922775958,"distribution":"{\"name\": \"FloatDistribution\", \"attributes\": {\"step\": null, \"low\": 0.9, \"high\": 0.999, \"log\": false}}"}
{"op_code":5,"worker_id":"ee8054b9-42e5-457a-9af0-3a4907c0aea2-6193377280","trial_id":29,"param_name":"m","param_value_internal":18.0,"distribution":"{\"name\": \"IntDistribution\", \"attributes\": {\"log\": false, \"step\": 1, \"low\": 1, \"high\": 50}}"}
{"op_code":6,"worker_id":"ee8054b9-42e5-457a-9af0-3a4907c0aea2-6176550912","trial_id":17,"state":1,"values":[0.734,394.6],"datetime_complete":"2026-07-03T19:50:57.882591"}
{"op_code":4,"worker_id":"ee8054b9-42e5-457a-9af0-3a4907c0aea2-6176550912","study_id":0,"datetime_start":"2026-07-03T19:50:57.896271"}
{"op_code":5,"worker_id":"ee8054b9-42e5-457a-9af0-3a4907c0aea2-6176550912","trial_id":30,"param_name":"discount_rate","param_value_internal":0.9938593745332611,"distribution":"{\"name\": \"FloatDistribution\", \"attributes\": {\"step\": null, \"low\": 0.9, \"high\": 0.999, \"log\": false}}"}
{"op_code":5,"worker_id":"ee8054b9-42e5-457a-9af0-3a4907c0aea2-6176550912","trial_id":30,"param_name":"m","param_value_internal":18.0,"distribution":"{\"name\": \"IntDistribution\", \"attributes\": {\"log\": false, \"step\": 1, \"low\": 1, \"high\": 50}}"}
{"op_code":6,"worker_id":"ee8054b9-42e5-457a-9af0-3a4907c0aea2-6210203648","trial_id":18,"state":1,"values":[0.74,514.6],"datetime_complete":"2026-07-03T19:51:01.352494"}
{"op_code":4,"worker_id":"ee8054b9-42e5-457a-9af0-3a4907c0aea2-6210203648","study_id":0,"datetime_start":"2026-07-03T19:51:01.413406"}
{"op_code":5,"worker_id":"ee8054b9-42e5-457a-9af0-3a4907c0aea2-6210203648","trial_id":31,"param_name":"discount_rate","param_value_internal":0.9916521168095511,"distribution":"{\"name\": \"FloatDistribution\", \"attributes\": {\"step\": null, \"low\": 0.9, \"high\": 0.999, \"log\": false}}"}
{"op_code":5,"worker_id":"ee8054b9-42e5-457a-9af0-3a4907c0aea2-6210203648","trial_id":31,"param_name":"m","param_value_internal":37.0,"distribution":"{\"name\": \"IntDistribution\", \"attributes\": {\"log\": false, \"step\": 1, \"low\": 1, \"high\": 50}}"}
{"op_code":6,"worker_id":"ee8054b9-42e5-457a-9af0-3a4907c0aea2-6227030016","trial_id":16,"state":1,"values":[0.6996,509.3],"datetime_complete":"2026-07-03T19:51:11.978266"}
{"op_code":4,"worker_id":"ee8054b9-42e5-457a-9af0-3a4907c0aea2-6227030016","study_id":0,"datetime_start":"2026-07-03T19:51:12.002151"}
{"op_code":5,"worker_id":"ee8054b9-42e5-457a-9af0-3a4907c0aea2-6227030016","trial_id":32,"param_name":"discount_rate","param_value_internal":0.9988546302722906,"distribution":"{\"name\": \"FloatDistribution\", \"attributes\": {\"step\": null, \"low\": 0.9, \"high\": 0.999, \"log\": false}}"}
{"op_code":5,"worker_id":"ee8054b9-42e5-457a-9af0-3a4907c0aea2-6227030016","trial_id":32,"param_name":"m","param_value_internal":17.0,"distribution":"{\"name\": \"IntDistribution\", \"attributes\": {\"log\": false, \"step\": 1, \"low\": 1, \"high\": 50}}"}
{"op_code":6,"worker_id":"ee8054b9-42e5-457a-9af0-3a4907c0aea2-6277509120","trial_id":21,"state":1,"values":[0.7416,518.0],"datetime_complete":"2026-07-03T19:51:27.277559"}
{"op_code":4,"worker_id":"ee8054b9-42e5-457a-9af0-3a4907c0aea2-6277509120","study_id":0,"datetime_start":"2026-07-03T19:51:27.294687"}
{"op_code":5,"worker_id":"ee8054b9-42e5-457a-9af0-3a4907c0aea2-6277509120","trial_id":33,"param_name":"discount_rate","param_value_internal":0.9970882409360712,"distribution":"{\"name\": \"FloatDistribution\", \"attributes\": {\"step\": null, \"low\": 0.9, \"high\": 0.999, \"log\": false}}"}
{"op_code":5,"worker_id":"ee8054b9-42e5-457a-9af0-3a4907c0aea2-6277509120","trial_id":33,"param_name":"m","param_value_internal":19.0,"distribution":"{\"name\": \"IntDistribution\", \"attributes\": {\"log\": false, \"step\": 1, \"low\": 1, \"high\": 50}}"}
{"op_code":6,"worker_id":"ee8054b9-42e5-457a-9af0-3a4907c0aea2-6361640960","trial_id":22,"state":1,"values":[0.7388,522.3],"datetime_complete":"2026-07-03T19:51:44.651306"}
{"op_code":4,"worker_id":"ee8054b9-42e5-457a-9af0-3a4907c0aea2-6361640960","study_id":0,"datetime_start":"2026-07-03T19:51:44.676600"}
{"op_code":5,"worker_id":"ee8054b9-42e5-457a-9af0-3a4907c0aea2-6361640960","trial_id":34,"param_name":"discount_rate","param_value_internal":0.9858163791064516,"distribution":"{\"name\": \"FloatDistribution\", \"attributes\": {\"step\": null, \"low\": 0.9, \"high\": 0.999, \"log\": false}}"}
{"op_code":5,"worker_id":"ee8054b9-42e5-457a-9af0-3a4907c0aea2-6361640960","trial_id":34,"param_name":"m","param_value_internal":17.0,"distribution":"{\"name\": \"IntDistribution\", \"attributes\": {\"log\": false, \"step\": 1, \"low\": 1, \"high\": 50}}"}
{"op_code":6,"worker_id":"ee8054b9-42e5-457a-9af0-3a4907c0aea2-6294335488","trial_id":23,"state":1,"values":[0.7414,290.2],"datetime_complete":"2026-07-03T19:52:24.784630"}
{"op_code":4,"worker_id":"ee8054b9-42e5-457a-9af0-3a4907c0aea2-6294335488","study_id":0,"datetime_start":"2026-07-03T19:52:24.800117"}
{"op_code":5,"worker_id":"ee8054b9-42e5-457a-9af0-3a4907c0aea2-6294335488","trial_id":35,"param_name":"discount_rate","param_value_internal":0.9884571271482882,"distribution":"{\"name\": \"FloatDistribution\", \"attributes\": {\"step\": null, \"low\": 0.9, \"high\": 0.999, \"log\": false}}"}
{"op_code":5,"worker_id":"ee8054b9-42e5-457a-9af0-3a4907c0aea2-6294335488","trial_id":35,"param_name":"m","param_value_internal":17.0,"distribution":"{\"name\": \"IntDistribution\", \"attributes\": {\"log\": false, \"step\": 1, \"low\": 1, \"high\": 50}}"}
{"op_code":6,"worker_id":"ee8054b9-42e5-457a-9af0-3a4907c0aea2-6327988224","trial_id":24,"state":1,"values":[0.7278,275.8],"datetime_complete":"2026-07-03T19:54:26.942035"}
{"op_code":4,"worker_id":"ee8054b9-42e5-457a-9af0-3a4907c0aea2-6327988224","study_id":0,"datetime_start":"2026-07-03T19:54:26.978431"}
{"op_code":5,"worker_id":"ee8054b9-42e5-457a-9af0-3a4907c0aea2-6327988224","trial_id":36,"param_name":"discount_rate","param_value_internal":0.9892296989074587,"distribution":"{\"name\": \"FloatDistribution\", \"attributes\": {\"step\": null, \"low\": 0.9, \"high\": 0.999, \"log\": false}}"}
{"op_code":5,"worker_id":"ee8054b9-42e5-457a-9af0-3a4907c0aea2-6327988224","trial_id":36,"param_name":"m","param_value_internal":17.0,"distribution":"{\"name\": \"IntDistribution\", \"attributes\": {\"log\": false, \"step\": 1, \"low\": 1, \"high\": 50}}"}
{"op_code":6,"worker_id":"ee8054b9-42e5-457a-9af0-3a4907c0aea2-6260682752","trial_id":25,"state":1,"values":[0.7402,305.8],"datetime_complete":"2026-07-03T19:56:20.221434"}
{"op_code":4,"worker_id":"ee8054b9-42e5-457a-9af0-3a4907c0aea2-6260682752","study_id":0,"datetime_start":"2026-07-03T19:56:20.247718"}
{"op_code":5,"worker_id":"ee8054b9-42e5-457a-9af0-3a4907c0aea2-6260682752","trial_id":37,"param_name":"discount_rate","param_value_internal":0.9867002645269385,"distribution":"{\"name\": \"FloatDistribution\", \"attributes\": {\"step\": null, \"low\": 0.9, \"high\": 0.999, \"log\": false}}"}
{"op_code":5,"worker_id":"ee8054b9-42e5-457a-9af0-3a4907c0aea2-6260682752","trial_id":37,"param_name":"m","param_value_internal":16.0,"distribution":"{\"name\": \"IntDistribution\", \"attributes\": {\"log\": false, \"step\": 1, \"low\": 1, \"high\": 50}}"}
{"op_code":6,"worker_id":"ee8054b9-42e5-457a-9af0-3a4907c0aea2-6344814592","trial_id":26,"state":1,"values":[0.7426,361.1],"datetime_complete":"2026-07-03T19:57:07.782603"}
{"op_code":4,"worker_id":"ee8054b9-42e5-457a-9af0-3a4907c0aea2-6344814592","study_id":0,"datetime_start":"2026-07-03T19:57:07.802529"}
{"op_code":5,"worker_id":"ee8054b9-42e5-457a-9af0-3a4907c0aea2-6344814592","trial_id":38,"param_name":"discount_rate","param_value_internal":0.9854017447529253,"distribution":"{\"name\": \"FloatDistribution\", \"attributes\": {\"step\": null, \"low\": 0.9, \"high\": 0.999, \"log\": false}}"}
{"op_code":5,"worker_id":"ee8054b9-42e5-457a-9af0-3a4907c0aea2-6344814592","trial_id":38,"param_name":"m","param_value_internal":16.0,"distribution":"{\"name\": \"IntDistribution\", \"attributes\": {\"log\": false, \"step\": 1, \"low\": 1, \"high\": 50}}"}
{"op_code":6,"worker_id":"ee8054b9-42e5-457a-9af0-3a4907c0aea2-6311161856","trial_id":27,"state":1,"values":[0.7382,298.3],"datetime_complete":"2026-07-03T19:58:11.344653"}
{"op_code":4,"worker_id":"ee8054b9-42e5-457a-9af0-3a4907c0aea2-6311161856","study_id":0,"datetime_start":"2026-07-03T19:58:11.357698"}
{"op_code":5,"worker_id":"ee8054b9-42e5-457a-9af0-3a4907c0aea2-6311161856","trial_id":39,"param_name":"discount_rate","param_value_internal":0.9863276203124562,"distribution":"{\"name\": \"FloatDistribution\", \"attributes\": {\"step\": null, \"low\": 0.9, \"high\": 0.999, \"log\": false}}"}
{"op_code":5,"worker_id":"ee8054b9-42e5-457a-9af0-3a4907c0aea2-6311161856","trial_id":39,"param_name":"m","param_value_internal":21.0,"distribution":"{\"name\": \"IntDistribution\", \"attributes\": {\"log\": false, \"step\": 1, \"low\": 1, \"high\": 50}}"}
{"op_code":6,"worker_id":"ee8054b9-42e5-457a-9af0-3a4907c0aea2-6210203648","trial_id":31,"state":1,"values":[0.743,478.7],"datetime_complete":"2026-07-03T19:58:18.441543"}
{"op_code":4,"worker_id":"ee8054b9-42e5-457a-9af0-3a4907c0aea2-6210203648","study_id":0,"datetime_start":"2026-07-03T19:58:18.462060"}
{"op_code":5,"worker_id":"ee8054b9-42e5-457a-9af0-3a4907c0aea2-6210203648","trial_id":40,"param_name":"discount_rate","param_value_internal":0.9849838462915839,"distribution":"{\"name\": \"FloatDistribution\", \"attributes\": {\"step\": null, \"low\": 0.9, \"high\": 0.999, \"log\": false}}"}
{"op_code":5,"worker_id":"ee8054b9-42e5-457a-9af0-3a4907c0aea2-6210203648","trial_id":40,"param_name":"m","param_value_internal":14.0,"distribution":"{\"name\": \"IntDistribution\", \"attributes\": {\"log\": false, \"step\": 1, \"low\": 1, \"high\": 50}}"}
{"op_code":6,"worker_id":"ee8054b9-42e5-457a-9af0-3a4907c0aea2-6243856384","trial_id":28,"state":1,"values":[0.7418,293.1],"datetime_complete":"2026-07-03T19:58:27.823359"}
{"op_code":4,"worker_id":"ee8054b9-42e5-457a-9af0-3a4907c0aea2-6243856384","study_id":0,"datetime_start":"2026-07-03T19:58:27.856203"}
{"op_code":5,"worker_id":"ee8054b9-42e5-457a-9af0-3a4907c0aea2-6243856384","trial_id":41,"param_name":"discount_rate","param_value_internal":0.9825274553403035,"distribution":"{\"name\": \"FloatDistribution\", \"attributes\": {\"step\": null, \"low\": 0.9, \"high\": 0.999, \"log\": false}}"}
{"op_code":5,"worker_id":"ee8054b9-42e5-457a-9af0-3a4907c0aea2-6243856384","trial_id":41,"param_name":"m","param_value_internal":13.0,"distribution":"{\"name\": \"IntDistribution\", \"attributes\": {\"log\": false, \"step\": 1, \"low\": 1, \"high\": 50}}"}
{"op_code":6,"worker_id":"ee8054b9-42e5-457a-9af0-3a4907c0aea2-6193377280","trial_id":29,"state":1,"values":[0.7378,316.5],"datetime_complete":"2026-07-03T19:58:39.501667"}
{"op_code":4,"worker_id":"ee8054b9-42e5-457a-9af0-3a4907c0aea2-6193377280","study_id":0,"datetime_start":"2026-07-03T19:58:39.517699"}
{"op_code":5,"worker_id":"ee8054b9-42e5-457a-9af0-3a4907c0aea2-6193377280","trial_id":42,"param_name":"discount_rate","param_value_internal":0.903778017986937,"distribution":"{\"name\": \"FloatDistribution\", \"attributes\": {\"step\": null, \"low\": 0.9, \"high\": 0.999, \"log\": false}}"}
{"op_code":5,"worker_id":"ee8054b9-42e5-457a-9af0-3a4907c0aea2-6193377280","trial_id":42,"param_name":"m","param_value_internal":23.0,"distribution":"{\"name\": \"IntDistribution\", \"attributes\": {\"log\": false, \"step\": 1, \"low\": 1, \"high\": 50}}"}
{"op_code":6,"worker_id":"ee8054b9-42e5-457a-9af0-3a4907c0aea2-6176550912","trial_id":30,"state":1,"values":[0.7352,309.7],"datetime_complete":"2026-07-03T19:58:48.155096"}
{"op_code":4,"worker_id":"ee8054b9-42e5-457a-9af0-3a4907c0aea2-6176550912","study_id":0,"datetime_start":"2026-07-03T19:58:48.178682"}
{"op_code":5,"worker_id":"ee8054b9-42e5-457a-9af0-3a4907c0aea2-6176550912","trial_id":43,"param_name":"discount_rate","param_value_internal":0.9000645816753874,"distribution":"{\"name\": \"FloatDistribution\", \"attributes\": {\"step\": null, \"low\": 0.9, \"high\": 0.999, \"log\": false}}"}
{"op_code":5,"worker_id":"ee8054b9-42e5-457a-9af0-3a4907c0aea2-6176550912","trial_id":43,"param_name":"m","param_value_internal":14.0,"distribution":"{\"name\": \"IntDistribution\", \"attributes\": {\"log\": false, \"step\": 1, \"low\": 1, \"high\": 50}}"}
{"op_code":6,"worker_id":"ee8054b9-42e5-457a-9af0-3a4907c0aea2-6227030016","trial_id":32,"state":1,"values":[0.7426,323.9],"datetime_complete":"2026-07-03T19:59:10.249330"}
{"op_code":4,"worker_id":"ee8054b9-42e5-457a-9af0-3a4907c0aea2-6227030016","study_id":0,"datetime_start":"2026-07-03T19:59:10.270220"}
{"op_code":5,"worker_id":"ee8054b9-42e5-457a-9af0-3a4907c0aea2-6227030016","trial_id":44,"param_name":"discount_rate","param_value_internal":0.9844386430172415,"distribution":"{\"name\": \"FloatDistribution\", \"attributes\": {\"step\": null, \"low\": 0.9, \"high\": 0.999, \"log\": false}}"}
{"op_code":5,"worker_id":"ee8054b9-42e5-457a-9af0-3a4907c0aea2-6227030016","trial_id":44,"param_name":"m","param_value_internal":13.0,"distribution":"{\"name\": \"IntDistribution\", \"attributes\": {\"log\": false, \"step\": 1, \"low\": 1, \"high\": 50}}"}
{"op_code":6,"worker_id":"ee8054b9-42e5-457a-9af0-3a4907c0aea2-6277509120","trial_id":33,"state":1,"values":[0.7328,338.0],"datetime_complete":"2026-07-03T19:59:19.190532"}
{"op_code":4,"worker_id":"ee8054b9-42e5-457a-9af0-3a4907c0aea2-6277509120","study_id":0,"datetime_start":"2026-07-03T19:59:19.207358"}
{"op_code":5,"worker_id":"ee8054b9-42e5-457a-9af0-3a4907c0aea2-6277509120","trial_id":45,"param_name":"discount_rate","param_value_internal":0.9861948134311207,"distribution":"{\"name\": \"FloatDistribution\", \"attributes\": {\"step\": null, \"low\": 0.9, \"high\": 0.999, \"log\": false}}"}
{"op_code":5,"worker_id":"ee8054b9-42e5-457a-9af0-3a4907c0aea2-6277509120","trial_id":45,"param_name":"m","param_value_internal":13.0,"distribution":"{\"name\": \"IntDistribution\", \"attributes\": {\"log\": false, \"step\": 1, \"low\": 1, \"high\": 50}}"}
{"op_code":6,"worker_id":"ee8054b9-42e5-457a-9af0-3a4907c0aea2-6361640960","trial_id":34,"state":1,"values":[0.7294,295.4],"datetime_complete":"2026-07-03T19:59:27.773655"}
{"op_code":4,"worker_id":"ee8054b9-42e5-457a-9af0-3a4907c0aea2-6361640960","study_id":0,"datetime_start":"2026-07-03T19:59:27.789628"}
{"op_code":5,"worker_id":"ee8054b9-42e5-457a-9af0-3a4907c0aea2-6361640960","trial_id":46,"param_name":"discount_rate","param_value_internal":0.9856951693097502,"distribution":"{\"name\": \"FloatDistribution\", \"attributes\": {\"step\": null, \"low\": 0.9, \"high\": 0.999, \"log\": false}}"}
{"op_code":5,"worker_id":"ee8054b9-42e5-457a-9af0-3a4907c0aea2-6361640960","trial_id":46,"param_name":"m","param_value_internal":24.0,"distribution":"{\"name\": \"IntDistribution\", \"attributes\": {\"log\": false, \"step\": 1, \"low\": 1, \"high\": 50}}"}
{"op_code":6,"worker_id":"ee8054b9-42e5-457a-9af0-3a4907c0aea2-6294335488","trial_id":35,"state":1,"values":[0.705,480.7],"datetime_complete":"2026-07-03T20:00:19.704970"}
{"op_code":4,"worker_id":"ee8054b9-42e5-457a-9af0-3a4907c0aea2-6294335488","study_id":0,"datetime_start":"2026-07-03T20:00:19.720145"}
{"op_code":5,"worker_id":"ee8054b9-42e5-457a-9af0-3a4907c0aea2-6294335488","trial_id":47,"param_name":"discount_rate","param_value_internal":0.9577219301497614,"distribution":"{\"name\": \"FloatDistribution\", \"attributes\": {\"step\": null, \"low\": 0.9, \"high\": 0.999, \"log\": false}}"}
{"op_code":5,"worker_id":"ee8054b9-42e5-457a-9af0-3a4907c0aea2-6294335488","trial_id":47,"param_name":"m","param_value_internal":25.0,"distribution":"{\"name\": \"IntDistribution\", \"attributes\": {\"log\": false, \"step\": 1, \"low\": 1, \"high\": 50}}"}
{"op_code":6,"worker_id":"ee8054b9-42e5-457a-9af0-3a4907c0aea2-6327988224","trial_id":36,"state":1,"values":[0.7408,277.6],"datetime_complete":"2026-07-03T20:02:03.738664"}
{"op_code":4,"worker_id":"ee8054b9-42e5-457a-9af0-3a4907c0aea2-6327988224","study_id":0,"datetime_start":"2026-07-03T20:02:03.755357"}
{"op_code":5,"worker_id":"ee8054b9-42e5-457a-9af0-3a4907c0aea2-6327988224","trial_id":48,"param_name":"discount_rate","param_value_internal":0.9606323258563026,"distribution":"{\"name\": \"FloatDistribution\", \"attributes\": {\"step\": null, \"low\": 0.9, \"high\": 0.999, \"log\": false}}"}
{"op_code":5,"worker_id":"ee8054b9-42e5-457a-9af0-3a4907c0aea2-6327988224","trial_id":48,"param_name":"m","param_value_internal":14.0,"distribution":"{\"name\": \"IntDistribution\", \"attributes\": {\"log\": false, \"step\": 1, \"low\": 1, \"high\": 50}}"}
{"op_code":6,"worker_id":"ee8054b9-42e5-457a-9af0-3a4907c0aea2-6260682752","trial_id":37,"state":1,"values":[0.7284,324.7],"datetime_complete":"2026-07-03T20:03:53.262510"}
{"op_code":4,"worker_id":"ee8054b9-42e5-457a-9af0-3a4907c0aea2-6260682752","study_id":0,"datetime_start":"2026-07-03T20:03:53.281320"}
{"op_code":5,"worker_id":"ee8054b9-42e5-457a-9af0-3a4907c0aea2-6260682752","trial_id":49,"param_name":"discount_rate","param_value_internal":0.9578568517150482,"distribution":"{\"name\": \"FloatDistribution\", \"attributes\": {\"step\": null, \"low\": 0.9, \"high\": 0.999, \"log\": false}}"}
{"op_code":5,"worker_id":"ee8054b9-42e5-457a-9af0-3a4907c0aea2-6260682752","trial_id":49,"param_name":"m","param_value_internal":13.0,"distribution":"{\"name\": \"IntDistribution\", \"attributes\": {\"log\": false, \"step\": 1, \"low\": 1, \"high\": 50}}"}
{"op_code":6,"worker_id":"ee8054b9-42e5-457a-9af0-3a4907c0aea2-6344814592","trial_id":38,"state":1,"values":[0.724,340.3],"datetime_complete":"2026-07-03T20:04:23.548586"}
{"op_code":4,"worker_id":"ee8054b9-42e5-457a-9af0-3a4907c0aea2-6344814592","study_id":0,"datetime_start":"2026-07-03T20:04:23.564982"}
{"op_code":5,"worker_id":"ee8054b9-42e5-457a-9af0-3a4907c0aea2-6344814592","trial_id":50,"param_name":"discount_rate","param_value_internal":0.959647887382754,"distribution":"{\"name\": \"FloatDistribution\", \"attributes\": {\"step\": null, \"low\": 0.9, \"high\": 0.999, \"log\": false}}"}
{"op_code":5,"worker_id":"ee8054b9-42e5-457a-9af0-3a4907c0aea2-6344814592","trial_id":50,"param_name":"m","param_value_internal":12.0,"distribution":"{\"name\": \"IntDistribution\", \"attributes\": {\"log\": false, \"step\": 1, \"low\": 1, \"high\": 50}}"}
{"op_code":6,"worker_id":"ee8054b9-42e5-457a-9af0-3a4907c0aea2-6176550912","trial_id":43,"state":1,"values":[0.598,993.9],"datetime_complete":"2026-07-03T20:04:30.953731"}
{"op_code":4,"worker_id":"ee8054b9-42e5-457a-9af0-3a4907c0aea2-6176550912","study_id":0,"datetime_start":"2026-07-03T20:04:30.970045"}
{"op_code":5,"worker_id":"ee8054b9-42e5-457a-9af0-3a4907c0aea2-6176550912","trial_id":51,"param_name":"discount_rate","param_value_internal":0.958836682730252,"distribution":"{\"name\": \"FloatDistribution\", \"attributes\": {\"step\": null, \"low\": 0.9, \"high\": 0.999, \"log\": false}}"}
{"op_code":5,"worker_id":"ee8054b9-42e5-457a-9af0-3a4907c0aea2-6176550912","trial_id":51,"param_name":"m","param_value_internal":24.0,"distribution":"{\"name\": \"IntDistribution\", \"attributes\": {\"log\": false, \"step\": 1, \"low\": 1, \"high\": 50}}"}
{"op_code":6,"worker_id":"ee8054b9-42e5-457a-9af0-3a4907c0aea2-6193377280","trial_id":42,"state":1,"values":[0.629,944.4],"datetime_complete":"2026-07-03T20:04:36.672644"}
{"op_code":4,"worker_id":"ee8054b9-42e5-457a-9af0-3a4907c0aea2-6193377280","study_id":0,"datetime_start":"2026-07-03T20:04:36.692498"}
{"op_code":5,"worker_id":"ee8054b9-42e5-457a-9af0-3a4907c0aea2-6193377280","trial_id":52,"param_name":"discount_rate","param_value_internal":0.9558019664349597,"distribution":"{\"name\": \"FloatDistribution\", \"attributes\": {\"step\": null, \"low\": 0.9, \"high\": 0.999, \"log\": false}}"}
{"op_code":5,"worker_id":"ee8054b9-42e5-457a-9af0-3a4907c0aea2-6193377280","trial_id":52,"param_name":"m","param_value_internal":12.0,"distribution":"{\"name\": \"IntDistribution\", \"attributes\": {\"log\": false, \"step\": 1, \"low\": 1, \"high\": 50}}"}
{"op_code":6,"worker_id":"ee8054b9-42e5-457a-9af0-3a4907c0aea2-6311161856","trial_id":39,"state":1,"values":[0.7412,317.0],"datetime_complete":"2026-07-03T20:05:25.143878"}
{"op_code":4,"worker_id":"ee8054b9-42e5-457a-9af0-3a4907c0aea2-6311161856","study_id":0,"datetime_start":"2026-07-03T20:05:25.165764"}
{"op_code":5,"worker_id":"ee8054b9-42e5-457a-9af0-3a4907c0aea2-6311161856","trial_id":53,"param_name":"discount_rate","param_value_internal":0.9554596369693965,"distribution":"{\"name\": \"FloatDistribution\", \"attributes\": {\"step\": null, \"low\": 0.9, \"high\": 0.999, \"log\": false}}"}
{"op_code":5,"worker_id":"ee8054b9-42e5-457a-9af0-3a4907c0aea2-6311161856","trial_id":53,"param_name":"m","param_value_internal":12.0,"distribution":"{\"name\": \"IntDistribution\", \"attributes\": {\"log\": false, \"step\": 1, \"low\": 1, \"high\": 50}}"}
{"op_code":6,"worker_id":"ee8054b9-42e5-457a-9af0-3a4907c0aea2-6243856384","trial_id":41,"state":1,"values":[0.7094,404.6],"datetime_complete":"2026-07-03T20:05:34.854077"}
{"op_code":4,"worker_id":"ee8054b9-42e5-457a-9af0-3a4907c0aea2-6243856384","study_id":0,"datetime_start":"2026-07-03T20:05:34.869411"}
{"op_code":5,"worker_id":"ee8054b9-42e5-457a-9af0-3a4907c0aea2-6243856384","trial_id":54,"param_name":"discount_rate","param_value_internal":0.960547625040522,"distribution":"{\"name\": \"FloatDistribution\", \"attributes\": {\"step\": null, \"low\": 0.9, \"high\": 0.999, \"log\": false}}"}
{"op_code":5,"worker_id":"ee8054b9-42e5-457a-9af0-3a4907c0aea2-6243856384","trial_id":54,"param_name":"m","param_value_internal":26.0,"distribution":"{\"name\": \"IntDistribution\", \"attributes\": {\"log\": false, \"step\": 1, \"low\": 1, \"high\": 50}}"}
{"op_code":6,"worker_id":"ee8054b9-42e5-457a-9af0-3a4907c0aea2-6210203648","trial_id":40,"state":1,"values":[0.741,266.4],"datetime_complete":"2026-07-03T20:05:41.514207"}
{"op_code":4,"worker_id":"ee8054b9-42e5-457a-9af0-3a4907c0aea2-6210203648","study_id":0,"datetime_start":"2026-07-03T20:05:41.530102"}
{"op_code":5,"worker_id":"ee8054b9-42e5-457a-9af0-3a4907c0aea2-6210203648","trial_id":55,"param_name":"discount_rate","param_value_internal":0.9566852069300593,"distribution":"{\"name\": \"FloatDistribution\", \"attributes\": {\"step\": null, \"low\": 0.9, \"high\": 0.999, \"log\": false}}"}
{"op_code":5,"worker_id":"ee8054b9-42e5-457a-9af0-3a4907c0aea2-6210203648","trial_id":55,"param_name":"m","param_value_internal":6.0,"distribution":"{\"name\": \"IntDistribution\", \"attributes\": {\"log\": false, \"step\": 1, \"low\": 1, \"high\": 50}}"}
{"op_code":6,"worker_id":"ee8054b9-42e5-457a-9af0-3a4907c0aea2-6227030016","trial_id":44,"state":1,"values":[0.7222,348.1],"datetime_complete":"2026-07-03T20:06:23.466589"}
{"op_code":4,"worker_id":"ee8054b9-42e5-457a-9af0-3a4907c0aea2-6227030016","study_id":0,"datetime_start":"2026-07-03T20:06:23.481589"}
{"op_code":5,"worker_id":"ee8054b9-42e5-457a-9af0-3a4907c0aea2-6227030016","trial_id":56,"param_name":"discount_rate","param_value_internal":0.9564291022557375,"distribution":"{\"name\": \"FloatDistribution\", \"attributes\": {\"step\": null, \"low\": 0.9, \"high\": 0.999, \"log\": false}}"}
{"op_code":5,"worker_id":"ee8054b9-42e5-457a-9af0-3a4907c0aea2-6227030016","trial_id":56,"param_name":"m","param_value_internal":26.0,"distribution":"{\"name\": \"IntDistribution\", \"attributes\": {\"log\": false, \"step\": 1, \"low\": 1, \"high\": 50}}"}
{"op_code":6,"worker_id":"ee8054b9-42e5-457a-9af0-3a4907c0aea2-6361640960","trial_id":46,"state":1,"values":[0.724,407.0],"datetime_complete":"2026-07-03T20:06:31.270547"}
{"op_code":4,"worker_id":"ee8054b9-42e5-457a-9af0-3a4907c0aea2-6361640960","study_id":0,"datetime_start":"2026-07-03T20:06:31.289338"}
{"op_code":5,"worker_id":"ee8054b9-42e5-457a-9af0-3a4907c0aea2-6361640960","trial_id":57,"param_name":"discount_rate","param_value_internal":0.9576169495774715,"distribution":"{\"name\": \"FloatDistribution\", \"attributes\": {\"step\": null, \"low\": 0.9, \"high\": 0.999, \"log\": false}}"}
{"op_code":5,"worker_id":"ee8054b9-42e5-457a-9af0-3a4907c0aea2-6361640960","trial_id":57,"param_name":"m","param_value_internal":11.0,"distribution":"{\"name\": \"IntDistribution\", \"attributes\": {\"log\": false, \"step\": 1, \"low\": 1, \"high\": 50}}"}
{"op_code":6,"worker_id":"ee8054b9-42e5-457a-9af0-3a4907c0aea2-6294335488","trial_id":47,"state":1,"values":[0.6738,704.0],"datetime_complete":"2026-07-03T20:06:32.952401"}
{"op_code":4,"worker_id":"ee8054b9-42e5-457a-9af0-3a4907c0aea2-6294335488","study_id":0,"datetime_start":"2026-07-03T20:06:32.978547"}
{"op_code":5,"worker_id":"ee8054b9-42e5-457a-9af0-3a4907c0aea2-6294335488","trial_id":58,"param_name":"discount_rate","param_value_internal":0.9150990199761635,"distribution":"{\"name\": \"FloatDistribution\", \"attributes\": {\"step\": null, \"low\": 0.9, \"high\": 0.999, \"log\": false}}"}
{"op_code":5,"worker_id":"ee8054b9-42e5-457a-9af0-3a4907c0aea2-6294335488","trial_id":58,"param_name":"m","param_value_internal":6.0,"distribution":"{\"name\": \"IntDistribution\", \"attributes\": {\"log\": false, \"step\": 1, \"low\": 1, \"high\": 50}}"}
{"op_code":6,"worker_id":"ee8054b9-42e5-457a-9af0-3a4907c0aea2-6277509120","trial_id":45,"state":1,"values":[0.728,287.4],"datetime_complete":"2026-07-03T20:06:42.086289"}
{"op_code":4,"worker_id":"ee8054b9-42e5-457a-9af0-3a4907c0aea2-6277509120","study_id":0,"datetime_start":"2026-07-03T20:06:42.102930"}
{"op_code":5,"worker_id":"ee8054b9-42e5-457a-9af0-3a4907c0aea2-6277509120","trial_id":59,"param_name":"discount_rate","param_value_internal":0.9627639393551067,"distribution":"{\"name\": \"FloatDistribution\", \"attributes\": {\"step\": null, \"low\": 0.9, \"high\": 0.999, \"log\": false}}"}
{"op_code":5,"worker_id":"ee8054b9-42e5-457a-9af0-3a4907c0aea2-6277509120","trial_id":59,"param_name":"m","param_value_internal":6.0,"distribution":"{\"name\": \"IntDistribution\", \"attributes\": {\"log\": false, \"step\": 1, \"low\": 1, \"high\": 50}}"}
{"op_code":6,"worker_id":"ee8054b9-42e5-457a-9af0-3a4907c0aea2-6327988224","trial_id":48,"state":1,"values":[0.7186,282.8],"datetime_complete":"2026-07-03T20:08:45.502054"}
{"op_code":4,"worker_id":"ee8054b9-42e5-457a-9af0-3a4907c0aea2-6327988224","study_id":0,"datetime_start":"2026-07-03T20:08:45.519295"}
{"op_code":5,"worker_id":"ee8054b9-42e5-457a-9af0-3a4907c0aea2-6327988224","trial_id":60,"param_name":"discount_rate","param_value_internal":0.9364173102989952,"distribution":"{\"name\": \"FloatDistribution\", \"attributes\": {\"step\": null, \"low\": 0.9, \"high\": 0.999, \"log\": false}}"}
{"op_code":5,"worker_id":"ee8054b9-42e5-457a-9af0-3a4907c0aea2-6327988224","trial_id":60,"param_name":"m","param_value_internal":5.0,"distribution":"{\"name\": \"IntDistribution\", \"attributes\": {\"log\": false, \"step\": 1, \"low\": 1, \"high\": 50}}"}
{"op_code":6,"worker_id":"ee8054b9-42e5-457a-9af0-3a4907c0aea2-6260682752","trial_id":49,"state":1,"values":[0.6802,639.0],"datetime_complete":"2026-07-03T20:10:21.851214"}
{"op_code":4,"worker_id":"ee8054b9-42e5-457a-9af0-3a4907c0aea2-6260682752","study_id":0,"datetime_start":"2026-07-03T20:10:21.871384"}
{"op_code":5,"worker_id":"ee8054b9-42e5-457a-9af0-3a4907c0aea2-6260682752","trial_id":61,"param_name":"discount_rate","param_value_internal":0.9363100243300986,"distribution":"{\"name\": \"FloatDistribution\", \"attributes\": {\"step\": null, \"low\": 0.9, \"high\": 0.999, \"log\": false}}"}
{"op_code":5,"worker_id":"ee8054b9-42e5-457a-9af0-3a4907c0aea2-6260682752","trial_id":61,"param_name":"m","param_value_internal":7.0,"distribution":"{\"name\": \"IntDistribution\", \"attributes\": {\"log\": false, \"step\": 1, \"low\": 1, \"high\": 50}}"}
{"op_code":6,"worker_id":"ee8054b9-42e5-457a-9af0-3a4907c0aea2-6176550912","trial_id":51,"state":1,"values":[0.665,717.0],"datetime_complete":"2026-07-03T20:10:47.797623"}
{"op_code":4,"worker_id":"ee8054b9-42e5-457a-9af0-3a4907c0aea2-6176550912","study_id":0,"datetime_start":"2026-07-03T20:10:47.817582"}
{"op_code":5,"worker_id":"ee8054b9-42e5-457a-9af0-3a4907c0aea2-6176550912","trial_id":62,"param_name":"discount_rate","param_value_internal":0.9372308969863367,"distribution":"{\"name\": \"FloatDistribution\", \"attributes\": {\"step\": null, \"low\": 0.9, \"high\": 0.999, \"log\": false}}"}
{"op_code":5,"worker_id":"ee8054b9-42e5-457a-9af0-3a4907c0aea2-6176550912","trial_id":62,"param_name":"m","param_value_internal":5.0,"distribution":"{\"name\": \"IntDistribution\", \"attributes\": {\"log\": false, \"step\": 1, \"low\": 1, \"high\": 50}}"}
{"op_code":6,"worker_id":"ee8054b9-42e5-457a-9af0-3a4907c0aea2-6344814592","trial_id":50,"state":1,"values":[0.6838,456.2],"datetime_complete":"2026-07-03T20:10:55.045979"}
{"op_code":4,"worker_id":"ee8054b9-42e5-457a-9af0-3a4907c0aea2-6344814592","study_id":0,"datetime_start":"2026-07-03T20:10:55.061025"}
{"op_code":5,"worker_id":"ee8054b9-42e5-457a-9af0-3a4907c0aea2-6344814592","trial_id":63,"param_name":"discount_rate","param_value_internal":0.9346601118966854,"distribution":"{\"name\": \"FloatDistribution\", \"attributes\": {\"step\": null, \"low\": 0.9, \"high\": 0.999, \"log\": false}}"}
{"op_code":5,"worker_id":"ee8054b9-42e5-457a-9af0-3a4907c0aea2-6344814592","trial_id":63,"param_name":"m","param_value_internal":7.0,"distribution":"{\"name\": \"IntDistribution\", \"attributes\": {\"log\": false, \"step\": 1, \"low\": 1, \"high\": 50}}"}
{"op_code":6,"worker_id":"ee8054b9-42e5-457a-9af0-3a4907c0aea2-6193377280","trial_id":52,"state":1,"values":[0.6792,459.9],"datetime_complete":"2026-07-03T20:11:11.979557"}
{"op_code":4,"worker_id":"ee8054b9-42e5-457a-9af0-3a4907c0aea2-6193377280","study_id":0,"datetime_start":"2026-07-03T20:11:11.998002"}
{"op_code":5,"worker_id":"ee8054b9-42e5-457a-9af0-3a4907c0aea2-6193377280","trial_id":64,"param_name":"discount_rate","param_value_internal":0.9376295258873875,"distribution":"{\"name\": \"FloatDistribution\", \"attributes\": {\"step\": null, \"low\": 0.9, \"high\": 0.999, \"log\": false}}"}
{"op_code":5,"worker_id":"ee8054b9-42e5-457a-9af0-3a4907c0aea2-6193377280","trial_id":64,"param_name":"m","param_value_internal":6.0,"distribution":"{\"name\": \"IntDistribution\", \"attributes\": {\"log\": false, \"step\": 1, \"low\": 1, \"high\": 50}}"}
{"op_code":6,"worker_id":"ee8054b9-42e5-457a-9af0-3a4907c0aea2-6311161856","trial_id":53,"state":1,"values":[0.6408,771.6],"datetime_complete":"2026-07-03T20:11:31.594717"}
{"op_code":4,"worker_id":"ee8054b9-42e5-457a-9af0-3a4907c0aea2-6311161856","study_id":0,"datetime_start":"2026-07-03T20:11:31.611669"}
{"op_code":5,"worker_id":"ee8054b9-42e5-457a-9af0-3a4907c0aea2-6311161856","trial_id":65,"param_name":"discount_rate","param_value_internal":0.9345965572696969,"distribution":"{\"name\": \"FloatDistribution\", \"attributes\": {\"step\": null, \"low\": 0.9, \"high\": 0.999, \"log\": false}}"}
{"op_code":5,"worker_id":"ee8054b9-42e5-457a-9af0-3a4907c0aea2-6311161856","trial_id":65,"param_name":"m","param_value_internal":6.0,"distribution":"{\"name\": \"IntDistribution\", \"attributes\": {\"log\": false, \"step\": 1, \"low\": 1, \"high\": 50}}"}
{"op_code":6,"worker_id":"ee8054b9-42e5-457a-9af0-3a4907c0aea2-6210203648","trial_id":55,"state":1,"values":[0.5558,938.2],"datetime_complete":"2026-07-03T20:11:33.054982"}
{"op_code":4,"worker_id":"ee8054b9-42e5-457a-9af0-3a4907c0aea2-6210203648","study_id":0,"datetime_start":"2026-07-03T20:11:33.081279"}
{"op_code":5,"worker_id":"ee8054b9-42e5-457a-9af0-3a4907c0aea2-6210203648","trial_id":66,"param_name":"discount_rate","param_value_internal":0.9413798777113944,"distribution":"{\"name\": \"FloatDistribution\", \"attributes\": {\"step\": null, \"low\": 0.9, \"high\": 0.999, \"log\": false}}"}
{"op_code":5,"worker_id":"ee8054b9-42e5-457a-9af0-3a4907c0aea2-6210203648","trial_id":66,"param_name":"m","param_value_internal":5.0,"distribution":"{\"name\": \"IntDistribution\", \"attributes\": {\"log\": false, \"step\": 1, \"low\": 1, \"high\": 50}}"}
{"op_code":6,"worker_id":"ee8054b9-42e5-457a-9af0-3a4907c0aea2-6243856384","trial_id":54,"state":1,"values":[0.7014,591.7],"datetime_complete":"2026-07-03T20:11:57.585295"}
{"op_code":4,"worker_id":"ee8054b9-42e5-457a-9af0-3a4907c0aea2-6243856384","study_id":0,"datetime_start":"2026-07-03T20:11:57.602022"}
{"op_code":5,"worker_id":"ee8054b9-42e5-457a-9af0-3a4907c0aea2-6243856384","trial_id":67,"param_name":"discount_rate","param_value_internal":0.937540522317219,"distribution":"{\"name\": \"FloatDistribution\", \"attributes\": {\"step\": null, \"low\": 0.9, \"high\": 0.999, \"log\": false}}"}
{"op_code":5,"worker_id":"ee8054b9-42e5-457a-9af0-3a4907c0aea2-6243856384","trial_id":67,"param_name":"m","param_value_internal":5.0,"distribution":"{\"name\": \"IntDistribution\", \"attributes\": {\"log\": false, \"step\": 1, \"low\": 1, \"high\": 50}}"}
{"op_code":6,"worker_id":"ee8054b9-42e5-457a-9af0-3a4907c0aea2-6294335488","trial_id":58,"state":1,"values":[0.5702,1094.1],"datetime_complete":"2026-07-03T20:12:20.273764"}
{"op_code":4,"worker_id":"ee8054b9-42e5-457a-9af0-3a4907c0aea2-6294335488","study_id":0,"datetime_start":"2026-07-03T20:12:20.290408"}
{"op_code":5,"worker_id":"ee8054b9-42e5-457a-9af0-3a4907c0aea2-6294335488","trial_id":68,"param_name":"discount_rate","param_value_internal":0.9368441853841007,"distribution":"{\"name\": \"FloatDistribution\", \"attributes\": {\"step\": null, \"low\": 0.9, \"high\": 0.999, \"log\": false}}"}
{"op_code":5,"worker_id":"ee8054b9-42e5-457a-9af0-3a4907c0aea2-6294335488","trial_id":68,"param_name":"m","param_value_internal":30.0,"distribution":"{\"name\": \"IntDistribution\", \"attributes\": {\"log\": false, \"step\": 1, \"low\": 1, \"high\": 50}}"}
{"op_code":6,"worker_id":"ee8054b9-42e5-457a-9af0-3a4907c0aea2-6227030016","trial_id":56,"state":1,"values":[0.715,490.7],"datetime_complete":"2026-07-03T20:12:47.561700"}
{"op_code":4,"worker_id":"ee8054b9-42e5-457a-9af0-3a4907c0aea2-6227030016","study_id":0,"datetime_start":"2026-07-03T20:12:47.586372"}
{"op_code":5,"worker_id":"ee8054b9-42e5-457a-9af0-3a4907c0aea2-6227030016","trial_id":69,"param_name":"discount_rate","param_value_internal":0.9392747838583024,"distribution":"{\"name\": \"FloatDistribution\", \"attributes\": {\"step\": null, \"low\": 0.9, \"high\": 0.999, \"log\": false}}"}
{"op_code":5,"worker_id":"ee8054b9-42e5-457a-9af0-3a4907c0aea2-6227030016","trial_id":69,"param_name":"m","param_value_internal":10.0,"distribution":"{\"name\": \"IntDistribution\", \"attributes\": {\"log\": false, \"step\": 1, \"low\": 1, \"high\": 50}}"}
{"op_code":6,"worker_id":"ee8054b9-42e5-457a-9af0-3a4907c0aea2-6361640960","trial_id":57,"state":1,"values":[0.6476,485.2],"datetime_complete":"2026-07-03T20:12:56.069047"}
{"op_code":4,"worker_id":"ee8054b9-42e5-457a-9af0-3a4907c0aea2-6361640960","study_id":0,"datetime_start":"2026-07-03T20:12:56.087099"}
{"op_code":5,"worker_id":"ee8054b9-42e5-457a-9af0-3a4907c0aea2-6361640960","trial_id":70,"param_name":"discount_rate","param_value_internal":0.9460836491187563,"distribution":"{\"name\": \"FloatDistribution\", \"attributes\": {\"step\": null, \"low\": 0.9, \"high\": 0.999, \"log\": false}}"}
{"op_code":5,"worker_id":"ee8054b9-42e5-457a-9af0-3a4907c0aea2-6361640960","trial_id":70,"param_name":"m","param_value_internal":43.0,"distribution":"{\"name\": \"IntDistribution\", \"attributes\": {\"log\": false, \"step\": 1, \"low\": 1, \"high\": 50}}"}
{"op_code":6,"worker_id":"ee8054b9-42e5-457a-9af0-3a4907c0aea2-6277509120","trial_id":59,"state":1,"values":[0.655,624.5],"datetime_complete":"2026-07-03T20:13:13.742050"}
{"op_code":4,"worker_id":"ee8054b9-42e5-457a-9af0-3a4907c0aea2-6277509120","study_id":0,"datetime_start":"2026-07-03T20:13:13.758633"}
{"op_code":5,"worker_id":"ee8054b9-42e5-457a-9af0-3a4907c0aea2-6277509120","trial_id":71,"param_name":"discount_rate","param_value_internal":0.938035909293744,"distribution":"{\"name\": \"FloatDistribution\", \"attributes\": {\"step\": null, \"low\": 0.9, \"high\": 0.999, \"log\": false}}"}
{"op_code":5,"worker_id":"ee8054b9-42e5-457a-9af0-3a4907c0aea2-6277509120","trial_id":71,"param_name":"m","param_value_internal":32.0,"distribution":"{\"name\": \"IntDistribution\", \"attributes\": {\"log\": false, \"step\": 1, \"low\": 1, \"high\": 50}}"}
{"op_code":6,"worker_id":"ee8054b9-42e5-457a-9af0-3a4907c0aea2-6327988224","trial_id":60,"state":1,"values":[0.5022,1204.9],"datetime_complete":"2026-07-03T20:14:28.057017"}
{"op_code":4,"worker_id":"ee8054b9-42e5-457a-9af0-3a4907c0aea2-6327988224","study_id":0,"datetime_start":"2026-07-03T20:14:28.077196"}
{"op_code":5,"worker_id":"ee8054b9-42e5-457a-9af0-3a4907c0aea2-6327988224","trial_id":72,"param_name":"discount_rate","param_value_internal":0.9414015962502653,"distribution":"{\"name\": \"FloatDistribution\", \"attributes\": {\"step\": null, \"low\": 0.9, \"high\": 0.999, \"log\": false}}"}
{"op_code":5,"worker_id":"ee8054b9-42e5-457a-9af0-3a4907c0aea2-6327988224","trial_id":72,"param_name":"m","param_value_internal":50.0,"distribution":"{\"name\": \"IntDistribution\", \"attributes\": {\"log\": false, \"step\": 1, \"low\": 1, \"high\": 50}}"}
{"op_code":6,"worker_id":"ee8054b9-42e5-457a-9af0-3a4907c0aea2-6176550912","trial_id":62,"state":1,"values":[0.452,1688.7],"datetime_complete":"2026-07-03T20:15:35.931635"}
{"op_code":4,"worker_id":"ee8054b9-42e5-457a-9af0-3a4907c0aea2-6176550912","study_id":0,"datetime_start":"2026-07-03T20:15:35.949983"}
{"op_code":5,"worker_id":"ee8054b9-42e5-457a-9af0-3a4907c0aea2-6176550912","trial_id":73,"param_name":"discount_rate","param_value_internal":0.9490716870947069,"distribution":"{\"name\": \"FloatDistribution\", \"attributes\": {\"step\": null, \"low\": 0.9, \"high\": 0.999, \"log\": false}}"}
{"op_code":5,"worker_id":"ee8054b9-42e5-457a-9af0-3a4907c0aea2-6176550912","trial_id":73,"param_name":"m","param_value_internal":9.0,"distribution":"{\"name\": \"IntDistribution\", \"attributes\": {\"log\": false, \"step\": 1, \"low\": 1, \"high\": 50}}"}
{"op_code":6,"worker_id":"ee8054b9-42e5-457a-9af0-3a4907c0aea2-6260682752","trial_id":61,"state":1,"values":[0.523,1065.4],"datetime_complete":"2026-07-03T20:15:56.968499"}
{"op_code":4,"worker_id":"ee8054b9-42e5-457a-9af0-3a4907c0aea2-6260682752","study_id":0,"datetime_start":"2026-07-03T20:15:56.986492"}
{"op_code":5,"worker_id":"ee8054b9-42e5-457a-9af0-3a4907c0aea2-6260682752","trial_id":74,"param_name":"discount_rate","param_value_internal":0.9516772912741217,"distribution":"{\"name\": \"FloatDistribution\", \"attributes\": {\"step\": null, \"low\": 0.9, \"high\": 0.999, \"log\": false}}"}
{"op_code":5,"worker_id":"ee8054b9-42e5-457a-9af0-3a4907c0aea2-6260682752","trial_id":74,"param_name":"m","param_value_internal":33.0,"distribution":"{\"name\": \"IntDistribution\", \"attributes\": {\"log\": false, \"step\": 1, \"low\": 1, \"high\": 50}}"}
{"op_code":6,"worker_id":"ee8054b9-42e5-457a-9af0-3a4907c0aea2-6344814592","trial_id":63,"state":1,"values":[0.4824,1126.9],"datetime_complete":"2026-07-03T20:15:59.388703"}
{"op_code":4,"worker_id":"ee8054b9-42e5-457a-9af0-3a4907c0aea2-6344814592","study_id":0,"datetime_start":"2026-07-03T20:15:59.401277"}
{"op_code":5,"worker_id":"ee8054b9-42e5-457a-9af0-3a4907c0aea2-6344814592","trial_id":75,"param_name":"discount_rate","param_value_internal":0.9512469491629862,"distribution":"{\"name\": \"FloatDistribution\", \"attributes\": {\"step\": null, \"low\": 0.9, \"high\": 0.999, \"log\": false}}"}
{"op_code":5,"worker_id":"ee8054b9-42e5-457a-9af0-3a4907c0aea2-6344814592","trial_id":75,"param_name":"m","param_value_internal":30.0,"distribution":"{\"name\": \"IntDistribution\", \"attributes\": {\"log\": false, \"step\": 1, \"low\": 1, \"high\": 50}}"}
{"op_code":6,"worker_id":"ee8054b9-42e5-457a-9af0-3a4907c0aea2-6311161856","trial_id":65,"state":1,"values":[0.5118,1443.9],"datetime_complete":"2026-07-03T20:17:03.790526"}
{"op_code":4,"worker_id":"ee8054b9-42e5-457a-9af0-3a4907c0aea2-6311161856","study_id":0,"datetime_start":"2026-07-03T20:17:03.804579"}
{"op_code":5,"worker_id":"ee8054b9-42e5-457a-9af0-3a4907c0aea2-6311161856","trial_id":76,"param_name":"discount_rate","param_value_internal":0.9508248706101707,"distribution":"{\"name\": \"FloatDistribution\", \"attributes\": {\"step\": null, \"low\": 0.9, \"high\": 0.999, \"log\": false}}"}
{"op_code":5,"worker_id":"ee8054b9-42e5-457a-9af0-3a4907c0aea2-6311161856","trial_id":76,"param_name":"m","param_value_internal":31.0,"distribution":"{\"name\": \"IntDistribution\", \"attributes\": {\"log\": false, \"step\": 1, \"low\": 1, \"high\": 50}}"}
{"op_code":6,"worker_id":"ee8054b9-42e5-457a-9af0-3a4907c0aea2-6193377280","trial_id":64,"state":1,"values":[0.577,988.7],"datetime_complete":"2026-07-03T20:17:07.147931"}
{"op_code":4,"worker_id":"ee8054b9-42e5-457a-9af0-3a4907c0aea2-6193377280","study_id":0,"datetime_start":"2026-07-03T20:17:07.164763"}
{"op_code":5,"worker_id":"ee8054b9-42e5-457a-9af0-3a4907c0aea2-6193377280","trial_id":77,"param_name":"discount_rate","param_value_internal":0.9780542477801991,"distribution":"{\"name\": \"FloatDistribution\", \"attributes\": {\"step\": null, \"low\": 0.9, \"high\": 0.999, \"log\": false}}"}
{"op_code":5,"worker_id":"ee8054b9-42e5-457a-9af0-3a4907c0aea2-6193377280","trial_id":77,"param_name":"m","param_value_internal":30.0,"distribution":"{\"name\": \"IntDistribution\", \"attributes\": {\"log\": false, \"step\": 1, \"low\": 1, \"high\": 50}}"}
{"op_code":6,"worker_id":"ee8054b9-42e5-457a-9af0-3a4907c0aea2-6210203648","trial_id":66,"state":1,"values":[0.5576,1295.5],"datetime_complete":"2026-07-03T20:17:34.974761"}
{"op_code":4,"worker_id":"ee8054b9-42e5-457a-9af0-3a4907c0aea2-6210203648","study_id":0,"datetime_start":"2026-07-03T20:17:34.988496"}
{"op_code":5,"worker_id":"ee8054b9-42e5-457a-9af0-3a4907c0aea2-6210203648","trial_id":78,"param_name":"discount_rate","param_value_internal":0.9483425038426213,"distribution":"{\"name\": \"FloatDistribution\", \"attributes\": {\"step\": null, \"low\": 0.9, \"high\": 0.999, \"log\": false}}"}
{"op_code":5,"worker_id":"ee8054b9-42e5-457a-9af0-3a4907c0aea2-6210203648","trial_id":78,"param_name":"m","param_value_internal":29.0,"distribution":"{\"name\": \"IntDistribution\", \"attributes\": {\"log\": false, \"step\": 1, \"low\": 1, \"high\": 50}}"}
{"op_code":6,"worker_id":"ee8054b9-42e5-457a-9af0-3a4907c0aea2-6243856384","trial_id":67,"state":1,"values":[0.5994,924.9],"datetime_complete":"2026-07-03T20:17:55.090722"}
{"op_code":4,"worker_id":"ee8054b9-42e5-457a-9af0-3a4907c0aea2-6243856384","study_id":0,"datetime_start":"2026-07-03T20:17:55.106542"}
{"op_code":5,"worker_id":"ee8054b9-42e5-457a-9af0-3a4907c0aea2-6243856384","trial_id":79,"param_name":"discount_rate","param_value_internal":0.9513760289707021,"distribution":"{\"name\": \"FloatDistribution\", \"attributes\": {\"step\": null, \"low\": 0.9, \"high\": 0.999, \"log\": false}}"}
{"op_code":5,"worker_id":"ee8054b9-42e5-457a-9af0-3a4907c0aea2-6243856384","trial_id":79,"param_name":"m","param_value_internal":32.0,"distribution":"{\"name\": \"IntDistribution\", \"attributes\": {\"log\": false, \"step\": 1, \"low\": 1, \"high\": 50}}"}
{"op_code":6,"worker_id":"ee8054b9-42e5-457a-9af0-3a4907c0aea2-6294335488","trial_id":68,"state":1,"values":[0.6734,799.5],"datetime_complete":"2026-07-03T20:18:28.112959"}
{"op_code":4,"worker_id":"ee8054b9-42e5-457a-9af0-3a4907c0aea2-6294335488","study_id":0,"datetime_start":"2026-07-03T20:18:28.127677"}
{"op_code":5,"worker_id":"ee8054b9-42e5-457a-9af0-3a4907c0aea2-6294335488","trial_id":80,"param_name":"discount_rate","param_value_internal":0.9508370035504887,"distribution":"{\"name\": \"FloatDistribution\", \"attributes\": {\"step\": null, \"low\": 0.9, \"high\": 0.999, \"log\": false}}"}
{"op_code":5,"worker_id":"ee8054b9-42e5-457a-9af0-3a4907c0aea2-6294335488","trial_id":80,"param_name":"m","param_value_internal":44.0,"distribution":"{\"name\": \"IntDistribution\", \"attributes\": {\"log\": false, \"step\": 1, \"low\": 1, \"high\": 50}}"}
{"op_code":6,"worker_id":"ee8054b9-42e5-457a-9af0-3a4907c0aea2-6227030016","trial_id":69,"state":1,"values":[0.5778,1166.7],"datetime_complete":"2026-07-03T20:18:49.991819"}
{"op_code":4,"worker_id":"ee8054b9-42e5-457a-9af0-3a4907c0aea2-6227030016","study_id":0,"datetime_start":"2026-07-03T20:18:50.008001"}
{"op_code":5,"worker_id":"ee8054b9-42e5-457a-9af0-3a4907c0aea2-6227030016","trial_id":81,"param_name":"discount_rate","param_value_internal":0.9511855472966402,"distribution":"{\"name\": \"FloatDistribution\", \"attributes\": {\"step\": null, \"low\": 0.9, \"high\": 0.999, \"log\": false}}"}
{"op_code":5,"worker_id":"ee8054b9-42e5-457a-9af0-3a4907c0aea2-6227030016","trial_id":81,"param_name":"m","param_value_internal":44.0,"distribution":"{\"name\": \"IntDistribution\", \"attributes\": {\"log\": false, \"step\": 1, \"low\": 1, \"high\": 50}}"}
{"op_code":6,"worker_id":"ee8054b9-42e5-457a-9af0-3a4907c0aea2-6361640960","trial_id":70,"state":1,"values":[0.7082,585.6],"datetime_complete":"2026-07-03T20:19:02.837282"}
{"op_code":4,"worker_id":"ee8054b9-42e5-457a-9af0-3a4907c0aea2-6361640960","study_id":0,"datetime_start":"2026-07-03T20:19:02.860109"}
{"op_code":5,"worker_id":"ee8054b9-42e5-457a-9af0-3a4907c0aea2-6361640960","trial_id":82,"param_name":"discount_rate","param_value_internal":0.9782257450782608,"distribution":"{\"name\": \"FloatDistribution\", \"attributes\": {\"step\": null, \"low\": 0.9, \"high\": 0.999, \"log\": false}}"}
{"op_code":5,"worker_id":"ee8054b9-42e5-457a-9af0-3a4907c0aea2-6361640960","trial_id":82,"param_name":"m","param_value_internal":20.0,"distribution":"{\"name\": \"IntDistribution\", \"attributes\": {\"log\": false, \"step\": 1, \"low\": 1, \"high\": 50}}"}
{"op_code":6,"worker_id":"ee8054b9-42e5-457a-9af0-3a4907c0aea2-6277509120","trial_id":71,"state":1,"values":[0.7024,488.3],"datetime_complete":"2026-07-03T20:19:34.370003"}
{"op_code":4,"worker_id":"ee8054b9-42e5-457a-9af0-3a4907c0aea2-6277509120","study_id":0,"datetime_start":"2026-07-03T20:19:34.392102"}
{"op_code":5,"worker_id":"ee8054b9-42e5-457a-9af0-3a4907c0aea2-6277509120","trial_id":83,"param_name":"discount_rate","param_value_internal":0.9778072290377777,"distribution":"{\"name\": \"FloatDistribution\", \"attributes\": {\"step\": null, \"low\": 0.9, \"high\": 0.999, \"log\": false}}"}
{"op_code":5,"worker_id":"ee8054b9-42e5-457a-9af0-3a4907c0aea2-6277509120","trial_id":83,"param_name":"m","param_value_internal":21.0,"distribution":"{\"name\": \"IntDistribution\", \"attributes\": {\"log\": false, \"step\": 1, \"low\": 1, \"high\": 50}}"}
{"op_code":6,"worker_id":"ee8054b9-42e5-457a-9af0-3a4907c0aea2-6327988224","trial_id":72,"state":1,"values":[0.692,776.7],"datetime_complete":"2026-07-03T20:20:26.433812"}
{"op_code":4,"worker_id":"ee8054b9-42e5-457a-9af0-3a4907c0aea2-6327988224","study_id":0,"datetime_start":"2026-07-03T20:20:26.455538"}
{"op_code":5,"worker_id":"ee8054b9-42e5-457a-9af0-3a4907c0aea2-6327988224","trial_id":84,"param_name":"discount_rate","param_value_internal":0.9779670502643455,"distribution":"{\"name\": \"FloatDistribution\", \"attributes\": {\"step\": null, \"low\": 0.9, \"high\": 0.999, \"log\": false}}"}
{"op_code":5,"worker_id":"ee8054b9-42e5-457a-9af0-3a4907c0aea2-6327988224","trial_id":84,"param_name":"m","param_value_internal":15.0,"distribution":"{\"name\": \"IntDistribution\", \"attributes\": {\"log\": false, \"step\": 1, \"low\": 1, \"high\": 50}}"}
{"op_code":6,"worker_id":"ee8054b9-42e5-457a-9af0-3a4907c0aea2-6176550912","trial_id":73,"state":1,"values":[0.6134,1006.0],"datetime_complete":"2026-07-03T20:22:07.692018"}
{"op_code":4,"worker_id":"ee8054b9-42e5-457a-9af0-3a4907c0aea2-6176550912","study_id":0,"datetime_start":"2026-07-03T20:22:07.708475"}
{"op_code":5,"worker_id":"ee8054b9-42e5-457a-9af0-3a4907c0aea2-6176550912","trial_id":85,"param_name":"discount_rate","param_value_internal":0.9775225085233309,"distribution":"{\"name\": \"FloatDistribution\", \"attributes\": {\"step\": null, \"low\": 0.9, \"high\": 0.999, \"log\": false}}"}
{"op_code":5,"worker_id":"ee8054b9-42e5-457a-9af0-3a4907c0aea2-6176550912","trial_id":85,"param_name":"m","param_value_internal":20.0,"distribution":"{\"name\": \"IntDistribution\", \"attributes\": {\"log\": false, \"step\": 1, \"low\": 1, \"high\": 50}}"}
{"op_code":6,"worker_id":"ee8054b9-42e5-457a-9af0-3a4907c0aea2-6260682752","trial_id":74,"state":1,"values":[0.6882,685.1],"datetime_complete":"2026-07-03T20:22:29.884701"}
{"op_code":4,"worker_id":"ee8054b9-42e5-457a-9af0-3a4907c0aea2-6260682752","study_id":0,"datetime_start":"2026-07-03T20:22:29.899543"}
{"op_code":5,"worker_id":"ee8054b9-42e5-457a-9af0-3a4907c0aea2-6260682752","trial_id":86,"param_name":"discount_rate","param_value_internal":0.9775069037965612,"distribution":"{\"name\": \"FloatDistribution\", \"attributes\": {\"step\": null, \"low\": 0.9, \"high\": 0.999, \"log\": false}}"}
{"op_code":5,"worker_id":"ee8054b9-42e5-457a-9af0-3a4907c0aea2-6260682752","trial_id":86,"param_name":"m","param_value_internal":21.0,"distribution":"{\"name\": \"IntDistribution\", \"attributes\": {\"log\": false, \"step\": 1, \"low\": 1, \"high\": 50}}"}
{"op_code":6,"worker_id":"ee8054b9-42e5-457a-9af0-3a4907c0aea2-6344814592","trial_id":75,"state":1,"values":[0.697,639.5],"datetime_complete":"2026-07-03T20:22:44.254724"}
{"op_code":4,"worker_id":"ee8054b9-42e5-457a-9af0-3a4907c0aea2-6344814592","study_id":0,"datetime_start":"2026-07-03T20:22:44.274269"}
{"op_code":5,"worker_id":"ee8054b9-42e5-457a-9af0-3a4907c0aea2-6344814592","trial_id":87,"param_name":"discount_rate","param_value_internal":0.9767838527986995,"distribution":"{\"name\": \"FloatDistribution\", \"attributes\": {\"step\": null, \"low\": 0.9, \"high\": 0.999, \"log\": false}}"}
{"op_code":5,"worker_id":"ee8054b9-42e5-457a-9af0-3a4907c0aea2-6344814592","trial_id":87,"param_name":"m","param_value_internal":20.0,"distribution":"{\"name\": \"IntDistribution\", \"attributes\": {\"log\": false, \"step\": 1, \"low\": 1, \"high\": 50}}"}
{"op_code":6,"worker_id":"ee8054b9-42e5-457a-9af0-3a4907c0aea2-6311161856","trial_id":76,"state":1,"values":[0.7126,524.7],"datetime_complete":"2026-07-03T20:23:43.083431"}
{"op_code":4,"worker_id":"ee8054b9-42e5-457a-9af0-3a4907c0aea2-6311161856","study_id":0,"datetime_start":"2026-07-03T20:23:43.098160"}
{"op_code":5,"worker_id":"ee8054b9-42e5-457a-9af0-3a4907c0aea2-6311161856","trial_id":88,"param_name":"discount_rate","param_value_internal":0.979674173009218,"distribution":"{\"name\": \"FloatDistribution\", \"attributes\": {\"step\": null, \"low\": 0.9, \"high\": 0.999, \"log\": false}}"}
{"op_code":5,"worker_id":"ee8054b9-42e5-457a-9af0-3a4907c0aea2-6311161856","trial_id":88,"param_name":"m","param_value_internal":20.0,"distribution":"{\"name\": \"IntDistribution\", \"attributes\": {\"log\": false, \"step\": 1, \"low\": 1, \"high\": 50}}"}
{"op_code":6,"worker_id":"ee8054b9-42e5-457a-9af0-3a4907c0aea2-6243856384","trial_id":79,"state":1,"values":[0.6566,742.4],"datetime_complete":"2026-07-03T20:23:55.998874"}
{"op_code":4,"worker_id":"ee8054b9-42e5-457a-9af0-3a4907c0aea2-6243856384","study_id":0,"datetime_start":"2026-07-03T20:23:56.020752"}
{"op_code":5,"worker_id":"ee8054b9-42e5-457a-9af0-3a4907c0aea2-6243856384","trial_id":89,"param_name":"discount_rate","param_value_internal":0.9755194706039658,"distribution":"{\"name\": \"FloatDistribution\", \"attributes\": {\"step\": null, \"low\": 0.9, \"high\": 0.999, \"log\": false}}"}
{"op_code":5,"worker_id":"ee8054b9-42e5-457a-9af0-3a4907c0aea2-6243856384","trial_id":89,"param_name":"m","param_value_internal":20.0,"distribution":"{\"name\": \"IntDistribution\", \"attributes\": {\"log\": false, \"step\": 1, \"low\": 1, \"high\": 50}}"}
{"op_code":6,"worker_id":"ee8054b9-42e5-457a-9af0-3a4907c0aea2-6193377280","trial_id":77,"state":1,"values":[0.7278,425.8],"datetime_complete":"2026-07-03T20:24:02.561536"}
{"op_code":4,"worker_id":"ee8054b9-42e5-457a-9af0-3a4907c0aea2-6193377280","study_id":0,"datetime_start":"2026-07-03T20:24:02.589995"}
{"op_code":5,"worker_id":"ee8054b9-42e5-457a-9af0-3a4907c0aea2-6193377280","trial_id":90,"param_name":"discount_rate","param_value_internal":0.9905883923001184,"distribution":"{\"name\": \"FloatDistribution\", \"attributes\": {\"step\": null, \"low\": 0.9, \"high\": 0.999, \"log\": false}}"}
{"op_code":5,"worker_id":"ee8054b9-42e5-457a-9af0-3a4907c0aea2-6193377280","trial_id":90,"param_name":"m","param_value_internal":20.0,"distribution":"{\"name\": \"IntDistribution\", \"attributes\": {\"log\": false, \"step\": 1, \"low\": 1, \"high\": 50}}"}
{"op_code":6,"worker_id":"ee8054b9-42e5-457a-9af0-3a4907c0aea2-6210203648","trial_id":78,"state":1,"values":[0.6834,620.0],"datetime_complete":"2026-07-03T20:24:07.227833"}
{"op_code":4,"worker_id":"ee8054b9-42e5-457a-9af0-3a4907c0aea2-6210203648","study_id":0,"datetime_start":"2026-07-03T20:24:07.251244"}
{"op_code":5,"worker_id":"ee8054b9-42e5-457a-9af0-3a4907c0aea2-6210203648","trial_id":91,"param_name":"discount_rate","param_value_internal":0.9657151878481022,"distribution":"{\"name\": \"FloatDistribution\", \"attributes\": {\"step\": null, \"low\": 0.9, \"high\": 0.999, \"log\": false}}"}
{"op_code":5,"worker_id":"ee8054b9-42e5-457a-9af0-3a4907c0aea2-6210203648","trial_id":91,"param_name":"m","param_value_internal":15.0,"distribution":"{\"name\": \"IntDistribution\", \"attributes\": {\"log\": false, \"step\": 1, \"low\": 1, \"high\": 50}}"}
{"op_code":6,"worker_id":"ee8054b9-42e5-457a-9af0-3a4907c0aea2-6294335488","trial_id":80,"state":1,"values":[0.684,839.5],"datetime_complete":"2026-07-03T20:24:53.327131"}
{"op_code":4,"worker_id":"ee8054b9-42e5-457a-9af0-3a4907c0aea2-6294335488","study_id":0,"datetime_start":"2026-07-03T20:24:53.360495"}
{"op_code":5,"worker_id":"ee8054b9-42e5-457a-9af0-3a4907c0aea2-6294335488","trial_id":92,"param_name":"discount_rate","param_value_internal":0.9910765468245628,"distribution":"{\"name\": \"FloatDistribution\", \"attributes\": {\"step\": null, \"low\": 0.9, \"high\": 0.999, \"log\": false}}"}
{"op_code":5,"worker_id":"ee8054b9-42e5-457a-9af0-3a4907c0aea2-6294335488","trial_id":92,"param_name":"m","param_value_internal":20.0,"distribution":"{\"name\": \"IntDistribution\", \"attributes\": {\"log\": false, \"step\": 1, \"low\": 1, \"high\": 50}}"}
{"op_code":6,"worker_id":"ee8054b9-42e5-457a-9af0-3a4907c0aea2-6227030016","trial_id":81,"state":1,"values":[0.711,646.2],"datetime_complete":"2026-07-03T20:25:11.021812"}
{"op_code":4,"worker_id":"ee8054b9-42e5-457a-9af0-3a4907c0aea2-6227030016","study_id":0,"datetime_start":"2026-07-03T20:25:11.040003"}
{"op_code":5,"worker_id":"ee8054b9-42e5-457a-9af0-3a4907c0aea2-6227030016","trial_id":93,"param_name":"discount_rate","param_value_internal":0.9178062492491575,"distribution":"{\"name\": \"FloatDistribution\", \"attributes\": {\"step\": null, \"low\": 0.9, \"high\": 0.999, \"log\": false}}"}
{"op_code":5,"worker_id":"ee8054b9-42e5-457a-9af0-3a4907c0aea2-6227030016","trial_id":93,"param_name":"m","param_value_internal":16.0,"distribution":"{\"name\": \"IntDistribution\", \"attributes\": {\"log\": false, \"step\": 1, \"low\": 1, \"high\": 50}}"}
{"op_code":6,"worker_id":"ee8054b9-42e5-457a-9af0-3a4907c0aea2-6361640960","trial_id":82,"state":1,"values":[0.7306,319.9],"datetime_complete":"2026-07-03T20:26:09.482632"}
{"op_code":4,"worker_id":"ee8054b9-42e5-457a-9af0-3a4907c0aea2-6361640960","study_id":0,"datetime_start":"2026-07-03T20:26:09.500934"}
{"op_code":5,"worker_id":"ee8054b9-42e5-457a-9af0-3a4907c0aea2-6361640960","trial_id":94,"param_name":"discount_rate","param_value_internal":0.9900849510304205,"distribution":"{\"name\": \"FloatDistribution\", \"attributes\": {\"step\": null, \"low\": 0.9, \"high\": 0.999, \"log\": false}}"}
{"op_code":5,"worker_id":"ee8054b9-42e5-457a-9af0-3a4907c0aea2-6361640960","trial_id":94,"param_name":"m","param_value_internal":15.0,"distribution":"{\"name\": \"IntDistribution\", \"attributes\": {\"log\": false, \"step\": 1, \"low\": 1, \"high\": 50}}"}
{"op_code":6,"worker_id":"ee8054b9-42e5-457a-9af0-3a4907c0aea2-6277509120","trial_id":83,"state":1,"values":[0.7238,359.7],"datetime_complete":"2026-07-03T20:26:39.081746"}
{"op_code":4,"worker_id":"ee8054b9-42e5-457a-9af0-3a4907c0aea2-6277509120","study_id":0,"datetime_start":"2026-07-03T20:26:39.107989"}
{"op_code":5,"worker_id":"ee8054b9-42e5-457a-9af0-3a4907c0aea2-6277509120","trial_id":95,"param_name":"discount_rate","param_value_internal":0.9909004945123504,"distribution":"{\"name\": \"FloatDistribution\", \"attributes\": {\"step\": null, \"low\": 0.9, \"high\": 0.999, \"log\": false}}"}
{"op_code":5,"worker_id":"ee8054b9-42e5-457a-9af0-3a4907c0aea2-6277509120","trial_id":95,"param_name":"m","param_value_internal":14.0,"distribution":"{\"name\": \"IntDistribution\", \"attributes\": {\"log\": false, \"step\": 1, \"low\": 1, \"high\": 50}}"}
{"op_code":6,"worker_id":"ee8054b9-42e5-457a-9af0-3a4907c0aea2-6327988224","trial_id":84,"state":1,"values":[0.7106,377.4],"datetime_complete":"2026-07-03T20:27:43.737671"}
{"op_code":4,"worker_id":"ee8054b9-42e5-457a-9af0-3a4907c0aea2-6327988224","study_id":0,"datetime_start":"2026-07-03T20:27:43.753850"}
{"op_code":5,"worker_id":"ee8054b9-42e5-457a-9af0-3a4907c0aea2-6327988224","trial_id":96,"param_name":"discount_rate","param_value_internal":0.9196363308454796,"distribution":"{\"name\": \"FloatDistribution\", \"attributes\": {\"step\": null, \"low\": 0.9, \"high\": 0.999, \"log\": false}}"}
{"op_code":5,"worker_id":"ee8054b9-42e5-457a-9af0-3a4907c0aea2-6327988224","trial_id":96,"param_name":"m","param_value_internal":37.0,"distribution":"{\"name\": \"IntDistribution\", \"attributes\": {\"log\": false, \"step\": 1, \"low\": 1, \"high\": 50}}"}
{"op_code":6,"worker_id":"ee8054b9-42e5-457a-9af0-3a4907c0aea2-6176550912","trial_id":85,"state":1,"values":[0.7256,352.3],"datetime_complete":"2026-07-03T20:29:14.603916"}
{"op_code":4,"worker_id":"ee8054b9-42e5-457a-9af0-3a4907c0aea2-6176550912","study_id":0,"datetime_start":"2026-07-03T20:29:14.619802"}
{"op_code":5,"worker_id":"ee8054b9-42e5-457a-9af0-3a4907c0aea2-6176550912","trial_id":97,"param_name":"discount_rate","param_value_internal":0.9898677466099954,"distribution":"{\"name\": \"FloatDistribution\", \"attributes\": {\"step\": null, \"low\": 0.9, \"high\": 0.999, \"log\": false}}"}
{"op_code":5,"worker_id":"ee8054b9-42e5-457a-9af0-3a4907c0aea2-6176550912","trial_id":97,"param_name":"m","param_value_internal":15.0,"distribution":"{\"name\": \"IntDistribution\", \"attributes\": {\"log\": false, \"step\": 1, \"low\": 1, \"high\": 50}}"}
{"op_code":6,"worker_id":"ee8054b9-42e5-457a-9af0-3a4907c0aea2-6260682752","trial_id":86,"state":1,"values":[0.7004,400.2],"datetime_complete":"2026-07-03T20:29:25.612347"}
{"op_code":4,"worker_id":"ee8054b9-42e5-457a-9af0-3a4907c0aea2-6260682752","study_id":0,"datetime_start":"2026-07-03T20:29:25.625008"}
{"op_code":5,"worker_id":"ee8054b9-42e5-457a-9af0-3a4907c0aea2-6260682752","trial_id":98,"param_name":"discount_rate","param_value_internal":0.917333707157047,"distribution":"{\"name\": \"FloatDistribution\", \"attributes\": {\"step\": null, \"low\": 0.9, \"high\": 0.999, \"log\": false}}"}
{"op_code":5,"worker_id":"ee8054b9-42e5-457a-9af0-3a4907c0aea2-6260682752","trial_id":98,"param_name":"m","param_value_internal":36.0,"distribution":"{\"name\": \"IntDistribution\", \"attributes\": {\"log\": false, \"step\": 1, \"low\": 1, \"high\": 50}}"}
{"op_code":6,"worker_id":"ee8054b9-42e5-457a-9af0-3a4907c0aea2-6344814592","trial_id":87,"state":1,"values":[0.7358,313.2],"datetime_complete":"2026-07-03T20:29:47.800167"}
{"op_code":4,"worker_id":"ee8054b9-42e5-457a-9af0-3a4907c0aea2-6344814592","study_id":0,"datetime_start":"2026-07-03T20:29:47.816737"}
{"op_code":5,"worker_id":"ee8054b9-42e5-457a-9af0-3a4907c0aea2-6344814592","trial_id":99,"param_name":"discount_rate","param_value_internal":0.9920486649166552,"distribution":"{\"name\": \"FloatDistribution\", \"attributes\": {\"step\": null, \"low\": 0.9, \"high\": 0.999, \"log\": false}}"}
{"op_code":5,"worker_id":"ee8054b9-42e5-457a-9af0-3a4907c0aea2-6344814592","trial_id":99,"param_name":"m","param_value_internal":35.0,"distribution":"{\"name\": \"IntDistribution\", \"attributes\": {\"log\": false, \"step\": 1, \"low\": 1, \"high\": 50}}"}
{"op_code":6,"worker_id":"ee8054b9-42e5-457a-9af0-3a4907c0aea2-6210203648","trial_id":91,"state":1,"values":[0.6302,823.9],"datetime_complete":"2026-07-03T20:30:44.451684"}
{"op_code":6,"worker_id":"ee8054b9-42e5-457a-9af0-3a4907c0aea2-6311161856","trial_id":88,"state":1,"values":[0.716,417.5],"datetime_complete":"2026-07-03T20:30:47.218611"}
{"op_code":6,"worker_id":"ee8054b9-42e5-457a-9af0-3a4907c0aea2-6243856384","trial_id":89,"state":1,"values":[0.7182,379.9],"datetime_complete":"2026-07-03T20:30:52.341841"}
{"op_code":6,"worker_id":"ee8054b9-42e5-457a-9af0-3a4907c0aea2-6227030016","trial_id":93,"state":1,"values":[0.6238,900.6],"datetime_complete":"2026-07-03T20:31:15.653535"}
{"op_code":6,"worker_id":"ee8054b9-42e5-457a-9af0-3a4907c0aea2-6193377280","trial_id":90,"state":1,"values":[0.731,352.1],"datetime_complete":"2026-07-03T20:31:18.693360"}
{"op_code":6,"worker_id":"ee8054b9-42e5-457a-9af0-3a4907c0aea2-6294335488","trial_id":92,"state":1,"values":[0.7302,362.0],"datetime_complete":"2026-07-03T20:31:48.832924"}
{"op_code":6,"worker_id":"ee8054b9-42e5-457a-9af0-3a4907c0aea2-6361640960","trial_id":94,"state":1,"values":[0.7396,269.2],"datetime_complete":"2026-07-03T20:32:27.998252"}
{"op_code":6,"worker_id":"ee8054b9-42e5-457a-9af0-3a4907c0aea2-6327988224","trial_id":96,"state":1,"values":[0.6796,705.9],"datetime_complete":"2026-07-03T20:32:34.398143"}
{"op_code":6,"worker_id":"ee8054b9-42e5-457a-9af0-3a4907c0aea2-6277509120","trial_id":95,"state":1,"values":[0.7402,279.8],"datetime_complete":"2026-07-03T20:32:38.696832"}
{"op_code":6,"worker_id":"ee8054b9-42e5-457a-9af0-3a4907c0aea2-6260682752","trial_id":98,"state":1,"values":[0.6992,687.0],"datetime_complete":"2026-07-03T20:32:51.858526"}
{"op_code":6,"worker_id":"ee8054b9-42e5-457a-9af0-3a4907c0aea2-6176550912","trial_id":97,"state":1,"values":[0.726,283.1],"datetime_complete":"2026-07-03T20:33:02.731943"}
{"op_code":6,"worker_id":"ee8054b9-42e5-457a-9af0-3a4907c0aea2-6344814592","trial_id":99,"state":1,"values":[0.74,473.5],"datetime_complete":"2026-07-03T20:33:06.908155"}
