{"op_code":0,"worker_id":"dfffbc70-3608-41d3-9a85-701c022e6df4-8325439104","study_name":"RMax_Multi_Objective_8x8","directions":[2,1]}
{"op_code":4,"worker_id":"dfffbc70-3608-41d3-9a85-701c022e6df4-6151073792","study_id":0,"datetime_start":"2026-07-03T21:27:51.590029"}
{"op_code":4,"worker_id":"dfffbc70-3608-41d3-9a85-701c022e6df4-6336163840","study_id":0,"datetime_start":"2026-07-03T21:27:51.598944"}
{"op_code":4,"worker_id":"dfffbc70-3608-41d3-9a85-701c022e6df4-6184726528","study_id":0,"datetime_start":"2026-07-03T21:27:51.598402"}
{"op_code":4,"worker_id":"dfffbc70-3608-41d3-9a85-701c022e6df4-6201552896","study_id":0,"datetime_start":"2026-07-03T21:27:51.598457"}
{"op_code":4,"worker_id":"dfffbc70-3608-41d3-9a85-701c022e6df4-6218379264","study_id":0,"datetime_start":"2026-07-03T21:27:51.598498"}
{"op_code":4,"worker_id":"dfffbc70-3608-41d3-9a85-701c022e6df4-6167900160","study_id":0,"datetime_start":"2026-07-03T21:27:51.598540"}
{"op_code":4,"worker_id":"dfffbc70-3608-41d3-9a85-701c022e6df4-6235205632","study_id":0,"datetime_start":"2026-07-03T21:27:51.598578"}
{"op_code":4,"worker_id":"dfffbc70-3608-41d3-9a85-701c022e6df4-6252032000","study_id":0,"datetime_start":"2026-07-03T21:27:51.598619"}
{"op_code":4,"worker_id":"dfffbc70-3608-41d3-9a85-701c022e6df4-6268858368","study_id":0,"datetime_start":"2026-07-03T21:27:51.598658"}
{"op_code":4,"worker_id":"dfffbc70-3608-41d3-9a85-701c022e6df4-6285684736","study_id":0,"datetime_start":"2026-07-03T21:27:51.598740"}
{"op_code":4,"worker_id":"dfffbc70-3608-41d3-9a85-701c022e6df4-6302511104","study_id":0,"datetime_start":"2026-07-03T21:27:51.598860"}
{"op_code":4,"worker_id":"dfffbc70-3608-41d3-9a85-701c022e6df4-6319337472","study_id":0,"datetime_start":"2026-07-03T21:27:51.598909"}
{"op_code":5,"worker_id":"dfffbc70-3608-41d3-9a85-701c022e6df4-6302511104","trial_id":10,"param_name":"discount_rate","param_value_internal":0.9568165499109448,"distribution":"{\"name\": \"FloatDistribution\", \"attributes\": {\"step\": null, \"low\": 0.9, \"high\": 0.999, \"log\": false}}"}
{"op_code":5,"worker_id":"dfffbc70-3608-41d3-9a85-701c022e6df4-6151073792","trial_id":0,"param_name":"discount_rate","param_value_internal":0.9589302263196996,"distribution":"{\"name\": \"FloatDistribution\", \"attributes\": {\"step\": null, \"low\": 0.9, \"high\": 0.999, \"log\": false}}"}
{"op_code":5,"worker_id":"dfffbc70-3608-41d3-9a85-701c022e6df4-6336163840","trial_id":1,"param_name":"discount_rate","param_value_internal":0.952349896964134,"distribution":"{\"name\": \"FloatDistribution\", \"attributes\": {\"step\": null, \"low\": 0.9, \"high\": 0.999, \"log\": false}}"}
{"op_code":5,"worker_id":"dfffbc70-3608-41d3-9a85-701c022e6df4-6184726528","trial_id":2,"param_name":"discount_rate","param_value_internal":0.9171143593111153,"distribution":"{\"name\": \"FloatDistribution\", \"attributes\": {\"step\": null, \"low\": 0.9, \"high\": 0.999, \"log\": false}}"}
{"op_code":5,"worker_id":"dfffbc70-3608-41d3-9a85-701c022e6df4-6201552896","trial_id":3,"param_name":"discount_rate","param_value_internal":0.9445839164569744,"distribution":"{\"name\": \"FloatDistribution\", \"attributes\": {\"step\": null, \"low\": 0.9, \"high\": 0.999, \"log\": false}}"}
{"op_code":5,"worker_id":"dfffbc70-3608-41d3-9a85-701c022e6df4-6218379264","trial_id":4,"param_name":"discount_rate","param_value_internal":0.9162876680445291,"distribution":"{\"name\": \"FloatDistribution\", \"attributes\": {\"step\": null, \"low\": 0.9, \"high\": 0.999, \"log\": false}}"}
{"op_code":5,"worker_id":"dfffbc70-3608-41d3-9a85-701c022e6df4-6167900160","trial_id":5,"param_name":"discount_rate","param_value_internal":0.9825552630138927,"distribution":"{\"name\": \"FloatDistribution\", \"attributes\": {\"step\": null, \"low\": 0.9, \"high\": 0.999, \"log\": false}}"}
{"op_code":5,"worker_id":"dfffbc70-3608-41d3-9a85-701c022e6df4-6235205632","trial_id":6,"param_name":"discount_rate","param_value_internal":0.9520326413463804,"distribution":"{\"name\": \"FloatDistribution\", \"attributes\": {\"step\": null, \"low\": 0.9, \"high\": 0.999, \"log\": false}}"}
{"op_code":5,"worker_id":"dfffbc70-3608-41d3-9a85-701c022e6df4-6252032000","trial_id":7,"param_name":"discount_rate","param_value_internal":0.941066128950845,"distribution":"{\"name\": \"FloatDistribution\", \"attributes\": {\"step\": null, \"low\": 0.9, \"high\": 0.999, \"log\": false}}"}
{"op_code":5,"worker_id":"dfffbc70-3608-41d3-9a85-701c022e6df4-6268858368","trial_id":8,"param_name":"discount_rate","param_value_internal":0.9350081696868452,"distribution":"{\"name\": \"FloatDistribution\", \"attributes\": {\"step\": null, \"low\": 0.9, \"high\": 0.999, \"log\": false}}"}
{"op_code":5,"worker_id":"dfffbc70-3608-41d3-9a85-701c022e6df4-6285684736","trial_id":9,"param_name":"discount_rate","param_value_internal":0.947344683259125,"distribution":"{\"name\": \"FloatDistribution\", \"attributes\": {\"step\": null, \"low\": 0.9, \"high\": 0.999, \"log\": false}}"}
{"op_code":5,"worker_id":"dfffbc70-3608-41d3-9a85-701c022e6df4-6302511104","trial_id":10,"param_name":"m","param_value_internal":7.0,"distribution":"{\"name\": \"IntDistribution\", \"attributes\": {\"log\": false, \"step\": 1, \"low\": 1, \"high\": 50}}"}
{"op_code":5,"worker_id":"dfffbc70-3608-41d3-9a85-701c022e6df4-6151073792","trial_id":0,"param_name":"m","param_value_internal":27.0,"distribution":"{\"name\": \"IntDistribution\", \"attributes\": {\"log\": false, \"step\": 1, \"low\": 1, \"high\": 50}}"}
{"op_code":5,"worker_id":"dfffbc70-3608-41d3-9a85-701c022e6df4-6336163840","trial_id":1,"param_name":"m","param_value_internal":40.0,"distribution":"{\"name\": \"IntDistribution\", \"attributes\": {\"log\": false, \"step\": 1, \"low\": 1, \"high\": 50}}"}
{"op_code":5,"worker_id":"dfffbc70-3608-41d3-9a85-701c022e6df4-6184726528","trial_id":2,"param_name":"m","param_value_internal":14.0,"distribution":"{\"name\": \"IntDistribution\", \"attributes\": {\"log\": false, \"step\": 1, \"low\": 1, \"high\": 50}}"}
{"op_code":5,"worker_id":"dfffbc70-3608-41d3-9a85-701c022e6df4-6201552896","trial_id":3,"param_name":"m","param_value_internal":12.0,"distribution":"{\"name\": \"IntDistribution\", \"attributes\": {\"log\": false, \"step\": 1, \"low\": 1, \"high\": 50}}"}
{"op_code":5,"worker_id":"dfffbc70-3608-41d3-9a85-701c022e6df4-6218379264","trial_id":4,"param_name":"m","param_value_internal":3.0,"distribution":"{\"name\": \"IntDistribution\", \"attributes\": {\"log\": false, \"step\": 1, \"low\": 1, \"high\": 50}}"}
{"op_code":5,"worker_id":"dfffbc70-3608-41d3-9a85-701c022e6df4-6167900160","trial_id":5,"param_name":"m","param_value_internal":38.0,"distribution":"{\"name\": \"IntDistribution\", \"attributes\": {\"log\": false, \"step\": 1, \"low\": 1, \"high\": 50}}"}
{"op_code":5,"worker_id":"dfffbc70-3608-41d3-9a85-701c022e6df4-6235205632","trial_id":6,"param_name":"m","param_value_internal":45.0,"distribution":"{\"name\": \"IntDistribution\", \"attributes\": {\"log\": false, \"step\": 1, \"low\": 1, \"high\": 50}}"}
{"op_code":5,"worker_id":"dfffbc70-3608-41d3-9a85-701c022e6df4-6252032000","trial_id":7,"param_name":"m","param_value_internal":24.0,"distribution":"{\"name\": \"IntDistribution\", \"attributes\": {\"log\": false, \"step\": 1, \"low\": 1, \"high\": 50}}"}
{"op_code":5,"worker_id":"dfffbc70-3608-41d3-9a85-701c022e6df4-6268858368","trial_id":8,"param_name":"m","param_value_internal":25.0,"distribution":"{\"name\": \"IntDistribution\", \"attributes\": {\"log\": false, \"step\": 1, \"low\": 1, \"high\": 50}}"}
{"op_code":5,"worker_id":"dfffbc70-3608-41d3-9a85-701c022e6df4-6285684736","trial_id":9,"param_name":"m","param_value_internal":1.0,"distribution":"{\"name\": \"IntDistribution\", \"attributes\": {\"log\": false, \"step\": 1, \"low\": 1, \"high\": 50}}"}
{"op_code":5,"worker_id":"dfffbc70-3608-41d3-9a85-701c022e6df4-6319337472","trial_id":11,"param_name":"discount_rate","param_value_internal":0.9323592427410876,"distribution":"{\"name\": \"FloatDistribution\", \"attributes\": {\"step\": null, \"low\": 0.9, \"high\": 0.999, \"log\": false}}"}
{"op_code":5,"worker_id":"dfffbc70-3608-41d3-9a85-701c022e6df4-6319337472","trial_id":11,"param_name":"m","param_value_internal":49.0,"distribution":"{\"name\": \"IntDistribution\", \"attributes\": {\"log\": false, \"step\": 1, \"low\": 1, \"high\": 50}}"}
{"op_code":6,"worker_id":"dfffbc70-3608-41d3-9a85-701c022e6df4-6285684736","trial_id":9,"state":1,"values":[0.283,10000.0],"datetime_complete":"2026-07-03T22:10:11.029646"}
{"op_code":4,"worker_id":"dfffbc70-3608-41d3-9a85-701c022e6df4-6285684736","study_id":0,"datetime_start":"2026-07-03T22:10:11.054046"}
{"op_code":5,"worker_id":"dfffbc70-3608-41d3-9a85-701c022e6df4-6285684736","trial_id":12,"param_name":"discount_rate","param_value_internal":0.9584309394462751,"distribution":"{\"name\": \"FloatDistribution\", \"attributes\": {\"step\": null, \"low\": 0.9, \"high\": 0.999, \"log\": false}}"}
{"op_code":5,"worker_id":"dfffbc70-3608-41d3-9a85-701c022e6df4-6285684736","trial_id":12,"param_name":"m","param_value_internal":26.0,"distribution":"{\"name\": \"IntDistribution\", \"attributes\": {\"log\": false, \"step\": 1, \"low\": 1, \"high\": 50}}"}
{"op_code":6,"worker_id":"dfffbc70-3608-41d3-9a85-701c022e6df4-6184726528","trial_id":2,"state":1,"values":[0.4996,10000.0],"datetime_complete":"2026-07-03T22:13:39.467998"}
{"op_code":4,"worker_id":"dfffbc70-3608-41d3-9a85-701c022e6df4-6184726528","study_id":0,"datetime_start":"2026-07-03T22:13:39.482458"}
{"op_code":5,"worker_id":"dfffbc70-3608-41d3-9a85-701c022e6df4-6184726528","trial_id":13,"param_name":"discount_rate","param_value_internal":0.9451111561078547,"distribution":"{\"name\": \"FloatDistribution\", \"attributes\": {\"step\": null, \"low\": 0.9, \"high\": 0.999, \"log\": false}}"}
{"op_code":5,"worker_id":"dfffbc70-3608-41d3-9a85-701c022e6df4-6184726528","trial_id":13,"param_name":"m","param_value_internal":13.0,"distribution":"{\"name\": \"IntDistribution\", \"attributes\": {\"log\": false, \"step\": 1, \"low\": 1, \"high\": 50}}"}
{"op_code":6,"worker_id":"dfffbc70-3608-41d3-9a85-701c022e6df4-6319337472","trial_id":11,"state":1,"values":[0.6192,7935.0],"datetime_complete":"2026-07-03T22:14:06.134011"}
{"op_code":4,"worker_id":"dfffbc70-3608-41d3-9a85-701c022e6df4-6319337472","study_id":0,"datetime_start":"2026-07-03T22:14:06.176638"}
{"op_code":5,"worker_id":"dfffbc70-3608-41d3-9a85-701c022e6df4-6319337472","trial_id":14,"param_name":"discount_rate","param_value_internal":0.9842381319675796,"distribution":"{\"name\": \"FloatDistribution\", \"attributes\": {\"step\": null, \"low\": 0.9, \"high\": 0.999, \"log\": false}}"}
{"op_code":5,"worker_id":"dfffbc70-3608-41d3-9a85-701c022e6df4-6319337472","trial_id":14,"param_name":"m","param_value_internal":43.0,"distribution":"{\"name\": \"IntDistribution\", \"attributes\": {\"log\": false, \"step\": 1, \"low\": 1, \"high\": 50}}"}
{"op_code":6,"worker_id":"dfffbc70-3608-41d3-9a85-701c022e6df4-6218379264","trial_id":4,"state":1,"values":[0.5322,8321.0],"datetime_complete":"2026-07-03T22:14:32.342442"}
{"op_code":4,"worker_id":"dfffbc70-3608-41d3-9a85-701c022e6df4-6218379264","study_id":0,"datetime_start":"2026-07-03T22:14:32.366259"}
{"op_code":5,"worker_id":"dfffbc70-3608-41d3-9a85-701c022e6df4-6218379264","trial_id":15,"param_name":"discount_rate","param_value_internal":0.9965955749263252,"distribution":"{\"name\": \"FloatDistribution\", \"attributes\": {\"step\": null, \"low\": 0.9, \"high\": 0.999, \"log\": false}}"}
{"op_code":5,"worker_id":"dfffbc70-3608-41d3-9a85-701c022e6df4-6218379264","trial_id":15,"param_name":"m","param_value_internal":13.0,"distribution":"{\"name\": \"IntDistribution\", \"attributes\": {\"log\": false, \"step\": 1, \"low\": 1, \"high\": 50}}"}
{"op_code":6,"worker_id":"dfffbc70-3608-41d3-9a85-701c022e6df4-6268858368","trial_id":8,"state":1,"values":[0.6178,7093.4],"datetime_complete":"2026-07-03T22:16:40.745844"}
{"op_code":4,"worker_id":"dfffbc70-3608-41d3-9a85-701c022e6df4-6268858368","study_id":0,"datetime_start":"2026-07-03T22:16:40.770195"}
{"op_code":5,"worker_id":"dfffbc70-3608-41d3-9a85-701c022e6df4-6268858368","trial_id":16,"param_name":"discount_rate","param_value_internal":0.9081930241662257,"distribution":"{\"name\": \"FloatDistribution\", \"attributes\": {\"step\": null, \"low\": 0.9, \"high\": 0.999, \"log\": false}}"}
{"op_code":5,"worker_id":"dfffbc70-3608-41d3-9a85-701c022e6df4-6268858368","trial_id":16,"param_name":"m","param_value_internal":48.0,"distribution":"{\"name\": \"IntDistribution\", \"attributes\": {\"log\": false, \"step\": 1, \"low\": 1, \"high\": 50}}"}
{"op_code":6,"worker_id":"dfffbc70-3608-41d3-9a85-701c022e6df4-6252032000","trial_id":7,"state":1,"values":[0.6288,6227.6],"datetime_complete":"2026-07-03T22:18:03.901806"}
{"op_code":4,"worker_id":"dfffbc70-3608-41d3-9a85-701c022e6df4-6252032000","study_id":0,"datetime_start":"2026-07-03T22:18:03.920173"}
{"op_code":5,"worker_id":"dfffbc70-3608-41d3-9a85-701c022e6df4-6252032000","trial_id":17,"param_name":"discount_rate","param_value_internal":0.9084994649353367,"distribution":"{\"name\": \"FloatDistribution\", \"attributes\": {\"step\": null, \"low\": 0.9, \"high\": 0.999, \"log\": false}}"}
{"op_code":5,"worker_id":"dfffbc70-3608-41d3-9a85-701c022e6df4-6252032000","trial_id":17,"param_name":"m","param_value_internal":43.0,"distribution":"{\"name\": \"IntDistribution\", \"attributes\": {\"log\": false, \"step\": 1, \"low\": 1, \"high\": 50}}"}
{"op_code":6,"worker_id":"dfffbc70-3608-41d3-9a85-701c022e6df4-6201552896","trial_id":3,"state":1,"values":[0.5588,10000.0],"datetime_complete":"2026-07-03T22:18:27.222553"}
{"op_code":4,"worker_id":"dfffbc70-3608-41d3-9a85-701c022e6df4-6201552896","study_id":0,"datetime_start":"2026-07-03T22:18:27.244243"}
{"op_code":5,"worker_id":"dfffbc70-3608-41d3-9a85-701c022e6df4-6201552896","trial_id":18,"param_name":"discount_rate","param_value_internal":0.9490619256413321,"distribution":"{\"name\": \"FloatDistribution\", \"attributes\": {\"step\": null, \"low\": 0.9, \"high\": 0.999, \"log\": false}}"}
{"op_code":5,"worker_id":"dfffbc70-3608-41d3-9a85-701c022e6df4-6201552896","trial_id":18,"param_name":"m","param_value_internal":43.0,"distribution":"{\"name\": \"IntDistribution\", \"attributes\": {\"log\": false, \"step\": 1, \"low\": 1, \"high\": 50}}"}
{"op_code":6,"worker_id":"dfffbc70-3608-41d3-9a85-701c022e6df4-6336163840","trial_id":1,"state":1,"values":[0.6592,6271.2],"datetime_complete":"2026-07-03T22:18:32.620047"}
{"op_code":4,"worker_id":"dfffbc70-3608-41d3-9a85-701c022e6df4-6336163840","study_id":0,"datetime_start":"2026-07-03T22:18:32.642569"}
{"op_code":5,"worker_id":"dfffbc70-3608-41d3-9a85-701c022e6df4-6336163840","trial_id":19,"param_name":"discount_rate","param_value_internal":0.990287194119527,"distribution":"{\"name\": \"FloatDistribution\", \"attributes\": {\"step\": null, \"low\": 0.9, \"high\": 0.999, \"log\": false}}"}
{"op_code":5,"worker_id":"dfffbc70-3608-41d3-9a85-701c022e6df4-6336163840","trial_id":19,"param_name":"m","param_value_internal":14.0,"distribution":"{\"name\": \"IntDistribution\", \"attributes\": {\"log\": false, \"step\": 1, \"low\": 1, \"high\": 50}}"}
{"op_code":6,"worker_id":"dfffbc70-3608-41d3-9a85-701c022e6df4-6302511104","trial_id":10,"state":1,"values":[0.5768,8200.8],"datetime_complete":"2026-07-03T22:19:40.545884"}
{"op_code":4,"worker_id":"dfffbc70-3608-41d3-9a85-701c022e6df4-6302511104","study_id":0,"datetime_start":"2026-07-03T22:19:40.572262"}
{"op_code":5,"worker_id":"dfffbc70-3608-41d3-9a85-701c022e6df4-6302511104","trial_id":20,"param_name":"discount_rate","param_value_internal":0.9107571756760767,"distribution":"{\"name\": \"FloatDistribution\", \"attributes\": {\"step\": null, \"low\": 0.9, \"high\": 0.999, \"log\": false}}"}
{"op_code":5,"worker_id":"dfffbc70-3608-41d3-9a85-701c022e6df4-6302511104","trial_id":20,"param_name":"m","param_value_internal":5.0,"distribution":"{\"name\": \"IntDistribution\", \"attributes\": {\"log\": false, \"step\": 1, \"low\": 1, \"high\": 50}}"}
{"op_code":6,"worker_id":"dfffbc70-3608-41d3-9a85-701c022e6df4-6235205632","trial_id":6,"state":1,"values":[0.7194,5122.8],"datetime_complete":"2026-07-03T22:20:18.029361"}
{"op_code":4,"worker_id":"dfffbc70-3608-41d3-9a85-701c022e6df4-6235205632","study_id":0,"datetime_start":"2026-07-03T22:20:18.053773"}
{"op_code":5,"worker_id":"dfffbc70-3608-41d3-9a85-701c022e6df4-6235205632","trial_id":21,"param_name":"discount_rate","param_value_internal":0.9823206855175625,"distribution":"{\"name\": \"FloatDistribution\", \"attributes\": {\"step\": null, \"low\": 0.9, \"high\": 0.999, \"log\": false}}"}
{"op_code":5,"worker_id":"dfffbc70-3608-41d3-9a85-701c022e6df4-6235205632","trial_id":21,"param_name":"m","param_value_internal":41.0,"distribution":"{\"name\": \"IntDistribution\", \"attributes\": {\"log\": false, \"step\": 1, \"low\": 1, \"high\": 50}}"}
{"op_code":6,"worker_id":"dfffbc70-3608-41d3-9a85-701c022e6df4-6151073792","trial_id":0,"state":1,"values":[0.6612,5164.4],"datetime_complete":"2026-07-03T22:20:41.645448"}
{"op_code":4,"worker_id":"dfffbc70-3608-41d3-9a85-701c022e6df4-6151073792","study_id":0,"datetime_start":"2026-07-03T22:20:41.709361"}
{"op_code":5,"worker_id":"dfffbc70-3608-41d3-9a85-701c022e6df4-6151073792","trial_id":22,"param_name":"discount_rate","param_value_internal":0.9831539811654525,"distribution":"{\"name\": \"FloatDistribution\", \"attributes\": {\"step\": null, \"low\": 0.9, \"high\": 0.999, \"log\": false}}"}
{"op_code":5,"worker_id":"dfffbc70-3608-41d3-9a85-701c022e6df4-6151073792","trial_id":22,"param_name":"m","param_value_internal":36.0,"distribution":"{\"name\": \"IntDistribution\", \"attributes\": {\"log\": false, \"step\": 1, \"low\": 1, \"high\": 50}}"}
{"op_code":6,"worker_id":"dfffbc70-3608-41d3-9a85-701c022e6df4-6167900160","trial_id":5,"state":1,"values":[0.7454,2271.2],"datetime_complete":"2026-07-03T22:25:25.278853"}
{"op_code":4,"worker_id":"dfffbc70-3608-41d3-9a85-701c022e6df4-6167900160","study_id":0,"datetime_start":"2026-07-03T22:25:25.292887"}
{"op_code":5,"worker_id":"dfffbc70-3608-41d3-9a85-701c022e6df4-6167900160","trial_id":23,"param_name":"discount_rate","param_value_internal":0.988213222275248,"distribution":"{\"name\": \"FloatDistribution\", \"attributes\": {\"step\": null, \"low\": 0.9, \"high\": 0.999, \"log\": false}}"}
{"op_code":5,"worker_id":"dfffbc70-3608-41d3-9a85-701c022e6df4-6167900160","trial_id":23,"param_name":"m","param_value_internal":36.0,"distribution":"{\"name\": \"IntDistribution\", \"attributes\": {\"log\": false, \"step\": 1, \"low\": 1, \"high\": 50}}"}
{"op_code":6,"worker_id":"dfffbc70-3608-41d3-9a85-701c022e6df4-6268858368","trial_id":16,"state":1,"values":[0.6192,8083.8],"datetime_complete":"2026-07-03T23:11:29.786924"}
{"op_code":4,"worker_id":"dfffbc70-3608-41d3-9a85-701c022e6df4-6268858368","study_id":0,"datetime_start":"2026-07-03T23:11:29.805008"}
{"op_code":5,"worker_id":"dfffbc70-3608-41d3-9a85-701c022e6df4-6268858368","trial_id":24,"param_name":"discount_rate","param_value_internal":0.9888031270856129,"distribution":"{\"name\": \"FloatDistribution\", \"attributes\": {\"step\": null, \"low\": 0.9, \"high\": 0.999, \"log\": false}}"}
{"op_code":5,"worker_id":"dfffbc70-3608-41d3-9a85-701c022e6df4-6268858368","trial_id":24,"param_name":"m","param_value_internal":35.0,"distribution":"{\"name\": \"IntDistribution\", \"attributes\": {\"log\": false, \"step\": 1, \"low\": 1, \"high\": 50}}"}
{"op_code":6,"worker_id":"dfffbc70-3608-41d3-9a85-701c022e6df4-6252032000","trial_id":17,"state":1,"values":[0.5998,7947.6],"datetime_complete":"2026-07-03T23:13:49.645976"}
{"op_code":4,"worker_id":"dfffbc70-3608-41d3-9a85-701c022e6df4-6252032000","study_id":0,"datetime_start":"2026-07-03T23:13:49.662244"}
{"op_code":5,"worker_id":"dfffbc70-3608-41d3-9a85-701c022e6df4-6252032000","trial_id":25,"param_name":"discount_rate","param_value_internal":0.9898699165701892,"distribution":"{\"name\": \"FloatDistribution\", \"attributes\": {\"step\": null, \"low\": 0.9, \"high\": 0.999, \"log\": false}}"}
{"op_code":5,"worker_id":"dfffbc70-3608-41d3-9a85-701c022e6df4-6252032000","trial_id":25,"param_name":"m","param_value_internal":34.0,"distribution":"{\"name\": \"IntDistribution\", \"attributes\": {\"log\": false, \"step\": 1, \"low\": 1, \"high\": 50}}"}
{"op_code":6,"worker_id":"dfffbc70-3608-41d3-9a85-701c022e6df4-6285684736","trial_id":12,"state":1,"values":[0.7296,2711.6],"datetime_complete":"2026-07-03T23:15:30.701556"}
{"op_code":4,"worker_id":"dfffbc70-3608-41d3-9a85-701c022e6df4-6285684736","study_id":0,"datetime_start":"2026-07-03T23:15:30.756454"}
{"op_code":5,"worker_id":"dfffbc70-3608-41d3-9a85-701c022e6df4-6285684736","trial_id":26,"param_name":"discount_rate","param_value_internal":0.9871996535316585,"distribution":"{\"name\": \"FloatDistribution\", \"attributes\": {\"step\": null, \"low\": 0.9, \"high\": 0.999, \"log\": false}}"}
{"op_code":5,"worker_id":"dfffbc70-3608-41d3-9a85-701c022e6df4-6285684736","trial_id":26,"param_name":"m","param_value_internal":35.0,"distribution":"{\"name\": \"IntDistribution\", \"attributes\": {\"log\": false, \"step\": 1, \"low\": 1, \"high\": 50}}"}
{"op_code":6,"worker_id":"dfffbc70-3608-41d3-9a85-701c022e6df4-6184726528","trial_id":13,"state":1,"values":[0.611,7430.2],"datetime_complete":"2026-07-03T23:19:16.874190"}
{"op_code":4,"worker_id":"dfffbc70-3608-41d3-9a85-701c022e6df4-6184726528","study_id":0,"datetime_start":"2026-07-03T23:19:16.922146"}
{"op_code":5,"worker_id":"dfffbc70-3608-41d3-9a85-701c022e6df4-6184726528","trial_id":27,"param_name":"discount_rate","param_value_internal":0.9850208705429515,"distribution":"{\"name\": \"FloatDistribution\", \"attributes\": {\"step\": null, \"low\": 0.9, \"high\": 0.999, \"log\": false}}"}
{"op_code":5,"worker_id":"dfffbc70-3608-41d3-9a85-701c022e6df4-6184726528","trial_id":27,"param_name":"m","param_value_internal":35.0,"distribution":"{\"name\": \"IntDistribution\", \"attributes\": {\"log\": false, \"step\": 1, \"low\": 1, \"high\": 50}}"}
{"op_code":6,"worker_id":"dfffbc70-3608-41d3-9a85-701c022e6df4-6302511104","trial_id":20,"state":1,"values":[0.5238,10000.0],"datetime_complete":"2026-07-03T23:23:10.846798"}
{"op_code":4,"worker_id":"dfffbc70-3608-41d3-9a85-701c022e6df4-6302511104","study_id":0,"datetime_start":"2026-07-03T23:23:10.897263"}
{"op_code":5,"worker_id":"dfffbc70-3608-41d3-9a85-701c022e6df4-6302511104","trial_id":28,"param_name":"discount_rate","param_value_internal":0.9858835668651262,"distribution":"{\"name\": \"FloatDistribution\", \"attributes\": {\"step\": null, \"low\": 0.9, \"high\": 0.999, \"log\": false}}"}
{"op_code":5,"worker_id":"dfffbc70-3608-41d3-9a85-701c022e6df4-6302511104","trial_id":28,"param_name":"m","param_value_internal":35.0,"distribution":"{\"name\": \"IntDistribution\", \"attributes\": {\"log\": false, \"step\": 1, \"low\": 1, \"high\": 50}}"}
{"op_code":6,"worker_id":"dfffbc70-3608-41d3-9a85-701c022e6df4-6201552896","trial_id":18,"state":1,"values":[0.6934,5465.0],"datetime_complete":"2026-07-03T23:23:18.024753"}
{"op_code":4,"worker_id":"dfffbc70-3608-41d3-9a85-701c022e6df4-6201552896","study_id":0,"datetime_start":"2026-07-03T23:23:18.100695"}
{"op_code":5,"worker_id":"dfffbc70-3608-41d3-9a85-701c022e6df4-6201552896","trial_id":29,"param_name":"discount_rate","param_value_internal":0.9865981658166827,"distribution":"{\"name\": \"FloatDistribution\", \"attributes\": {\"step\": null, \"low\": 0.9, \"high\": 0.999, \"log\": false}}"}
{"op_code":5,"worker_id":"dfffbc70-3608-41d3-9a85-701c022e6df4-6201552896","trial_id":29,"param_name":"m","param_value_internal":35.0,"distribution":"{\"name\": \"IntDistribution\", \"attributes\": {\"log\": false, \"step\": 1, \"low\": 1, \"high\": 50}}"}
{"op_code":6,"worker_id":"dfffbc70-3608-41d3-9a85-701c022e6df4-6319337472","trial_id":14,"state":1,"values":[0.8372,2592.6],"datetime_complete":"2026-07-03T23:36:16.709945"}
{"op_code":4,"worker_id":"dfffbc70-3608-41d3-9a85-701c022e6df4-6319337472","study_id":0,"datetime_start":"2026-07-03T23:36:16.751100"}
{"op_code":5,"worker_id":"dfffbc70-3608-41d3-9a85-701c022e6df4-6319337472","trial_id":30,"param_name":"discount_rate","param_value_internal":0.9896655263912384,"distribution":"{\"name\": \"FloatDistribution\", \"attributes\": {\"step\": null, \"low\": 0.9, \"high\": 0.999, \"log\": false}}"}
{"op_code":5,"worker_id":"dfffbc70-3608-41d3-9a85-701c022e6df4-6319337472","trial_id":30,"param_name":"m","param_value_internal":35.0,"distribution":"{\"name\": \"IntDistribution\", \"attributes\": {\"log\": false, \"step\": 1, \"low\": 1, \"high\": 50}}"}
{"op_code":6,"worker_id":"dfffbc70-3608-41d3-9a85-701c022e6df4-6235205632","trial_id":21,"state":1,"values":[0.7814,2606.6],"datetime_complete":"2026-07-03T23:39:40.011384"}
{"op_code":4,"worker_id":"dfffbc70-3608-41d3-9a85-701c022e6df4-6235205632","study_id":0,"datetime_start":"2026-07-03T23:39:40.075733"}
{"op_code":5,"worker_id":"dfffbc70-3608-41d3-9a85-701c022e6df4-6235205632","trial_id":31,"param_name":"discount_rate","param_value_internal":0.995760317175266,"distribution":"{\"name\": \"FloatDistribution\", \"attributes\": {\"step\": null, \"low\": 0.9, \"high\": 0.999, \"log\": false}}"}
{"op_code":5,"worker_id":"dfffbc70-3608-41d3-9a85-701c022e6df4-6235205632","trial_id":31,"param_name":"m","param_value_internal":33.0,"distribution":"{\"name\": \"IntDistribution\", \"attributes\": {\"log\": false, \"step\": 1, \"low\": 1, \"high\": 50}}"}
{"op_code":6,"worker_id":"dfffbc70-3608-41d3-9a85-701c022e6df4-6151073792","trial_id":22,"state":1,"values":[0.7818,2321.6],"datetime_complete":"2026-07-03T23:41:40.504801"}
{"op_code":4,"worker_id":"dfffbc70-3608-41d3-9a85-701c022e6df4-6151073792","study_id":0,"datetime_start":"2026-07-03T23:41:40.608655"}
{"op_code":5,"worker_id":"dfffbc70-3608-41d3-9a85-701c022e6df4-6151073792","trial_id":32,"param_name":"discount_rate","param_value_internal":0.996344378474726,"distribution":"{\"name\": \"FloatDistribution\", \"attributes\": {\"step\": null, \"low\": 0.9, \"high\": 0.999, \"log\": false}}"}
{"op_code":5,"worker_id":"dfffbc70-3608-41d3-9a85-701c022e6df4-6151073792","trial_id":32,"param_name":"m","param_value_internal":34.0,"distribution":"{\"name\": \"IntDistribution\", \"attributes\": {\"log\": false, \"step\": 1, \"low\": 1, \"high\": 50}}"}
{"op_code":6,"worker_id":"dfffbc70-3608-41d3-9a85-701c022e6df4-6336163840","trial_id":19,"state":1,"values":[0.838,905.6],"datetime_complete":"2026-07-03T23:50:29.301879"}
{"op_code":4,"worker_id":"dfffbc70-3608-41d3-9a85-701c022e6df4-6336163840","study_id":0,"datetime_start":"2026-07-03T23:50:29.399025"}
{"op_code":5,"worker_id":"dfffbc70-3608-41d3-9a85-701c022e6df4-6336163840","trial_id":33,"param_name":"discount_rate","param_value_internal":0.9987511113774235,"distribution":"{\"name\": \"FloatDistribution\", \"attributes\": {\"step\": null, \"low\": 0.9, \"high\": 0.999, \"log\": false}}"}
{"op_code":5,"worker_id":"dfffbc70-3608-41d3-9a85-701c022e6df4-6336163840","trial_id":33,"param_name":"m","param_value_internal":18.0,"distribution":"{\"name\": \"IntDistribution\", \"attributes\": {\"log\": false, \"step\": 1, \"low\": 1, \"high\": 50}}"}
{"op_code":6,"worker_id":"dfffbc70-3608-41d3-9a85-701c022e6df4-6167900160","trial_id":23,"state":1,"values":[0.7836,3725.2],"datetime_complete":"2026-07-03T23:53:41.243748"}
{"op_code":4,"worker_id":"dfffbc70-3608-41d3-9a85-701c022e6df4-6167900160","study_id":0,"datetime_start":"2026-07-03T23:53:41.263344"}
{"op_code":5,"worker_id":"dfffbc70-3608-41d3-9a85-701c022e6df4-6167900160","trial_id":34,"param_name":"discount_rate","param_value_internal":0.9947845076485121,"distribution":"{\"name\": \"FloatDistribution\", \"attributes\": {\"step\": null, \"low\": 0.9, \"high\": 0.999, \"log\": false}}"}
{"op_code":5,"worker_id":"dfffbc70-3608-41d3-9a85-701c022e6df4-6167900160","trial_id":34,"param_name":"m","param_value_internal":19.0,"distribution":"{\"name\": \"IntDistribution\", \"attributes\": {\"log\": false, \"step\": 1, \"low\": 1, \"high\": 50}}"}
{"op_code":6,"worker_id":"dfffbc70-3608-41d3-9a85-701c022e6df4-6218379264","trial_id":15,"state":1,"values":[0.8246,2637.0],"datetime_complete":"2026-07-03T23:53:43.865624"}
{"op_code":4,"worker_id":"dfffbc70-3608-41d3-9a85-701c022e6df4-6218379264","study_id":0,"datetime_start":"2026-07-03T23:53:43.892334"}
{"op_code":5,"worker_id":"dfffbc70-3608-41d3-9a85-701c022e6df4-6218379264","trial_id":35,"param_name":"discount_rate","param_value_internal":0.9672293824153037,"distribution":"{\"name\": \"FloatDistribution\", \"attributes\": {\"step\": null, \"low\": 0.9, \"high\": 0.999, \"log\": false}}"}
{"op_code":5,"worker_id":"dfffbc70-3608-41d3-9a85-701c022e6df4-6218379264","trial_id":35,"param_name":"m","param_value_internal":20.0,"distribution":"{\"name\": \"IntDistribution\", \"attributes\": {\"log\": false, \"step\": 1, \"low\": 1, \"high\": 50}}"}
{"op_code":6,"worker_id":"dfffbc70-3608-41d3-9a85-701c022e6df4-6268858368","trial_id":24,"state":1,"values":[0.8038,2372.0],"datetime_complete":"2026-07-04T01:02:14.599005"}
{"op_code":4,"worker_id":"dfffbc70-3608-41d3-9a85-701c022e6df4-6268858368","study_id":0,"datetime_start":"2026-07-04T01:02:14.619434"}
{"op_code":5,"worker_id":"dfffbc70-3608-41d3-9a85-701c022e6df4-6268858368","trial_id":36,"param_name":"discount_rate","param_value_internal":0.9667113553972227,"distribution":"{\"name\": \"FloatDistribution\", \"attributes\": {\"step\": null, \"low\": 0.9, \"high\": 0.999, \"log\": false}}"}
{"op_code":5,"worker_id":"dfffbc70-3608-41d3-9a85-701c022e6df4-6268858368","trial_id":36,"param_name":"m","param_value_internal":19.0,"distribution":"{\"name\": \"IntDistribution\", \"attributes\": {\"log\": false, \"step\": 1, \"low\": 1, \"high\": 50}}"}
{"op_code":6,"worker_id":"dfffbc70-3608-41d3-9a85-701c022e6df4-6285684736","trial_id":26,"state":1,"values":[0.795,2127.8],"datetime_complete":"2026-07-04T01:03:04.464797"}
{"op_code":4,"worker_id":"dfffbc70-3608-41d3-9a85-701c022e6df4-6285684736","study_id":0,"datetime_start":"2026-07-04T01:03:04.505273"}
{"op_code":5,"worker_id":"dfffbc70-3608-41d3-9a85-701c022e6df4-6285684736","trial_id":37,"param_name":"discount_rate","param_value_internal":0.9705718835215112,"distribution":"{\"name\": \"FloatDistribution\", \"attributes\": {\"step\": null, \"low\": 0.9, \"high\": 0.999, \"log\": false}}"}
{"op_code":5,"worker_id":"dfffbc70-3608-41d3-9a85-701c022e6df4-6285684736","trial_id":37,"param_name":"m","param_value_internal":19.0,"distribution":"{\"name\": \"IntDistribution\", \"attributes\": {\"log\": false, \"step\": 1, \"low\": 1, \"high\": 50}}"}
{"op_code":6,"worker_id":"dfffbc70-3608-41d3-9a85-701c022e6df4-6184726528","trial_id":27,"state":1,"values":[0.7912,2225.0],"datetime_complete":"2026-07-04T01:03:49.279899"}
{"op_code":4,"worker_id":"dfffbc70-3608-41d3-9a85-701c022e6df4-6184726528","study_id":0,"datetime_start":"2026-07-04T01:03:49.301257"}
{"op_code":5,"worker_id":"dfffbc70-3608-41d3-9a85-701c022e6df4-6184726528","trial_id":38,"param_name":"discount_rate","param_value_internal":0.9730083634333468,"distribution":"{\"name\": \"FloatDistribution\", \"attributes\": {\"step\": null, \"low\": 0.9, \"high\": 0.999, \"log\": false}}"}
{"op_code":5,"worker_id":"dfffbc70-3608-41d3-9a85-701c022e6df4-6184726528","trial_id":38,"param_name":"m","param_value_internal":19.0,"distribution":"{\"name\": \"IntDistribution\", \"attributes\": {\"log\": false, \"step\": 1, \"low\": 1, \"high\": 50}}"}
{"op_code":6,"worker_id":"dfffbc70-3608-41d3-9a85-701c022e6df4-6252032000","trial_id":25,"state":1,"values":[0.8356,2018.2],"datetime_complete":"2026-07-04T01:06:09.648555"}
{"op_code":4,"worker_id":"dfffbc70-3608-41d3-9a85-701c022e6df4-6252032000","study_id":0,"datetime_start":"2026-07-04T01:06:09.666261"}
{"op_code":5,"worker_id":"dfffbc70-3608-41d3-9a85-701c022e6df4-6252032000","trial_id":39,"param_name":"discount_rate","param_value_internal":0.9760086133772551,"distribution":"{\"name\": \"FloatDistribution\", \"attributes\": {\"step\": null, \"low\": 0.9, \"high\": 0.999, \"log\": false}}"}
{"op_code":5,"worker_id":"dfffbc70-3608-41d3-9a85-701c022e6df4-6252032000","trial_id":39,"param_name":"m","param_value_internal":20.0,"distribution":"{\"name\": \"IntDistribution\", \"attributes\": {\"log\": false, \"step\": 1, \"low\": 1, \"high\": 50}}"}
{"op_code":6,"worker_id":"dfffbc70-3608-41d3-9a85-701c022e6df4-6201552896","trial_id":29,"state":1,"values":[0.8184,2189.2],"datetime_complete":"2026-07-04T01:10:39.136541"}
{"op_code":4,"worker_id":"dfffbc70-3608-41d3-9a85-701c022e6df4-6201552896","study_id":0,"datetime_start":"2026-07-04T01:10:39.152424"}
{"op_code":5,"worker_id":"dfffbc70-3608-41d3-9a85-701c022e6df4-6201552896","trial_id":40,"param_name":"discount_rate","param_value_internal":0.9730433656072384,"distribution":"{\"name\": \"FloatDistribution\", \"attributes\": {\"step\": null, \"low\": 0.9, \"high\": 0.999, \"log\": false}}"}
{"op_code":5,"worker_id":"dfffbc70-3608-41d3-9a85-701c022e6df4-6201552896","trial_id":40,"param_name":"m","param_value_internal":20.0,"distribution":"{\"name\": \"IntDistribution\", \"attributes\": {\"log\": false, \"step\": 1, \"low\": 1, \"high\": 50}}"}
{"op_code":6,"worker_id":"dfffbc70-3608-41d3-9a85-701c022e6df4-6302511104","trial_id":28,"state":1,"values":[0.8292,2217.6],"datetime_complete":"2026-07-04T01:11:46.987985"}
{"op_code":4,"worker_id":"dfffbc70-3608-41d3-9a85-701c022e6df4-6302511104","study_id":0,"datetime_start":"2026-07-04T01:11:47.114276"}
{"op_code":5,"worker_id":"dfffbc70-3608-41d3-9a85-701c022e6df4-6302511104","trial_id":41,"param_name":"discount_rate","param_value_internal":0.9701632325686289,"distribution":"{\"name\": \"FloatDistribution\", \"attributes\": {\"step\": null, \"low\": 0.9, \"high\": 0.999, \"log\": false}}"}
{"op_code":5,"worker_id":"dfffbc70-3608-41d3-9a85-701c022e6df4-6302511104","trial_id":41,"param_name":"m","param_value_internal":19.0,"distribution":"{\"name\": \"IntDistribution\", \"attributes\": {\"log\": false, \"step\": 1, \"low\": 1, \"high\": 50}}"}
{"op_code":6,"worker_id":"dfffbc70-3608-41d3-9a85-701c022e6df4-6319337472","trial_id":30,"state":1,"values":[0.8244,2127.0],"datetime_complete":"2026-07-04T01:24:43.211858"}
{"op_code":4,"worker_id":"dfffbc70-3608-41d3-9a85-701c022e6df4-6319337472","study_id":0,"datetime_start":"2026-07-04T01:24:43.237373"}
{"op_code":5,"worker_id":"dfffbc70-3608-41d3-9a85-701c022e6df4-6319337472","trial_id":42,"param_name":"discount_rate","param_value_internal":0.9710149506959026,"distribution":"{\"name\": \"FloatDistribution\", \"attributes\": {\"step\": null, \"low\": 0.9, \"high\": 0.999, \"log\": false}}"}
{"op_code":5,"worker_id":"dfffbc70-3608-41d3-9a85-701c022e6df4-6319337472","trial_id":42,"param_name":"m","param_value_internal":19.0,"distribution":"{\"name\": \"IntDistribution\", \"attributes\": {\"log\": false, \"step\": 1, \"low\": 1, \"high\": 50}}"}
{"op_code":6,"worker_id":"dfffbc70-3608-41d3-9a85-701c022e6df4-6218379264","trial_id":35,"state":1,"values":[0.7316,1572.4],"datetime_complete":"2026-07-04T01:24:53.538941"}
{"op_code":4,"worker_id":"dfffbc70-3608-41d3-9a85-701c022e6df4-6218379264","study_id":0,"datetime_start":"2026-07-04T01:24:53.620459"}
{"op_code":5,"worker_id":"dfffbc70-3608-41d3-9a85-701c022e6df4-6218379264","trial_id":43,"param_name":"discount_rate","param_value_internal":0.9706844279260032,"distribution":"{\"name\": \"FloatDistribution\", \"attributes\": {\"step\": null, \"low\": 0.9, \"high\": 0.999, \"log\": false}}"}
{"op_code":5,"worker_id":"dfffbc70-3608-41d3-9a85-701c022e6df4-6218379264","trial_id":43,"param_name":"m","param_value_internal":19.0,"distribution":"{\"name\": \"IntDistribution\", \"attributes\": {\"log\": false, \"step\": 1, \"low\": 1, \"high\": 50}}"}
{"op_code":6,"worker_id":"dfffbc70-3608-41d3-9a85-701c022e6df4-6235205632","trial_id":31,"state":1,"values":[0.8524,1916.0],"datetime_complete":"2026-07-04T01:33:02.672431"}
{"op_code":4,"worker_id":"dfffbc70-3608-41d3-9a85-701c022e6df4-6235205632","study_id":0,"datetime_start":"2026-07-04T01:33:02.721087"}
{"op_code":5,"worker_id":"dfffbc70-3608-41d3-9a85-701c022e6df4-6235205632","trial_id":44,"param_name":"discount_rate","param_value_internal":0.9722938356683076,"distribution":"{\"name\": \"FloatDistribution\", \"attributes\": {\"step\": null, \"low\": 0.9, \"high\": 0.999, \"log\": false}}"}
{"op_code":5,"worker_id":"dfffbc70-3608-41d3-9a85-701c022e6df4-6235205632","trial_id":44,"param_name":"m","param_value_internal":22.0,"distribution":"{\"name\": \"IntDistribution\", \"attributes\": {\"log\": false, \"step\": 1, \"low\": 1, \"high\": 50}}"}
{"op_code":6,"worker_id":"dfffbc70-3608-41d3-9a85-701c022e6df4-6151073792","trial_id":32,"state":1,"values":[0.8846,1994.6],"datetime_complete":"2026-07-04T01:36:13.596241"}
{"op_code":4,"worker_id":"dfffbc70-3608-41d3-9a85-701c022e6df4-6151073792","study_id":0,"datetime_start":"2026-07-04T01:36:13.617596"}
{"op_code":5,"worker_id":"dfffbc70-3608-41d3-9a85-701c022e6df4-6151073792","trial_id":45,"param_name":"discount_rate","param_value_internal":0.9761859907859652,"distribution":"{\"name\": \"FloatDistribution\", \"attributes\": {\"step\": null, \"low\": 0.9, \"high\": 0.999, \"log\": false}}"}
{"op_code":5,"worker_id":"dfffbc70-3608-41d3-9a85-701c022e6df4-6151073792","trial_id":45,"param_name":"m","param_value_internal":30.0,"distribution":"{\"name\": \"IntDistribution\", \"attributes\": {\"log\": false, \"step\": 1, \"low\": 1, \"high\": 50}}"}
{"op_code":6,"worker_id":"dfffbc70-3608-41d3-9a85-701c022e6df4-6167900160","trial_id":34,"state":1,"values":[0.876,1219.2],"datetime_complete":"2026-07-04T01:42:40.225522"}
{"op_code":4,"worker_id":"dfffbc70-3608-41d3-9a85-701c022e6df4-6167900160","study_id":0,"datetime_start":"2026-07-04T01:42:40.237927"}
{"op_code":5,"worker_id":"dfffbc70-3608-41d3-9a85-701c022e6df4-6167900160","trial_id":46,"param_name":"discount_rate","param_value_internal":0.9734141354507818,"distribution":"{\"name\": \"FloatDistribution\", \"attributes\": {\"step\": null, \"low\": 0.9, \"high\": 0.999, \"log\": false}}"}
{"op_code":5,"worker_id":"dfffbc70-3608-41d3-9a85-701c022e6df4-6167900160","trial_id":46,"param_name":"m","param_value_internal":19.0,"distribution":"{\"name\": \"IntDistribution\", \"attributes\": {\"log\": false, \"step\": 1, \"low\": 1, \"high\": 50}}"}
{"op_code":6,"worker_id":"dfffbc70-3608-41d3-9a85-701c022e6df4-6336163840","trial_id":33,"state":1,"values":[0.899,1054.2],"datetime_complete":"2026-07-04T01:47:01.047831"}
{"op_code":4,"worker_id":"dfffbc70-3608-41d3-9a85-701c022e6df4-6336163840","study_id":0,"datetime_start":"2026-07-04T01:47:01.063874"}
{"op_code":5,"worker_id":"dfffbc70-3608-41d3-9a85-701c022e6df4-6336163840","trial_id":47,"param_name":"discount_rate","param_value_internal":0.9738944265998669,"distribution":"{\"name\": \"FloatDistribution\", \"attributes\": {\"step\": null, \"low\": 0.9, \"high\": 0.999, \"log\": false}}"}
{"op_code":5,"worker_id":"dfffbc70-3608-41d3-9a85-701c022e6df4-6336163840","trial_id":47,"param_name":"m","param_value_internal":18.0,"distribution":"{\"name\": \"IntDistribution\", \"attributes\": {\"log\": false, \"step\": 1, \"low\": 1, \"high\": 50}}"}
{"op_code":6,"worker_id":"dfffbc70-3608-41d3-9a85-701c022e6df4-6268858368","trial_id":36,"state":1,"values":[0.665,4839.4],"datetime_complete":"2026-07-04T02:05:19.189322"}
{"op_code":4,"worker_id":"dfffbc70-3608-41d3-9a85-701c022e6df4-6268858368","study_id":0,"datetime_start":"2026-07-04T02:05:19.218217"}
{"op_code":5,"worker_id":"dfffbc70-3608-41d3-9a85-701c022e6df4-6268858368","trial_id":48,"param_name":"discount_rate","param_value_internal":0.9735108203479322,"distribution":"{\"name\": \"FloatDistribution\", \"attributes\": {\"step\": null, \"low\": 0.9, \"high\": 0.999, \"log\": false}}"}
{"op_code":5,"worker_id":"dfffbc70-3608-41d3-9a85-701c022e6df4-6268858368","trial_id":48,"param_name":"m","param_value_internal":17.0,"distribution":"{\"name\": \"IntDistribution\", \"attributes\": {\"log\": false, \"step\": 1, \"low\": 1, \"high\": 50}}"}
{"op_code":6,"worker_id":"dfffbc70-3608-41d3-9a85-701c022e6df4-6285684736","trial_id":37,"state":1,"values":[0.6746,4529.0],"datetime_complete":"2026-07-04T02:06:50.397349"}
{"op_code":4,"worker_id":"dfffbc70-3608-41d3-9a85-701c022e6df4-6285684736","study_id":0,"datetime_start":"2026-07-04T02:06:50.436753"}
{"op_code":5,"worker_id":"dfffbc70-3608-41d3-9a85-701c022e6df4-6285684736","trial_id":49,"param_name":"discount_rate","param_value_internal":0.9748721591086134,"distribution":"{\"name\": \"FloatDistribution\", \"attributes\": {\"step\": null, \"low\": 0.9, \"high\": 0.999, \"log\": false}}"}
{"op_code":5,"worker_id":"dfffbc70-3608-41d3-9a85-701c022e6df4-6285684736","trial_id":49,"param_name":"m","param_value_internal":30.0,"distribution":"{\"name\": \"IntDistribution\", \"attributes\": {\"log\": false, \"step\": 1, \"low\": 1, \"high\": 50}}"}
{"op_code":6,"worker_id":"dfffbc70-3608-41d3-9a85-701c022e6df4-6184726528","trial_id":38,"state":1,"values":[0.7304,3167.4],"datetime_complete":"2026-07-04T02:09:25.179333"}
{"op_code":4,"worker_id":"dfffbc70-3608-41d3-9a85-701c022e6df4-6184726528","study_id":0,"datetime_start":"2026-07-04T02:09:25.196258"}
{"op_code":5,"worker_id":"dfffbc70-3608-41d3-9a85-701c022e6df4-6184726528","trial_id":50,"param_name":"discount_rate","param_value_internal":0.9779659012902139,"distribution":"{\"name\": \"FloatDistribution\", \"attributes\": {\"step\": null, \"low\": 0.9, \"high\": 0.999, \"log\": false}}"}
{"op_code":5,"worker_id":"dfffbc70-3608-41d3-9a85-701c022e6df4-6184726528","trial_id":50,"param_name":"m","param_value_internal":30.0,"distribution":"{\"name\": \"IntDistribution\", \"attributes\": {\"log\": false, \"step\": 1, \"low\": 1, \"high\": 50}}"}
{"op_code":6,"worker_id":"dfffbc70-3608-41d3-9a85-701c022e6df4-6252032000","trial_id":39,"state":1,"values":[0.7296,1647.4],"datetime_complete":"2026-07-04T02:11:52.162476"}
{"op_code":4,"worker_id":"dfffbc70-3608-41d3-9a85-701c022e6df4-6252032000","study_id":0,"datetime_start":"2026-07-04T02:11:52.190607"}
{"op_code":5,"worker_id":"dfffbc70-3608-41d3-9a85-701c022e6df4-6252032000","trial_id":51,"param_name":"discount_rate","param_value_internal":0.9989229576144649,"distribution":"{\"name\": \"FloatDistribution\", \"attributes\": {\"step\": null, \"low\": 0.9, \"high\": 0.999, \"log\": false}}"}
{"op_code":5,"worker_id":"dfffbc70-3608-41d3-9a85-701c022e6df4-6252032000","trial_id":51,"param_name":"m","param_value_internal":29.0,"distribution":"{\"name\": \"IntDistribution\", \"attributes\": {\"log\": false, \"step\": 1, \"low\": 1, \"high\": 50}}"}
{"op_code":6,"worker_id":"dfffbc70-3608-41d3-9a85-701c022e6df4-6201552896","trial_id":40,"state":1,"values":[0.6588,4924.0],"datetime_complete":"2026-07-04T02:14:32.211419"}
{"op_code":4,"worker_id":"dfffbc70-3608-41d3-9a85-701c022e6df4-6201552896","study_id":0,"datetime_start":"2026-07-04T02:14:32.294290"}
{"op_code":5,"worker_id":"dfffbc70-3608-41d3-9a85-701c022e6df4-6201552896","trial_id":52,"param_name":"discount_rate","param_value_internal":0.9986715107845298,"distribution":"{\"name\": \"FloatDistribution\", \"attributes\": {\"step\": null, \"low\": 0.9, \"high\": 0.999, \"log\": false}}"}
{"op_code":5,"worker_id":"dfffbc70-3608-41d3-9a85-701c022e6df4-6201552896","trial_id":52,"param_name":"m","param_value_internal":9.0,"distribution":"{\"name\": \"IntDistribution\", \"attributes\": {\"log\": false, \"step\": 1, \"low\": 1, \"high\": 50}}"}
{"op_code":6,"worker_id":"dfffbc70-3608-41d3-9a85-701c022e6df4-6302511104","trial_id":41,"state":1,"values":[0.7324,1736.0],"datetime_complete":"2026-07-04T02:18:55.651831"}
{"op_code":4,"worker_id":"dfffbc70-3608-41d3-9a85-701c022e6df4-6302511104","study_id":0,"datetime_start":"2026-07-04T02:18:55.677920"}
{"op_code":5,"worker_id":"dfffbc70-3608-41d3-9a85-701c022e6df4-6302511104","trial_id":53,"param_name":"discount_rate","param_value_internal":0.9987920494844579,"distribution":"{\"name\": \"FloatDistribution\", \"attributes\": {\"step\": null, \"low\": 0.9, \"high\": 0.999, \"log\": false}}"}
{"op_code":5,"worker_id":"dfffbc70-3608-41d3-9a85-701c022e6df4-6302511104","trial_id":53,"param_name":"m","param_value_internal":10.0,"distribution":"{\"name\": \"IntDistribution\", \"attributes\": {\"log\": false, \"step\": 1, \"low\": 1, \"high\": 50}}"}
{"op_code":6,"worker_id":"dfffbc70-3608-41d3-9a85-701c022e6df4-6319337472","trial_id":42,"state":1,"values":[0.6912,3391.6],"datetime_complete":"2026-07-04T02:27:54.792843"}
{"op_code":4,"worker_id":"dfffbc70-3608-41d3-9a85-701c022e6df4-6319337472","study_id":0,"datetime_start":"2026-07-04T02:27:54.809887"}
{"op_code":5,"worker_id":"dfffbc70-3608-41d3-9a85-701c022e6df4-6319337472","trial_id":54,"param_name":"discount_rate","param_value_internal":0.9981315436841938,"distribution":"{\"name\": \"FloatDistribution\", \"attributes\": {\"step\": null, \"low\": 0.9, \"high\": 0.999, \"log\": false}}"}
{"op_code":5,"worker_id":"dfffbc70-3608-41d3-9a85-701c022e6df4-6319337472","trial_id":54,"param_name":"m","param_value_internal":10.0,"distribution":"{\"name\": \"IntDistribution\", \"attributes\": {\"log\": false, \"step\": 1, \"low\": 1, \"high\": 50}}"}
{"op_code":6,"worker_id":"dfffbc70-3608-41d3-9a85-701c022e6df4-6218379264","trial_id":43,"state":1,"values":[0.7146,1743.2],"datetime_complete":"2026-07-04T02:29:14.720957"}
{"op_code":4,"worker_id":"dfffbc70-3608-41d3-9a85-701c022e6df4-6218379264","study_id":0,"datetime_start":"2026-07-04T02:29:14.985521"}
{"op_code":5,"worker_id":"dfffbc70-3608-41d3-9a85-701c022e6df4-6218379264","trial_id":55,"param_name":"discount_rate","param_value_internal":0.9985395942788102,"distribution":"{\"name\": \"FloatDistribution\", \"attributes\": {\"step\": null, \"low\": 0.9, \"high\": 0.999, \"log\": false}}"}
{"op_code":5,"worker_id":"dfffbc70-3608-41d3-9a85-701c022e6df4-6218379264","trial_id":55,"param_name":"m","param_value_internal":9.0,"distribution":"{\"name\": \"IntDistribution\", \"attributes\": {\"log\": false, \"step\": 1, \"low\": 1, \"high\": 50}}"}
{"op_code":6,"worker_id":"dfffbc70-3608-41d3-9a85-701c022e6df4-6235205632","trial_id":44,"state":1,"values":[0.7044,3307.0],"datetime_complete":"2026-07-04T02:37:55.296145"}
{"op_code":4,"worker_id":"dfffbc70-3608-41d3-9a85-701c022e6df4-6235205632","study_id":0,"datetime_start":"2026-07-04T02:37:55.312556"}
{"op_code":5,"worker_id":"dfffbc70-3608-41d3-9a85-701c022e6df4-6235205632","trial_id":56,"param_name":"discount_rate","param_value_internal":0.9985639142762007,"distribution":"{\"name\": \"FloatDistribution\", \"attributes\": {\"step\": null, \"low\": 0.9, \"high\": 0.999, \"log\": false}}"}
{"op_code":5,"worker_id":"dfffbc70-3608-41d3-9a85-701c022e6df4-6235205632","trial_id":56,"param_name":"m","param_value_internal":10.0,"distribution":"{\"name\": \"IntDistribution\", \"attributes\": {\"log\": false, \"step\": 1, \"low\": 1, \"high\": 50}}"}
{"op_code":6,"worker_id":"dfffbc70-3608-41d3-9a85-701c022e6df4-6151073792","trial_id":45,"state":1,"values":[0.76,2080.6],"datetime_complete":"2026-07-04T02:45:50.595616"}
{"op_code":4,"worker_id":"dfffbc70-3608-41d3-9a85-701c022e6df4-6151073792","study_id":0,"datetime_start":"2026-07-04T02:45:50.623773"}
{"op_code":5,"worker_id":"dfffbc70-3608-41d3-9a85-701c022e6df4-6151073792","trial_id":57,"param_name":"discount_rate","param_value_internal":0.9978431918865178,"distribution":"{\"name\": \"FloatDistribution\", \"attributes\": {\"step\": null, \"low\": 0.9, \"high\": 0.999, \"log\": false}}"}
{"op_code":5,"worker_id":"dfffbc70-3608-41d3-9a85-701c022e6df4-6151073792","trial_id":57,"param_name":"m","param_value_internal":16.0,"distribution":"{\"name\": \"IntDistribution\", \"attributes\": {\"log\": false, \"step\": 1, \"low\": 1, \"high\": 50}}"}
{"op_code":6,"worker_id":"dfffbc70-3608-41d3-9a85-701c022e6df4-6167900160","trial_id":46,"state":1,"values":[0.6446,4931.0],"datetime_complete":"2026-07-04T02:51:19.005487"}
{"op_code":4,"worker_id":"dfffbc70-3608-41d3-9a85-701c022e6df4-6167900160","study_id":0,"datetime_start":"2026-07-04T02:51:19.022360"}
{"op_code":5,"worker_id":"dfffbc70-3608-41d3-9a85-701c022e6df4-6167900160","trial_id":58,"param_name":"discount_rate","param_value_internal":0.997302521794861,"distribution":"{\"name\": \"FloatDistribution\", \"attributes\": {\"step\": null, \"low\": 0.9, \"high\": 0.999, \"log\": false}}"}
{"op_code":5,"worker_id":"dfffbc70-3608-41d3-9a85-701c022e6df4-6167900160","trial_id":58,"param_name":"m","param_value_internal":10.0,"distribution":"{\"name\": \"IntDistribution\", \"attributes\": {\"log\": false, \"step\": 1, \"low\": 1, \"high\": 50}}"}
{"op_code":6,"worker_id":"dfffbc70-3608-41d3-9a85-701c022e6df4-6336163840","trial_id":47,"state":1,"values":[0.7134,3084.4],"datetime_complete":"2026-07-04T03:00:12.732250"}
{"op_code":4,"worker_id":"dfffbc70-3608-41d3-9a85-701c022e6df4-6336163840","study_id":0,"datetime_start":"2026-07-04T03:00:12.792950"}
{"op_code":5,"worker_id":"dfffbc70-3608-41d3-9a85-701c022e6df4-6336163840","trial_id":59,"param_name":"discount_rate","param_value_internal":0.9985292655099434,"distribution":"{\"name\": \"FloatDistribution\", \"attributes\": {\"step\": null, \"low\": 0.9, \"high\": 0.999, \"log\": false}}"}
{"op_code":5,"worker_id":"dfffbc70-3608-41d3-9a85-701c022e6df4-6336163840","trial_id":59,"param_name":"m","param_value_internal":10.0,"distribution":"{\"name\": \"IntDistribution\", \"attributes\": {\"log\": false, \"step\": 1, \"low\": 1, \"high\": 50}}"}
{"op_code":6,"worker_id":"dfffbc70-3608-41d3-9a85-701c022e6df4-6268858368","trial_id":48,"state":1,"values":[0.691,3072.8],"datetime_complete":"2026-07-04T03:25:41.549081"}
{"op_code":4,"worker_id":"dfffbc70-3608-41d3-9a85-701c022e6df4-6268858368","study_id":0,"datetime_start":"2026-07-04T03:25:41.562837"}
{"op_code":5,"worker_id":"dfffbc70-3608-41d3-9a85-701c022e6df4-6268858368","trial_id":60,"param_name":"discount_rate","param_value_internal":0.9986820979710325,"distribution":"{\"name\": \"FloatDistribution\", \"attributes\": {\"step\": null, \"low\": 0.9, \"high\": 0.999, \"log\": false}}"}
{"op_code":5,"worker_id":"dfffbc70-3608-41d3-9a85-701c022e6df4-6268858368","trial_id":60,"param_name":"m","param_value_internal":10.0,"distribution":"{\"name\": \"IntDistribution\", \"attributes\": {\"log\": false, \"step\": 1, \"low\": 1, \"high\": 50}}"}
{"op_code":6,"worker_id":"dfffbc70-3608-41d3-9a85-701c022e6df4-6285684736","trial_id":49,"state":1,"values":[0.7294,2004.2],"datetime_complete":"2026-07-04T03:30:21.934463"}
{"op_code":4,"worker_id":"dfffbc70-3608-41d3-9a85-701c022e6df4-6285684736","study_id":0,"datetime_start":"2026-07-04T03:30:21.948805"}
{"op_code":5,"worker_id":"dfffbc70-3608-41d3-9a85-701c022e6df4-6285684736","trial_id":61,"param_name":"discount_rate","param_value_internal":0.9942640397447194,"distribution":"{\"name\": \"FloatDistribution\", \"attributes\": {\"step\": null, \"low\": 0.9, \"high\": 0.999, \"log\": false}}"}
{"op_code":5,"worker_id":"dfffbc70-3608-41d3-9a85-701c022e6df4-6285684736","trial_id":61,"param_name":"m","param_value_internal":9.0,"distribution":"{\"name\": \"IntDistribution\", \"attributes\": {\"log\": false, \"step\": 1, \"low\": 1, \"high\": 50}}"}
{"op_code":6,"worker_id":"dfffbc70-3608-41d3-9a85-701c022e6df4-6184726528","trial_id":50,"state":1,"values":[0.7252,3657.4],"datetime_complete":"2026-07-04T03:34:16.148559"}
{"op_code":4,"worker_id":"dfffbc70-3608-41d3-9a85-701c022e6df4-6184726528","study_id":0,"datetime_start":"2026-07-04T03:34:16.167367"}
{"op_code":5,"worker_id":"dfffbc70-3608-41d3-9a85-701c022e6df4-6184726528","trial_id":62,"param_name":"discount_rate","param_value_internal":0.9981704239316044,"distribution":"{\"name\": \"FloatDistribution\", \"attributes\": {\"step\": null, \"low\": 0.9, \"high\": 0.999, \"log\": false}}"}
{"op_code":5,"worker_id":"dfffbc70-3608-41d3-9a85-701c022e6df4-6184726528","trial_id":62,"param_name":"m","param_value_internal":10.0,"distribution":"{\"name\": \"IntDistribution\", \"attributes\": {\"log\": false, \"step\": 1, \"low\": 1, \"high\": 50}}"}
{"op_code":6,"worker_id":"dfffbc70-3608-41d3-9a85-701c022e6df4-6201552896","trial_id":52,"state":1,"values":[0.8866,588.8],"datetime_complete":"2026-07-04T04:04:28.200451"}
{"op_code":4,"worker_id":"dfffbc70-3608-41d3-9a85-701c022e6df4-6201552896","study_id":0,"datetime_start":"2026-07-04T04:04:28.218713"}
{"op_code":5,"worker_id":"dfffbc70-3608-41d3-9a85-701c022e6df4-6201552896","trial_id":63,"param_name":"discount_rate","param_value_internal":0.9989859250982733,"distribution":"{\"name\": \"FloatDistribution\", \"attributes\": {\"step\": null, \"low\": 0.9, \"high\": 0.999, \"log\": false}}"}
{"op_code":5,"worker_id":"dfffbc70-3608-41d3-9a85-701c022e6df4-6201552896","trial_id":63,"param_name":"m","param_value_internal":8.0,"distribution":"{\"name\": \"IntDistribution\", \"attributes\": {\"log\": false, \"step\": 1, \"low\": 1, \"high\": 50}}"}
{"op_code":6,"worker_id":"dfffbc70-3608-41d3-9a85-701c022e6df4-6252032000","trial_id":51,"state":1,"values":[0.9006,1687.4],"datetime_complete":"2026-07-04T04:07:16.923200"}
{"op_code":4,"worker_id":"dfffbc70-3608-41d3-9a85-701c022e6df4-6252032000","study_id":0,"datetime_start":"2026-07-04T04:07:16.941611"}
{"op_code":5,"worker_id":"dfffbc70-3608-41d3-9a85-701c022e6df4-6252032000","trial_id":64,"param_name":"discount_rate","param_value_internal":0.9944181699068172,"distribution":"{\"name\": \"FloatDistribution\", \"attributes\": {\"step\": null, \"low\": 0.9, \"high\": 0.999, \"log\": false}}"}
{"op_code":5,"worker_id":"dfffbc70-3608-41d3-9a85-701c022e6df4-6252032000","trial_id":64,"param_name":"m","param_value_internal":8.0,"distribution":"{\"name\": \"IntDistribution\", \"attributes\": {\"log\": false, \"step\": 1, \"low\": 1, \"high\": 50}}"}
{"op_code":6,"worker_id":"dfffbc70-3608-41d3-9a85-701c022e6df4-6302511104","trial_id":53,"state":1,"values":[0.8906,638.0],"datetime_complete":"2026-07-04T04:10:31.749324"}
{"op_code":4,"worker_id":"dfffbc70-3608-41d3-9a85-701c022e6df4-6302511104","study_id":0,"datetime_start":"2026-07-04T04:10:31.815821"}
{"op_code":5,"worker_id":"dfffbc70-3608-41d3-9a85-701c022e6df4-6302511104","trial_id":65,"param_name":"discount_rate","param_value_internal":0.9989285975258237,"distribution":"{\"name\": \"FloatDistribution\", \"attributes\": {\"step\": null, \"low\": 0.9, \"high\": 0.999, \"log\": false}}"}
{"op_code":5,"worker_id":"dfffbc70-3608-41d3-9a85-701c022e6df4-6302511104","trial_id":65,"param_name":"m","param_value_internal":8.0,"distribution":"{\"name\": \"IntDistribution\", \"attributes\": {\"log\": false, \"step\": 1, \"low\": 1, \"high\": 50}}"}
{"op_code":6,"worker_id":"dfffbc70-3608-41d3-9a85-701c022e6df4-6319337472","trial_id":54,"state":1,"values":[0.8864,658.4],"datetime_complete":"2026-07-04T04:18:08.389035"}
{"op_code":4,"worker_id":"dfffbc70-3608-41d3-9a85-701c022e6df4-6319337472","study_id":0,"datetime_start":"2026-07-04T04:18:08.411127"}
{"op_code":5,"worker_id":"dfffbc70-3608-41d3-9a85-701c022e6df4-6319337472","trial_id":66,"param_name":"discount_rate","param_value_internal":0.9987376819349136,"distribution":"{\"name\": \"FloatDistribution\", \"attributes\": {\"step\": null, \"low\": 0.9, \"high\": 0.999, \"log\": false}}"}
{"op_code":5,"worker_id":"dfffbc70-3608-41d3-9a85-701c022e6df4-6319337472","trial_id":66,"param_name":"m","param_value_internal":10.0,"distribution":"{\"name\": \"IntDistribution\", \"attributes\": {\"log\": false, \"step\": 1, \"low\": 1, \"high\": 50}}"}
{"op_code":6,"worker_id":"dfffbc70-3608-41d3-9a85-701c022e6df4-6218379264","trial_id":55,"state":1,"values":[0.892,590.0],"datetime_complete":"2026-07-04T04:21:46.963594"}
{"op_code":4,"worker_id":"dfffbc70-3608-41d3-9a85-701c022e6df4-6218379264","study_id":0,"datetime_start":"2026-07-04T04:21:46.981283"}
{"op_code":5,"worker_id":"dfffbc70-3608-41d3-9a85-701c022e6df4-6218379264","trial_id":67,"param_name":"discount_rate","param_value_internal":0.9001128187884614,"distribution":"{\"name\": \"FloatDistribution\", \"attributes\": {\"step\": null, \"low\": 0.9, \"high\": 0.999, \"log\": false}}"}
{"op_code":5,"worker_id":"dfffbc70-3608-41d3-9a85-701c022e6df4-6218379264","trial_id":67,"param_name":"m","param_value_internal":9.0,"distribution":"{\"name\": \"IntDistribution\", \"attributes\": {\"log\": false, \"step\": 1, \"low\": 1, \"high\": 50}}"}
{"op_code":6,"worker_id":"dfffbc70-3608-41d3-9a85-701c022e6df4-6235205632","trial_id":56,"state":1,"values":[0.9,651.8],"datetime_complete":"2026-07-04T04:28:54.268798"}
{"op_code":4,"worker_id":"dfffbc70-3608-41d3-9a85-701c022e6df4-6235205632","study_id":0,"datetime_start":"2026-07-04T04:28:54.284670"}
{"op_code":5,"worker_id":"dfffbc70-3608-41d3-9a85-701c022e6df4-6235205632","trial_id":68,"param_name":"discount_rate","param_value_internal":0.9255197206472371,"distribution":"{\"name\": \"FloatDistribution\", \"attributes\": {\"step\": null, \"low\": 0.9, \"high\": 0.999, \"log\": false}}"}
{"op_code":5,"worker_id":"dfffbc70-3608-41d3-9a85-701c022e6df4-6235205632","trial_id":68,"param_name":"m","param_value_internal":7.0,"distribution":"{\"name\": \"IntDistribution\", \"attributes\": {\"log\": false, \"step\": 1, \"low\": 1, \"high\": 50}}"}
{"op_code":6,"worker_id":"dfffbc70-3608-41d3-9a85-701c022e6df4-6151073792","trial_id":57,"state":1,"values":[0.889,960.8],"datetime_complete":"2026-07-04T04:31:19.318753"}
{"op_code":4,"worker_id":"dfffbc70-3608-41d3-9a85-701c022e6df4-6151073792","study_id":0,"datetime_start":"2026-07-04T04:31:19.337342"}
{"op_code":5,"worker_id":"dfffbc70-3608-41d3-9a85-701c022e6df4-6151073792","trial_id":69,"param_name":"discount_rate","param_value_internal":0.9171836931360609,"distribution":"{\"name\": \"FloatDistribution\", \"attributes\": {\"step\": null, \"low\": 0.9, \"high\": 0.999, \"log\": false}}"}
{"op_code":5,"worker_id":"dfffbc70-3608-41d3-9a85-701c022e6df4-6151073792","trial_id":69,"param_name":"m","param_value_internal":9.0,"distribution":"{\"name\": \"IntDistribution\", \"attributes\": {\"log\": false, \"step\": 1, \"low\": 1, \"high\": 50}}"}
{"op_code":6,"worker_id":"dfffbc70-3608-41d3-9a85-701c022e6df4-6167900160","trial_id":58,"state":1,"values":[0.886,638.6],"datetime_complete":"2026-07-04T04:31:53.401771"}
{"op_code":4,"worker_id":"dfffbc70-3608-41d3-9a85-701c022e6df4-6167900160","study_id":0,"datetime_start":"2026-07-04T04:31:53.418139"}
{"op_code":5,"worker_id":"dfffbc70-3608-41d3-9a85-701c022e6df4-6167900160","trial_id":70,"param_name":"discount_rate","param_value_internal":0.9252910444450193,"distribution":"{\"name\": \"FloatDistribution\", \"attributes\": {\"step\": null, \"low\": 0.9, \"high\": 0.999, \"log\": false}}"}
{"op_code":5,"worker_id":"dfffbc70-3608-41d3-9a85-701c022e6df4-6167900160","trial_id":70,"param_name":"m","param_value_internal":1.0,"distribution":"{\"name\": \"IntDistribution\", \"attributes\": {\"log\": false, \"step\": 1, \"low\": 1, \"high\": 50}}"}
{"op_code":6,"worker_id":"dfffbc70-3608-41d3-9a85-701c022e6df4-6336163840","trial_id":59,"state":1,"values":[0.8882,683.0],"datetime_complete":"2026-07-04T04:40:20.405936"}
{"op_code":4,"worker_id":"dfffbc70-3608-41d3-9a85-701c022e6df4-6336163840","study_id":0,"datetime_start":"2026-07-04T04:40:20.423936"}
{"op_code":5,"worker_id":"dfffbc70-3608-41d3-9a85-701c022e6df4-6336163840","trial_id":71,"param_name":"discount_rate","param_value_internal":0.9006205153283324,"distribution":"{\"name\": \"FloatDistribution\", \"attributes\": {\"step\": null, \"low\": 0.9, \"high\": 0.999, \"log\": false}}"}
{"op_code":5,"worker_id":"dfffbc70-3608-41d3-9a85-701c022e6df4-6336163840","trial_id":71,"param_name":"m","param_value_internal":2.0,"distribution":"{\"name\": \"IntDistribution\", \"attributes\": {\"log\": false, \"step\": 1, \"low\": 1, \"high\": 50}}"}
{"op_code":6,"worker_id":"dfffbc70-3608-41d3-9a85-701c022e6df4-6285684736","trial_id":61,"state":1,"values":[0.8248,589.4],"datetime_complete":"2026-07-04T04:47:34.414725"}
{"op_code":4,"worker_id":"dfffbc70-3608-41d3-9a85-701c022e6df4-6285684736","study_id":0,"datetime_start":"2026-07-04T04:47:34.444121"}
{"op_code":5,"worker_id":"dfffbc70-3608-41d3-9a85-701c022e6df4-6285684736","trial_id":72,"param_name":"discount_rate","param_value_internal":0.9019872702226901,"distribution":"{\"name\": \"FloatDistribution\", \"attributes\": {\"step\": null, \"low\": 0.9, \"high\": 0.999, \"log\": false}}"}
{"op_code":5,"worker_id":"dfffbc70-3608-41d3-9a85-701c022e6df4-6285684736","trial_id":72,"param_name":"m","param_value_internal":1.0,"distribution":"{\"name\": \"IntDistribution\", \"attributes\": {\"log\": false, \"step\": 1, \"low\": 1, \"high\": 50}}"}
{"op_code":6,"worker_id":"dfffbc70-3608-41d3-9a85-701c022e6df4-6268858368","trial_id":60,"state":1,"values":[0.9008,619.8],"datetime_complete":"2026-07-04T04:59:30.301448"}
{"op_code":4,"worker_id":"dfffbc70-3608-41d3-9a85-701c022e6df4-6268858368","study_id":0,"datetime_start":"2026-07-04T04:59:30.314361"}
{"op_code":5,"worker_id":"dfffbc70-3608-41d3-9a85-701c022e6df4-6268858368","trial_id":73,"param_name":"discount_rate","param_value_internal":0.9262068626502918,"distribution":"{\"name\": \"FloatDistribution\", \"attributes\": {\"step\": null, \"low\": 0.9, \"high\": 0.999, \"log\": false}}"}
{"op_code":5,"worker_id":"dfffbc70-3608-41d3-9a85-701c022e6df4-6268858368","trial_id":73,"param_name":"m","param_value_internal":1.0,"distribution":"{\"name\": \"IntDistribution\", \"attributes\": {\"log\": false, \"step\": 1, \"low\": 1, \"high\": 50}}"}
{"op_code":6,"worker_id":"dfffbc70-3608-41d3-9a85-701c022e6df4-6184726528","trial_id":62,"state":1,"values":[0.8914,615.6],"datetime_complete":"2026-07-04T05:01:15.076692"}
{"op_code":4,"worker_id":"dfffbc70-3608-41d3-9a85-701c022e6df4-6184726528","study_id":0,"datetime_start":"2026-07-04T05:01:15.093904"}
{"op_code":5,"worker_id":"dfffbc70-3608-41d3-9a85-701c022e6df4-6184726528","trial_id":74,"param_name":"discount_rate","param_value_internal":0.9263384806904679,"distribution":"{\"name\": \"FloatDistribution\", \"attributes\": {\"step\": null, \"low\": 0.9, \"high\": 0.999, \"log\": false}}"}
{"op_code":5,"worker_id":"dfffbc70-3608-41d3-9a85-701c022e6df4-6184726528","trial_id":74,"param_name":"m","param_value_internal":6.0,"distribution":"{\"name\": \"IntDistribution\", \"attributes\": {\"log\": false, \"step\": 1, \"low\": 1, \"high\": 50}}"}
{"op_code":6,"worker_id":"dfffbc70-3608-41d3-9a85-701c022e6df4-6218379264","trial_id":67,"state":1,"values":[0.445,10000.0],"datetime_complete":"2026-07-04T05:04:08.799723"}
{"op_code":4,"worker_id":"dfffbc70-3608-41d3-9a85-701c022e6df4-6218379264","study_id":0,"datetime_start":"2026-07-04T05:04:08.821056"}
{"op_code":5,"worker_id":"dfffbc70-3608-41d3-9a85-701c022e6df4-6218379264","trial_id":75,"param_name":"discount_rate","param_value_internal":0.934569699981473,"distribution":"{\"name\": \"FloatDistribution\", \"attributes\": {\"step\": null, \"low\": 0.9, \"high\": 0.999, \"log\": false}}"}
{"op_code":5,"worker_id":"dfffbc70-3608-41d3-9a85-701c022e6df4-6218379264","trial_id":75,"param_name":"m","param_value_internal":5.0,"distribution":"{\"name\": \"IntDistribution\", \"attributes\": {\"log\": false, \"step\": 1, \"low\": 1, \"high\": 50}}"}
{"op_code":6,"worker_id":"dfffbc70-3608-41d3-9a85-701c022e6df4-6167900160","trial_id":70,"state":1,"values":[0.2144,10000.0],"datetime_complete":"2026-07-04T05:09:38.774085"}
{"op_code":4,"worker_id":"dfffbc70-3608-41d3-9a85-701c022e6df4-6167900160","study_id":0,"datetime_start":"2026-07-04T05:09:38.789648"}
{"op_code":5,"worker_id":"dfffbc70-3608-41d3-9a85-701c022e6df4-6167900160","trial_id":76,"param_name":"discount_rate","param_value_internal":0.9926311586468293,"distribution":"{\"name\": \"FloatDistribution\", \"attributes\": {\"step\": null, \"low\": 0.9, \"high\": 0.999, \"log\": false}}"}
{"op_code":5,"worker_id":"dfffbc70-3608-41d3-9a85-701c022e6df4-6167900160","trial_id":76,"param_name":"m","param_value_internal":6.0,"distribution":"{\"name\": \"IntDistribution\", \"attributes\": {\"log\": false, \"step\": 1, \"low\": 1, \"high\": 50}}"}
{"op_code":6,"worker_id":"dfffbc70-3608-41d3-9a85-701c022e6df4-6252032000","trial_id":64,"state":1,"values":[0.7542,2494.4],"datetime_complete":"2026-07-04T05:10:50.382683"}
{"op_code":4,"worker_id":"dfffbc70-3608-41d3-9a85-701c022e6df4-6252032000","study_id":0,"datetime_start":"2026-07-04T05:10:50.402731"}
{"op_code":5,"worker_id":"dfffbc70-3608-41d3-9a85-701c022e6df4-6252032000","trial_id":77,"param_name":"discount_rate","param_value_internal":0.992196618580162,"distribution":"{\"name\": \"FloatDistribution\", \"attributes\": {\"step\": null, \"low\": 0.9, \"high\": 0.999, \"log\": false}}"}
{"op_code":5,"worker_id":"dfffbc70-3608-41d3-9a85-701c022e6df4-6252032000","trial_id":77,"param_name":"m","param_value_internal":5.0,"distribution":"{\"name\": \"IntDistribution\", \"attributes\": {\"log\": false, \"step\": 1, \"low\": 1, \"high\": 50}}"}
{"op_code":6,"worker_id":"dfffbc70-3608-41d3-9a85-701c022e6df4-6235205632","trial_id":68,"state":1,"values":[0.5498,8161.6],"datetime_complete":"2026-07-04T05:14:11.543462"}
{"op_code":4,"worker_id":"dfffbc70-3608-41d3-9a85-701c022e6df4-6235205632","study_id":0,"datetime_start":"2026-07-04T05:14:11.558086"}
{"op_code":5,"worker_id":"dfffbc70-3608-41d3-9a85-701c022e6df4-6235205632","trial_id":78,"param_name":"discount_rate","param_value_internal":0.99297402714884,"distribution":"{\"name\": \"FloatDistribution\", \"attributes\": {\"step\": null, \"low\": 0.9, \"high\": 0.999, \"log\": false}}"}
{"op_code":5,"worker_id":"dfffbc70-3608-41d3-9a85-701c022e6df4-6235205632","trial_id":78,"param_name":"m","param_value_internal":3.0,"distribution":"{\"name\": \"IntDistribution\", \"attributes\": {\"log\": false, \"step\": 1, \"low\": 1, \"high\": 50}}"}
{"op_code":6,"worker_id":"dfffbc70-3608-41d3-9a85-701c022e6df4-6151073792","trial_id":69,"state":1,"values":[0.5478,10000.0],"datetime_complete":"2026-07-04T05:15:26.614305"}
{"op_code":4,"worker_id":"dfffbc70-3608-41d3-9a85-701c022e6df4-6151073792","study_id":0,"datetime_start":"2026-07-04T05:15:26.636267"}
{"op_code":5,"worker_id":"dfffbc70-3608-41d3-9a85-701c022e6df4-6151073792","trial_id":79,"param_name":"discount_rate","param_value_internal":0.9929071574063149,"distribution":"{\"name\": \"FloatDistribution\", \"attributes\": {\"step\": null, \"low\": 0.9, \"high\": 0.999, \"log\": false}}"}
{"op_code":5,"worker_id":"dfffbc70-3608-41d3-9a85-701c022e6df4-6151073792","trial_id":79,"param_name":"m","param_value_internal":4.0,"distribution":"{\"name\": \"IntDistribution\", \"attributes\": {\"log\": false, \"step\": 1, \"low\": 1, \"high\": 50}}"}
{"op_code":6,"worker_id":"dfffbc70-3608-41d3-9a85-701c022e6df4-6336163840","trial_id":71,"state":1,"values":[0.2946,10000.0],"datetime_complete":"2026-07-04T05:20:20.894335"}
{"op_code":4,"worker_id":"dfffbc70-3608-41d3-9a85-701c022e6df4-6336163840","study_id":0,"datetime_start":"2026-07-04T05:20:20.951468"}
{"op_code":5,"worker_id":"dfffbc70-3608-41d3-9a85-701c022e6df4-6336163840","trial_id":80,"param_name":"discount_rate","param_value_internal":0.9921140774592261,"distribution":"{\"name\": \"FloatDistribution\", \"attributes\": {\"step\": null, \"low\": 0.9, \"high\": 0.999, \"log\": false}}"}
{"op_code":5,"worker_id":"dfffbc70-3608-41d3-9a85-701c022e6df4-6336163840","trial_id":80,"param_name":"m","param_value_internal":4.0,"distribution":"{\"name\": \"IntDistribution\", \"attributes\": {\"log\": false, \"step\": 1, \"low\": 1, \"high\": 50}}"}
{"op_code":6,"worker_id":"dfffbc70-3608-41d3-9a85-701c022e6df4-6285684736","trial_id":72,"state":1,"values":[0.1478,10000.0],"datetime_complete":"2026-07-04T05:21:45.218845"}
{"op_code":4,"worker_id":"dfffbc70-3608-41d3-9a85-701c022e6df4-6285684736","study_id":0,"datetime_start":"2026-07-04T05:21:45.239279"}
{"op_code":5,"worker_id":"dfffbc70-3608-41d3-9a85-701c022e6df4-6285684736","trial_id":81,"param_name":"discount_rate","param_value_internal":0.9917272277081615,"distribution":"{\"name\": \"FloatDistribution\", \"attributes\": {\"step\": null, \"low\": 0.9, \"high\": 0.999, \"log\": false}}"}
{"op_code":5,"worker_id":"dfffbc70-3608-41d3-9a85-701c022e6df4-6285684736","trial_id":81,"param_name":"m","param_value_internal":4.0,"distribution":"{\"name\": \"IntDistribution\", \"attributes\": {\"log\": false, \"step\": 1, \"low\": 1, \"high\": 50}}"}
{"op_code":6,"worker_id":"dfffbc70-3608-41d3-9a85-701c022e6df4-6201552896","trial_id":63,"state":1,"values":[0.8916,522.4],"datetime_complete":"2026-07-04T05:23:40.762287"}
{"op_code":4,"worker_id":"dfffbc70-3608-41d3-9a85-701c022e6df4-6201552896","study_id":0,"datetime_start":"2026-07-04T05:23:40.787389"}
{"op_code":5,"worker_id":"dfffbc70-3608-41d3-9a85-701c022e6df4-6201552896","trial_id":82,"param_name":"discount_rate","param_value_internal":0.9925907939037916,"distribution":"{\"name\": \"FloatDistribution\", \"attributes\": {\"step\": null, \"low\": 0.9, \"high\": 0.999, \"log\": false}}"}
{"op_code":5,"worker_id":"dfffbc70-3608-41d3-9a85-701c022e6df4-6201552896","trial_id":82,"param_name":"m","param_value_internal":5.0,"distribution":"{\"name\": \"IntDistribution\", \"attributes\": {\"log\": false, \"step\": 1, \"low\": 1, \"high\": 50}}"}
{"op_code":6,"worker_id":"dfffbc70-3608-41d3-9a85-701c022e6df4-6302511104","trial_id":65,"state":1,"values":[0.885,536.6],"datetime_complete":"2026-07-04T05:26:04.997449"}
{"op_code":4,"worker_id":"dfffbc70-3608-41d3-9a85-701c022e6df4-6302511104","study_id":0,"datetime_start":"2026-07-04T05:26:05.017214"}
{"op_code":5,"worker_id":"dfffbc70-3608-41d3-9a85-701c022e6df4-6302511104","trial_id":83,"param_name":"discount_rate","param_value_internal":0.9923938382841806,"distribution":"{\"name\": \"FloatDistribution\", \"attributes\": {\"step\": null, \"low\": 0.9, \"high\": 0.999, \"log\": false}}"}
{"op_code":5,"worker_id":"dfffbc70-3608-41d3-9a85-701c022e6df4-6302511104","trial_id":83,"param_name":"m","param_value_internal":5.0,"distribution":"{\"name\": \"IntDistribution\", \"attributes\": {\"log\": false, \"step\": 1, \"low\": 1, \"high\": 50}}"}
{"op_code":6,"worker_id":"dfffbc70-3608-41d3-9a85-701c022e6df4-6319337472","trial_id":66,"state":1,"values":[0.8984,667.0],"datetime_complete":"2026-07-04T05:29:13.454712"}
{"op_code":4,"worker_id":"dfffbc70-3608-41d3-9a85-701c022e6df4-6319337472","study_id":0,"datetime_start":"2026-07-04T05:29:13.470581"}
{"op_code":5,"worker_id":"dfffbc70-3608-41d3-9a85-701c022e6df4-6319337472","trial_id":84,"param_name":"discount_rate","param_value_internal":0.9813622917810707,"distribution":"{\"name\": \"FloatDistribution\", \"attributes\": {\"step\": null, \"low\": 0.9, \"high\": 0.999, \"log\": false}}"}
{"op_code":5,"worker_id":"dfffbc70-3608-41d3-9a85-701c022e6df4-6319337472","trial_id":84,"param_name":"m","param_value_internal":5.0,"distribution":"{\"name\": \"IntDistribution\", \"attributes\": {\"log\": false, \"step\": 1, \"low\": 1, \"high\": 50}}"}
{"op_code":6,"worker_id":"dfffbc70-3608-41d3-9a85-701c022e6df4-6268858368","trial_id":73,"state":1,"values":[0.328,10000.0],"datetime_complete":"2026-07-04T05:37:57.640385"}
{"op_code":4,"worker_id":"dfffbc70-3608-41d3-9a85-701c022e6df4-6268858368","study_id":0,"datetime_start":"2026-07-04T05:37:57.665549"}
{"op_code":5,"worker_id":"dfffbc70-3608-41d3-9a85-701c022e6df4-6268858368","trial_id":85,"param_name":"discount_rate","param_value_internal":0.9920870267191468,"distribution":"{\"name\": \"FloatDistribution\", \"attributes\": {\"step\": null, \"low\": 0.9, \"high\": 0.999, \"log\": false}}"}
{"op_code":5,"worker_id":"dfffbc70-3608-41d3-9a85-701c022e6df4-6268858368","trial_id":85,"param_name":"m","param_value_internal":5.0,"distribution":"{\"name\": \"IntDistribution\", \"attributes\": {\"log\": false, \"step\": 1, \"low\": 1, \"high\": 50}}"}
{"op_code":6,"worker_id":"dfffbc70-3608-41d3-9a85-701c022e6df4-6184726528","trial_id":74,"state":1,"values":[0.5228,10000.0],"datetime_complete":"2026-07-04T05:41:41.696191"}
{"op_code":4,"worker_id":"dfffbc70-3608-41d3-9a85-701c022e6df4-6184726528","study_id":0,"datetime_start":"2026-07-04T05:41:41.726199"}
{"op_code":5,"worker_id":"dfffbc70-3608-41d3-9a85-701c022e6df4-6184726528","trial_id":86,"param_name":"discount_rate","param_value_internal":0.992136015120165,"distribution":"{\"name\": \"FloatDistribution\", \"attributes\": {\"step\": null, \"low\": 0.9, \"high\": 0.999, \"log\": false}}"}
{"op_code":5,"worker_id":"dfffbc70-3608-41d3-9a85-701c022e6df4-6184726528","trial_id":86,"param_name":"m","param_value_internal":4.0,"distribution":"{\"name\": \"IntDistribution\", \"attributes\": {\"log\": false, \"step\": 1, \"low\": 1, \"high\": 50}}"}
{"op_code":6,"worker_id":"dfffbc70-3608-41d3-9a85-701c022e6df4-6218379264","trial_id":75,"state":1,"values":[0.5558,9231.0],"datetime_complete":"2026-07-04T05:45:20.183447"}
{"op_code":4,"worker_id":"dfffbc70-3608-41d3-9a85-701c022e6df4-6218379264","study_id":0,"datetime_start":"2026-07-04T05:45:20.197630"}
{"op_code":5,"worker_id":"dfffbc70-3608-41d3-9a85-701c022e6df4-6218379264","trial_id":87,"param_name":"discount_rate","param_value_internal":0.9915077868364444,"distribution":"{\"name\": \"FloatDistribution\", \"attributes\": {\"step\": null, \"low\": 0.9, \"high\": 0.999, \"log\": false}}"}
{"op_code":5,"worker_id":"dfffbc70-3608-41d3-9a85-701c022e6df4-6218379264","trial_id":87,"param_name":"m","param_value_internal":12.0,"distribution":"{\"name\": \"IntDistribution\", \"attributes\": {\"log\": false, \"step\": 1, \"low\": 1, \"high\": 50}}"}
{"op_code":6,"worker_id":"dfffbc70-3608-41d3-9a85-701c022e6df4-6252032000","trial_id":77,"state":1,"values":[0.779,2319.6],"datetime_complete":"2026-07-04T06:04:08.263846"}
{"op_code":4,"worker_id":"dfffbc70-3608-41d3-9a85-701c022e6df4-6252032000","study_id":0,"datetime_start":"2026-07-04T06:04:08.286294"}
{"op_code":5,"worker_id":"dfffbc70-3608-41d3-9a85-701c022e6df4-6252032000","trial_id":88,"param_name":"discount_rate","param_value_internal":0.9913884657015104,"distribution":"{\"name\": \"FloatDistribution\", \"attributes\": {\"step\": null, \"low\": 0.9, \"high\": 0.999, \"log\": false}}"}
{"op_code":5,"worker_id":"dfffbc70-3608-41d3-9a85-701c022e6df4-6252032000","trial_id":88,"param_name":"m","param_value_internal":15.0,"distribution":"{\"name\": \"IntDistribution\", \"attributes\": {\"log\": false, \"step\": 1, \"low\": 1, \"high\": 50}}"}
{"op_code":6,"worker_id":"dfffbc70-3608-41d3-9a85-701c022e6df4-6167900160","trial_id":76,"state":1,"values":[0.8444,483.2],"datetime_complete":"2026-07-04T06:06:41.725928"}
{"op_code":4,"worker_id":"dfffbc70-3608-41d3-9a85-701c022e6df4-6167900160","study_id":0,"datetime_start":"2026-07-04T06:06:41.746595"}
{"op_code":5,"worker_id":"dfffbc70-3608-41d3-9a85-701c022e6df4-6167900160","trial_id":89,"param_name":"discount_rate","param_value_internal":0.9923200328974274,"distribution":"{\"name\": \"FloatDistribution\", \"attributes\": {\"step\": null, \"low\": 0.9, \"high\": 0.999, \"log\": false}}"}
{"op_code":5,"worker_id":"dfffbc70-3608-41d3-9a85-701c022e6df4-6167900160","trial_id":89,"param_name":"m","param_value_internal":12.0,"distribution":"{\"name\": \"IntDistribution\", \"attributes\": {\"log\": false, \"step\": 1, \"low\": 1, \"high\": 50}}"}
{"op_code":6,"worker_id":"dfffbc70-3608-41d3-9a85-701c022e6df4-6151073792","trial_id":79,"state":1,"values":[0.6346,6156.4],"datetime_complete":"2026-07-04T06:08:47.305996"}
{"op_code":4,"worker_id":"dfffbc70-3608-41d3-9a85-701c022e6df4-6151073792","study_id":0,"datetime_start":"2026-07-04T06:08:47.322874"}
{"op_code":5,"worker_id":"dfffbc70-3608-41d3-9a85-701c022e6df4-6151073792","trial_id":90,"param_name":"discount_rate","param_value_internal":0.9399084099380207,"distribution":"{\"name\": \"FloatDistribution\", \"attributes\": {\"step\": null, \"low\": 0.9, \"high\": 0.999, \"log\": false}}"}
{"op_code":5,"worker_id":"dfffbc70-3608-41d3-9a85-701c022e6df4-6151073792","trial_id":90,"param_name":"m","param_value_internal":12.0,"distribution":"{\"name\": \"IntDistribution\", \"attributes\": {\"log\": false, \"step\": 1, \"low\": 1, \"high\": 50}}"}
{"op_code":6,"worker_id":"dfffbc70-3608-41d3-9a85-701c022e6df4-6235205632","trial_id":78,"state":1,"values":[0.7422,2259.2],"datetime_complete":"2026-07-04T06:12:48.408327"}
{"op_code":4,"worker_id":"dfffbc70-3608-41d3-9a85-701c022e6df4-6235205632","study_id":0,"datetime_start":"2026-07-04T06:12:48.426446"}
{"op_code":5,"worker_id":"dfffbc70-3608-41d3-9a85-701c022e6df4-6235205632","trial_id":91,"param_name":"discount_rate","param_value_internal":0.9803429723706144,"distribution":"{\"name\": \"FloatDistribution\", \"attributes\": {\"step\": null, \"low\": 0.9, \"high\": 0.999, \"log\": false}}"}
{"op_code":5,"worker_id":"dfffbc70-3608-41d3-9a85-701c022e6df4-6235205632","trial_id":91,"param_name":"m","param_value_internal":12.0,"distribution":"{\"name\": \"IntDistribution\", \"attributes\": {\"log\": false, \"step\": 1, \"low\": 1, \"high\": 50}}"}
{"op_code":6,"worker_id":"dfffbc70-3608-41d3-9a85-701c022e6df4-6285684736","trial_id":81,"state":1,"values":[0.5648,6245.2],"datetime_complete":"2026-07-04T06:12:58.433787"}
{"op_code":4,"worker_id":"dfffbc70-3608-41d3-9a85-701c022e6df4-6285684736","study_id":0,"datetime_start":"2026-07-04T06:12:58.451408"}
{"op_code":5,"worker_id":"dfffbc70-3608-41d3-9a85-701c022e6df4-6285684736","trial_id":92,"param_name":"discount_rate","param_value_internal":0.9811648302296221,"distribution":"{\"name\": \"FloatDistribution\", \"attributes\": {\"step\": null, \"low\": 0.9, \"high\": 0.999, \"log\": false}}"}
{"op_code":5,"worker_id":"dfffbc70-3608-41d3-9a85-701c022e6df4-6285684736","trial_id":92,"param_name":"m","param_value_internal":12.0,"distribution":"{\"name\": \"IntDistribution\", \"attributes\": {\"log\": false, \"step\": 1, \"low\": 1, \"high\": 50}}"}
{"op_code":6,"worker_id":"dfffbc70-3608-41d3-9a85-701c022e6df4-6336163840","trial_id":80,"state":1,"values":[0.7442,4364.2],"datetime_complete":"2026-07-04T06:17:33.650499"}
{"op_code":4,"worker_id":"dfffbc70-3608-41d3-9a85-701c022e6df4-6336163840","study_id":0,"datetime_start":"2026-07-04T06:17:33.670386"}
{"op_code":5,"worker_id":"dfffbc70-3608-41d3-9a85-701c022e6df4-6336163840","trial_id":93,"param_name":"discount_rate","param_value_internal":0.9518894820549025,"distribution":"{\"name\": \"FloatDistribution\", \"attributes\": {\"step\": null, \"low\": 0.9, \"high\": 0.999, \"log\": false}}"}
{"op_code":5,"worker_id":"dfffbc70-3608-41d3-9a85-701c022e6df4-6336163840","trial_id":93,"param_name":"m","param_value_internal":12.0,"distribution":"{\"name\": \"IntDistribution\", \"attributes\": {\"log\": false, \"step\": 1, \"low\": 1, \"high\": 50}}"}
{"op_code":6,"worker_id":"dfffbc70-3608-41d3-9a85-701c022e6df4-6319337472","trial_id":84,"state":1,"values":[0.6442,5225.2],"datetime_complete":"2026-07-04T06:18:51.117583"}
{"op_code":4,"worker_id":"dfffbc70-3608-41d3-9a85-701c022e6df4-6319337472","study_id":0,"datetime_start":"2026-07-04T06:18:51.139305"}
{"op_code":5,"worker_id":"dfffbc70-3608-41d3-9a85-701c022e6df4-6319337472","trial_id":94,"param_name":"discount_rate","param_value_internal":0.9596679455395195,"distribution":"{\"name\": \"FloatDistribution\", \"attributes\": {\"step\": null, \"low\": 0.9, \"high\": 0.999, \"log\": false}}"}
{"op_code":5,"worker_id":"dfffbc70-3608-41d3-9a85-701c022e6df4-6319337472","trial_id":94,"param_name":"m","param_value_internal":12.0,"distribution":"{\"name\": \"IntDistribution\", \"attributes\": {\"log\": false, \"step\": 1, \"low\": 1, \"high\": 50}}"}
{"op_code":6,"worker_id":"dfffbc70-3608-41d3-9a85-701c022e6df4-6201552896","trial_id":82,"state":1,"values":[0.787,2352.0],"datetime_complete":"2026-07-04T06:19:52.960862"}
{"op_code":4,"worker_id":"dfffbc70-3608-41d3-9a85-701c022e6df4-6201552896","study_id":0,"datetime_start":"2026-07-04T06:19:52.991640"}
{"op_code":5,"worker_id":"dfffbc70-3608-41d3-9a85-701c022e6df4-6201552896","trial_id":95,"param_name":"discount_rate","param_value_internal":0.9410180190192214,"distribution":"{\"name\": \"FloatDistribution\", \"attributes\": {\"step\": null, \"low\": 0.9, \"high\": 0.999, \"log\": false}}"}
{"op_code":5,"worker_id":"dfffbc70-3608-41d3-9a85-701c022e6df4-6201552896","trial_id":95,"param_name":"m","param_value_internal":12.0,"distribution":"{\"name\": \"IntDistribution\", \"attributes\": {\"log\": false, \"step\": 1, \"low\": 1, \"high\": 50}}"}
{"op_code":6,"worker_id":"dfffbc70-3608-41d3-9a85-701c022e6df4-6302511104","trial_id":83,"state":1,"values":[0.75,2903.2],"datetime_complete":"2026-07-04T06:22:28.350260"}
{"op_code":4,"worker_id":"dfffbc70-3608-41d3-9a85-701c022e6df4-6302511104","study_id":0,"datetime_start":"2026-07-04T06:22:28.372836"}
{"op_code":5,"worker_id":"dfffbc70-3608-41d3-9a85-701c022e6df4-6302511104","trial_id":96,"param_name":"discount_rate","param_value_internal":0.965709092387027,"distribution":"{\"name\": \"FloatDistribution\", \"attributes\": {\"step\": null, \"low\": 0.9, \"high\": 0.999, \"log\": false}}"}
{"op_code":5,"worker_id":"dfffbc70-3608-41d3-9a85-701c022e6df4-6302511104","trial_id":96,"param_name":"m","param_value_internal":12.0,"distribution":"{\"name\": \"IntDistribution\", \"attributes\": {\"log\": false, \"step\": 1, \"low\": 1, \"high\": 50}}"}
{"op_code":6,"worker_id":"dfffbc70-3608-41d3-9a85-701c022e6df4-6268858368","trial_id":85,"state":1,"values":[0.758,2403.6],"datetime_complete":"2026-07-04T06:33:35.959658"}
{"op_code":4,"worker_id":"dfffbc70-3608-41d3-9a85-701c022e6df4-6268858368","study_id":0,"datetime_start":"2026-07-04T06:33:35.973903"}
{"op_code":5,"worker_id":"dfffbc70-3608-41d3-9a85-701c022e6df4-6268858368","trial_id":97,"param_name":"discount_rate","param_value_internal":0.9615367253653907,"distribution":"{\"name\": \"FloatDistribution\", \"attributes\": {\"step\": null, \"low\": 0.9, \"high\": 0.999, \"log\": false}}"}
{"op_code":5,"worker_id":"dfffbc70-3608-41d3-9a85-701c022e6df4-6268858368","trial_id":97,"param_name":"m","param_value_internal":12.0,"distribution":"{\"name\": \"IntDistribution\", \"attributes\": {\"log\": false, \"step\": 1, \"low\": 1, \"high\": 50}}"}
{"op_code":6,"worker_id":"dfffbc70-3608-41d3-9a85-701c022e6df4-6184726528","trial_id":86,"state":1,"values":[0.7462,4231.8],"datetime_complete":"2026-07-04T06:41:05.141511"}
{"op_code":4,"worker_id":"dfffbc70-3608-41d3-9a85-701c022e6df4-6184726528","study_id":0,"datetime_start":"2026-07-04T06:41:05.159152"}
{"op_code":5,"worker_id":"dfffbc70-3608-41d3-9a85-701c022e6df4-6184726528","trial_id":98,"param_name":"discount_rate","param_value_internal":0.9628116249478917,"distribution":"{\"name\": \"FloatDistribution\", \"attributes\": {\"step\": null, \"low\": 0.9, \"high\": 0.999, \"log\": false}}"}
{"op_code":5,"worker_id":"dfffbc70-3608-41d3-9a85-701c022e6df4-6184726528","trial_id":98,"param_name":"m","param_value_internal":12.0,"distribution":"{\"name\": \"IntDistribution\", \"attributes\": {\"log\": false, \"step\": 1, \"low\": 1, \"high\": 50}}"}
{"op_code":6,"worker_id":"dfffbc70-3608-41d3-9a85-701c022e6df4-6218379264","trial_id":87,"state":1,"values":[0.7706,2607.8],"datetime_complete":"2026-07-04T06:45:36.649487"}
{"op_code":4,"worker_id":"dfffbc70-3608-41d3-9a85-701c022e6df4-6218379264","study_id":0,"datetime_start":"2026-07-04T06:45:36.665177"}
{"op_code":5,"worker_id":"dfffbc70-3608-41d3-9a85-701c022e6df4-6218379264","trial_id":99,"param_name":"discount_rate","param_value_internal":0.9557245889730657,"distribution":"{\"name\": \"FloatDistribution\", \"attributes\": {\"step\": null, \"low\": 0.9, \"high\": 0.999, \"log\": false}}"}
{"op_code":5,"worker_id":"dfffbc70-3608-41d3-9a85-701c022e6df4-6218379264","trial_id":99,"param_name":"m","param_value_internal":15.0,"distribution":"{\"name\": \"IntDistribution\", \"attributes\": {\"log\": false, \"step\": 1, \"low\": 1, \"high\": 50}}"}
{"op_code":6,"worker_id":"dfffbc70-3608-41d3-9a85-701c022e6df4-6151073792","trial_id":90,"state":1,"values":[0.5946,8572.8],"datetime_complete":"2026-07-04T06:56:54.433059"}
{"op_code":6,"worker_id":"dfffbc70-3608-41d3-9a85-701c022e6df4-6252032000","trial_id":88,"state":1,"values":[0.7752,2770.2],"datetime_complete":"2026-07-04T07:02:30.437473"}
{"op_code":6,"worker_id":"dfffbc70-3608-41d3-9a85-701c022e6df4-6336163840","trial_id":93,"state":1,"values":[0.6128,7654.8],"datetime_complete":"2026-07-04T07:03:44.245736"}
{"op_code":6,"worker_id":"dfffbc70-3608-41d3-9a85-701c022e6df4-6235205632","trial_id":91,"state":1,"values":[0.6992,3039.4],"datetime_complete":"2026-07-04T07:04:15.961985"}
{"op_code":6,"worker_id":"dfffbc70-3608-41d3-9a85-701c022e6df4-6285684736","trial_id":92,"state":1,"values":[0.6988,4561.4],"datetime_complete":"2026-07-04T07:04:22.418696"}
{"op_code":6,"worker_id":"dfffbc70-3608-41d3-9a85-701c022e6df4-6201552896","trial_id":95,"state":1,"values":[0.5846,8319.6],"datetime_complete":"2026-07-04T07:04:47.768885"}
{"op_code":6,"worker_id":"dfffbc70-3608-41d3-9a85-701c022e6df4-6319337472","trial_id":94,"state":1,"values":[0.6584,5485.8],"datetime_complete":"2026-07-04T07:05:05.728220"}
{"op_code":6,"worker_id":"dfffbc70-3608-41d3-9a85-701c022e6df4-6167900160","trial_id":89,"state":1,"values":[0.8116,814.6],"datetime_complete":"2026-07-04T07:05:12.281645"}
{"op_code":6,"worker_id":"dfffbc70-3608-41d3-9a85-701c022e6df4-6302511104","trial_id":96,"state":1,"values":[0.6312,6412.6],"datetime_complete":"2026-07-04T07:05:58.030587"}
{"op_code":6,"worker_id":"dfffbc70-3608-41d3-9a85-701c022e6df4-6268858368","trial_id":97,"state":1,"values":[0.6212,4924.0],"datetime_complete":"2026-07-04T07:07:49.062696"}
{"op_code":6,"worker_id":"dfffbc70-3608-41d3-9a85-701c022e6df4-6184726528","trial_id":98,"state":1,"values":[0.626,6626.4],"datetime_complete":"2026-07-04T07:08:29.965512"}
{"op_code":6,"worker_id":"dfffbc70-3608-41d3-9a85-701c022e6df4-6218379264","trial_id":99,"state":1,"values":[0.7066,3508.4],"datetime_complete":"2026-07-04T07:09:05.664409"}
